addons\common\cards\C_2.tga
addons\common\cards\C_3.tga
addons\common\cards\C_4.tga
addons\common\cards\C_5.tga
addons\common\cards\C_6.tga
addons\common\cards\C_7.tga
addons\common\cards\C_8.tga
addons\common\cards\C_9.tga
addons\common\cards\C_A.tga
addons\common\cards\C_J.tga
addons\common\cards\C_K.tga
addons\common\cards\C_Q.tga
addons\common\cards\C_T.tga
addons\common\cards\D_2.tga
addons\common\cards\D_3.tga
addons\common\cards\D_4.tga
addons\common\cards\D_5.tga
addons\common\cards\D_6.tga
addons\common\cards\D_7.tga
addons\common\cards\D_8.tga
addons\common\cards\D_9.tga
addons\common\cards\D_A.tga
addons\common\cards\D_J.tga
addons\common\cards\D_K.tga
addons\common\cards\D_Q.tga
addons\common\cards\D_T.tga
addons\common\cards\hlcardback.tga
addons\common\cards\H_2.tga
addons\common\cards\H_3.tga
addons\common\cards\H_4.tga
addons\common\cards\H_5.tga
addons\common\cards\H_6.tga
addons\common\cards\H_7.tga
addons\common\cards\H_8.tga
addons\common\cards\H_9.tga
addons\common\cards\H_A.tga
addons\common\cards\H_J.tga
addons\common\cards\H_K.tga
addons\common\cards\H_Q.tga
addons\common\cards\H_T.tga
addons\common\cards\S_2.tga
addons\common\cards\S_3.tga
addons\common\cards\S_4.tga
addons\common\cards\S_5.tga
addons\common\cards\S_6.tga
addons\common\cards\S_7.tga
addons\common\cards\S_8.tga
addons\common\cards\S_9.tga
addons\common\cards\S_A.tga
addons\common\cards\S_J.tga
addons\common\cards\S_K.tga
addons\common\cards\S_Q.tga
addons\common\cards\S_T.tga
addons\common\turn_arrow_down.tga
addons\common\turn_arrow_left.tga
addons\common\turn_arrow_right.tga
addons\common\turn_arrow_up.tga
addons\spades\Spades.dll
addons\spades\spades.vdf
addons\spades\SpadesGameDialog.res
addons\spades\SpadesSetupDialog.res
addons\spades\spades_english.txt

