addons\checkers\Checkers.dll
addons\checkers\checkers.vdf
addons\checkers\checkers_chinese.txt
addons\checkers\checkers_english.txt
addons\checkers\checkers_french.txt
addons\checkers\checkers_german.txt
addons\checkers\checkers_italian.txt
addons\checkers\checkers_korean.txt
addons\checkers\checkers_spanish.txt
addons\checkers\DialogCheckersHistory.res
addons\checkers\DialogGameCheckers.res
addons\checkers\piece_red.tga
addons\checkers\piece_red_king.tga
addons\checkers\piece_white.tga
addons\checkers\piece_white_king.tga
addons\common\AddOnDialogWaiting.res
addons\common\board_checkered_LL.tga
addons\common\board_checkered_LR.tga
addons\common\board_checkered_UL.tga
addons\common\board_checkered_UR.tga
addons\common\DialogColorChoice.res
addons\common\DialogWaiting.res
addons\common\piece_black_move.tga
addons\common\piece_blank_selected.tga
addons\common\piece_red_lastmove.tga
addons\common\piece_red_move.tga
addons\common\piece_red_selected.tga
addons\common\piece_white_move.tga
addons\common\player_red_marker.tga
addons\common\player_white_marker.tga
addons\common\SteamAddOns_chinese.txt
addons\common\SteamAddOns_english.txt
addons\common\SteamAddOns_french.txt
addons\common\SteamAddOns_german.txt
addons\common\SteamAddOns_italian.txt
addons\common\SteamAddOns_korean.txt
addons\common\SteamAddOns_spanish.txt
addons\common\turn_marker.tga
addons\common\TwoPlayerColorChoiceDialog.res

