 dbmon

 Timestamp is 5c5b7f89 (Wed Feb 06 19:44:57 2019)

 Preferred load address is 00400000

 Start         Length     Name                   Class
 0001:00000000 0000b374H .text$mn                CODE
 0002:00000000 00000110H .idata$5                DATA
 0002:00000110 00000004H .CRT$XCA                DATA
 0002:00000114 00000004H .CRT$XCZ                DATA
 0002:00000118 00000004H .CRT$XIA                DATA
 0002:0000011c 00000010H .CRT$XIC                DATA
 0002:0000012c 00000004H .CRT$XIY                DATA
 0002:00000130 00000004H .CRT$XIZ                DATA
 0002:00000134 00000004H .CRT$XPA                DATA
 0002:00000138 00000008H .CRT$XPX                DATA
 0002:00000140 00000004H .CRT$XPXA               DATA
 0002:00000144 00000004H .CRT$XPZ                DATA
 0002:00000148 00000004H .CRT$XTA                DATA
 0002:0000014c 00000004H .CRT$XTZ                DATA
 0002:00000150 00003e60H .rdata                  DATA
 0002:00003fb0 00000084H .rdata$debug            DATA
 0002:00004034 00000004H .rtc$IAA                DATA
 0002:00004038 00000004H .rtc$IZZ                DATA
 0002:0000403c 00000004H .rtc$TAA                DATA
 0002:00004040 00000004H .rtc$TZZ                DATA
 0002:00004048 00000354H .xdata$x                DATA
 0002:0000439c 00000000H .edata                  DATA
 0002:0000439c 0000003cH .idata$2                DATA
 0002:000043d8 00000014H .idata$3                DATA
 0002:000043ec 00000110H .idata$4                DATA
 0002:000044fc 000004feH .idata$6                DATA
 0003:00000000 000010dcH .data                   DATA
 0003:000010e0 00001e5cH .bss                    DATA

  Address         Publics by Value              Rva+Base       Lib:Object

 0000:00000000       __except_list              00000000     <absolute>
 0000:00000000       ___guard_fids_count        00000000     <absolute>
 0000:00000000       ___safe_se_handler_count   00000000     <absolute>
 0000:00000000       ___guard_flags             00000000     <absolute>
 0000:00000000       ___guard_fids_table        00000000     <absolute>
 0000:00000000       ___safe_se_handler_table   00000000     <absolute>
 0000:00000000       ___ImageBase               00400000     <linker-defined>
 0001:00000000       _main                      00401000 f   dbmon.obj
 0001:000001f0       ?MakeModuleFileName@@YAPBDXZ 004011f0 f   memoverride.obj
 0001:00000280       __calloc_base              00401280 f   memoverride.obj
 0001:000002f0       __calloc_crt               004012f0 f   memoverride.obj
 0001:00000310       __heap_init                00401310 f   memoverride.obj
 0001:00000320       _malloc                    00401320 f   memoverride.obj
 0001:00000320       __malloc_crt               00401320 f   memoverride.obj
 0001:00000370       __msize                    00401370 f   memoverride.obj
 0001:00000390       __realloc_crt              00401390 f   memoverride.obj
 0001:000003e0       _free                      004013e0 f   memoverride.obj
 0001:000003f4       ___crtCorExitProcess       004013f4 f   LIBCMT:crt0dat.obj
 0001:00000428       ___crtExitProcess          00401428 f   LIBCMT:crt0dat.obj
 0001:0000043e       __amsg_exit                0040143e f   LIBCMT:crt0dat.obj
 0001:0000045a       __c_exit                   0040145a f   LIBCMT:crt0dat.obj
 0001:00000469       __cexit                    00401469 f   LIBCMT:crt0dat.obj
 0001:00000478       __cinit                    00401478 f   LIBCMT:crt0dat.obj
 0001:000004fc       __exit                     004014fc f   LIBCMT:crt0dat.obj
 0001:00000510       __init_pointers            00401510 f   LIBCMT:crt0dat.obj
 0001:0000057e       __initterm_e               0040157e f   LIBCMT:crt0dat.obj
 0001:000005a0       __lockexit                 004015a0 f   LIBCMT:crt0dat.obj
 0001:000005a9       __unlockexit               004015a9 f   LIBCMT:crt0dat.obj
 0001:000006e1       _exit                      004016e1 f   LIBCMT:crt0dat.obj
 0001:000006f5       ___initstdio               004016f5 f   LIBCMT:_file.obj
 0001:00000768       ___endstdio                00401768 f   LIBCMT:_file.obj
 0001:0000078f       ___iob_func                0040178f f   LIBCMT:_file.obj
 0001:00000795       __lock_file                00401795 f   LIBCMT:_file.obj
 0001:000007d4       __lock_file2               004017d4 f   LIBCMT:_file.obj
 0001:00000804       __unlock_file              00401804 f   LIBCMT:_file.obj
 0001:0000083e       __unlock_file2             0040183e f   LIBCMT:_file.obj
 0001:0000086b       _fprintf                   0040186b f   LIBCMT:fprintf.obj
 0001:0000097d       __get_printf_count_output  0040197d f   LIBCMT:printf.obj
 0001:00000992       _printf                    00401992 f   LIBCMT:printf.obj
 0001:00000a41       __fputchar                 00401a41 f   LIBCMT:fputchar.obj
 0001:00000a59       _putchar                   00401a59 f   LIBCMT:fputchar.obj
 0001:00000a70       _strrchr                   00401a70 f   LIBCMT:strrchr.obj
 0001:00000bb0       _memcpy                    00401bb0 f   LIBCMT:memcpy.obj
 0001:00001200       _memset                    00402200 f   LIBCMT:memset.obj
 0001:0000140b       _mainCRTStartup            0040240b f   LIBCMT:crt0.obj
 0001:00001415       __call_reportfault         00402415 f   LIBCMT:invarg.obj
 0001:0000153a       __initp_misc_invarg        0040253a f   LIBCMT:invarg.obj
 0001:00001547       __invalid_parameter        00402547 f   LIBCMT:invarg.obj
 0001:00001572       __invalid_parameter_noinfo 00402572 f   LIBCMT:invarg.obj
 0001:00001582       __invoke_watson            00402582 f   LIBCMT:invarg.obj
 0001:000015ad       __RTC_Initialize           004025ad f   LIBCMT:initsect.obj
 0001:000015cd       __RTC_Terminate            004025cd f   LIBCMT:initsect.obj
 0001:000015ed       __lock                     004025ed f   LIBCMT:mlock.obj
 0001:00001621       __mtdeletelocks            00402621 f   LIBCMT:mlock.obj
 0001:00001675       __mtinitlocknum            00402675 f   LIBCMT:mlock.obj
 0001:0000171e       __mtinitlocks              0040271e f   LIBCMT:mlock.obj
 0001:00001757       __unlock                   00402757 f   LIBCMT:mlock.obj
 0001:0000176c       ___crtFlsAlloc             0040276c f   LIBCMT:winapisupp.obj
 0001:0000178a       ___crtFlsFree              0040278a f   LIBCMT:winapisupp.obj
 0001:000017a9       ___crtFlsGetValue          004027a9 f   LIBCMT:winapisupp.obj
 0001:000017c8       ___crtFlsSetValue          004027c8 f   LIBCMT:winapisupp.obj
 0001:000017ea       ___crtInitializeCriticalSectionEx 004027ea f   LIBCMT:winapisupp.obj
 0001:00001818       ___crtIsPackagedApp        00402818 f   LIBCMT:winapisupp.obj
 0001:00001858       ___crtLoadWinApiPointers   00402858 f   LIBCMT:winapisupp.obj
 0001:00001ae3       ___crtSetUnhandledExceptionFilter 00402ae3 f   LIBCMT:winapisupp.obj
 0001:00001af1       ___crtTerminateProcess     00402af1 f   LIBCMT:winapisupp.obj
 0001:00001b06       ___crtUnhandledException   00402b06 f   LIBCMT:winapisupp.obj
 0001:00001b1c       __FF_MSGBANNER             00402b1c f   LIBCMT:crt0msg.obj
 0001:00001b55       __GET_RTERRMSG             00402b55 f   LIBCMT:crt0msg.obj
 0001:00001b79       __NMSG_WRITE               00402b79 f   LIBCMT:crt0msg.obj
 0001:00001d36       ___doserrno                00402d36 f   LIBCMT:dosmap.obj
 0001:00001d49       __dosmaperr                00402d49 f   LIBCMT:dosmap.obj
 0001:00001d6a       __errno                    00402d6a f   LIBCMT:dosmap.obj
 0001:00001d7d       __get_errno_from_oserr     00402d7d f   LIBCMT:dosmap.obj
 0001:00001dc0       __FindPESection            00402dc0 f   LIBCMT:pesect.obj
 0001:00001e10       __IsNonwritableInCurrentImage 00402e10 f   LIBCMT:pesect.obj
 0001:00001ed0       __ValidateImageBase        00402ed0 f   LIBCMT:pesect.obj
 0001:00001f01       ___onexitinit              00402f01 f   LIBCMT:onexit.obj
 0001:00001f30       __onexit                   00402f30 f   LIBCMT:onexit.obj
 0001:0000202c       _atexit                    0040302c f   LIBCMT:onexit.obj
 0001:00002041       __initp_misc_cfltcvt_tab   00403041 f   LIBCMT:cmiscdat.obj
 0001:00002060       ?terminate@@YAXXZ          00403060 f   LIBCMT:hooks.obj
 0001:00002094       __initp_eh_hooks           00403094 f   LIBCMT:hooks.obj
 0001:000020a5       __initp_heap_handler       004030a5 f   LIBCMT:handler.obj
 0001:000020b2       __initp_misc_purevirt      004030b2 f   LIBCMT:inithelp.obj
 0001:000020bf       ___get_sigabrt             004030bf f   LIBCMT:winsig.obj
 0001:000020cc       __initp_misc_winsig        004030cc f   LIBCMT:winsig.obj
 0001:000020e8       _raise                     004030e8 f   LIBCMT:winsig.obj
 0001:000022dd       __initp_misc_rand_s        004032dd f   LIBCMT:rand_s.obj
 0001:000022f0       __SEH_prolog4              004032f0 f   LIBCMT:sehprolg4.obj
 0001:00002335       __SEH_epilog4              00403335 f   LIBCMT:sehprolg4.obj
 0001:00002350       __except_handler4          00403350 f   LIBCMT:chandler4.obj
 0001:000024e4       ___initmbctable            004034e4 f   LIBCMT:mbctype.obj
 0001:00002502       ??0_LocaleUpdate@@QAE@PAUlocaleinfo_struct@@@Z 00403502 f i LIBCMT:mbctype.obj
 0001:00002823       ___updatetmbcinfo          00403823 f   LIBCMT:mbctype.obj
 0001:000028c9       __setmbcp                  004038c9 f   LIBCMT:mbctype.obj
 0001:00002a71       __setmbcp_nolock           00403a71 f   LIBCMT:mbctype.obj
 0001:00002c5c       __ftbuf                    00403c5c f   LIBCMT:_sftbuf.obj
 0001:00002c8d       __stbuf                    00403c8d f   LIBCMT:_sftbuf.obj
 0001:00002d33       __fcloseall                00403d33 f   LIBCMT:closeall.obj
 0001:00002dd0       __fflush_nolock            00403dd0 f   LIBCMT:fflush.obj
 0001:00002e16       __flush                    00403e16 f   LIBCMT:fflush.obj
 0001:00002e7a       __flushall                 00403e7a f   LIBCMT:fflush.obj
 0001:00002f67       __fileno                   00403f67 f   LIBCMT:fileno.obj
 0001:00002f8b       __output_l                 00403f8b f   LIBCMT:output.obj
 0001:00003bf7       __ioinit                   00404bf7 f   LIBCMT:ioinit.obj
 0001:00003eab       _putc                      00404eab f   LIBCMT:fputc.obj
 0001:00003fac       ___isa_available_init      00404fac f   LIBCMT:cpu_disp.obj
 0001:00004130       _memmove                   00405130 f   LIBCMT:memmove.obj
 0001:00004774       __flsbuf                   00405774 f   LIBCMT:_flsbuf.obj
 0001:000048c3       __VEC_memset               004058c3 f   LIBCMT:p4_memset.obj
 0001:0000498b       ?__CxxUnhandledExceptionFilter@@YGJPAU_EXCEPTION_POINTERS@@@Z 0040598b f   LIBCMT:unhandld.obj
 0001:000049cc       ___CxxSetUnhandledExceptionFilter 004059cc f   LIBCMT:unhandld.obj
 0001:000049da       __XcptFilter               004059da f   LIBCMT:winxfltr.obj
 0001:00004b35       __freefls@4                00405b35 f   LIBCMT:tidtable.obj
 0001:00004c6a       __getptd                   00405c6a f   LIBCMT:tidtable.obj
 0001:00004c82       __getptd_noexit            00405c82 f   LIBCMT:tidtable.obj
 0001:00004cf1       __initptd                  00405cf1 f   LIBCMT:tidtable.obj
 0001:00004da4       __mtinit                   00405da4 f   LIBCMT:tidtable.obj
 0001:00004e1a       __mtterm                   00405e1a f   LIBCMT:tidtable.obj
 0001:00004e37       __setargv                  00405e37 f   LIBCMT:stdargv.obj
 0001:00005066       __setenvp                  00406066 f   LIBCMT:stdenvp.obj
 0001:00005147       ___set_app_type            00406147 f   LIBCMT:errmode.obj
 0001:00005154       __set_error_mode           00406154 f   LIBCMT:errmode.obj
 0001:00005194       ___security_init_cookie    00406194 f   LIBCMT:gs_support.obj
 0001:00005230       ___crtGetEnvironmentStringsA 00406230 f   LIBCMT:a_env.obj
 0001:000052bd       __crt_debugger_hook        004062bd f   LIBCMT:dbghook.obj
 0001:000052c5       @__security_check_cookie@4 004062c5 f   LIBCMT:secchk.obj
 0001:000052e0       _strlen                    004062e0 f   LIBCMT:strlen.obj
 0001:0000536b       _wcscat_s                  0040636b f   LIBCMT:wcscat_s.obj
 0001:000053d7       _wcscpy_s                  004063d7 f   LIBCMT:wcscpy_s.obj
 0001:00005433       _wcslen                    00406433 f   LIBCMT:wcslen.obj
 0001:0000544c       _wcsncpy_s                 0040644c f   LIBCMT:wcsncpy_s.obj
 0001:0000550a       ___crtMessageBoxW          0040650a f   LIBCMT:crtmboxw.obj
 0001:000056f0       __fptrap                   004066f0 f   LIBCMT:crt0fp.obj
 0001:000056f9       _abort                     004066f9 f   LIBCMT:abort.obj
 0001:0000573c       __freea                    0040673c f i LIBCMT:a_loc.obj
 0001:0000575a       _GetTableIndexFromLocaleName 0040675a f   LIBCMT:winapinls.obj
 0001:000057a8       ___crtDownlevelLocaleNameToLCID 004067a8 f   LIBCMT:winapinls.obj
 0001:000057d2       ___crtLCMapStringEx        004067d2 f   LIBCMT:winapinls.obj
 0001:0000581e       ___wcsnicmp_ascii          0040681e f   LIBCMT:winapinls.obj
 0001:00005890       __local_unwind4            00406890 f   LIBCMT:exsup4.obj
 0001:00005966       __seh_longjmp_unwind4@4    00406966 f   LIBCMT:exsup4.obj
 0001:00005982       @_EH4_CallFilterFunc@8     00406982 f   LIBCMT:exsup4.obj
 0001:00005999       @_EH4_TransferToHandler@8  00406999 f   LIBCMT:exsup4.obj
 0001:000059b2       @_EH4_GlobalUnwind2@8      004069b2 f   LIBCMT:exsup4.obj
 0001:000059cb       @_EH4_LocalUnwind@16       004069cb f   LIBCMT:exsup4.obj
 0001:000059e2       ___addlocaleref            004069e2 f   LIBCMT:localref.obj
 0001:00005a77       ___freetlocinfo            00406a77 f   LIBCMT:localref.obj
 0001:00005bd1       ___removelocaleref         00406bd1 f   LIBCMT:localref.obj
 0001:00005c71       ___updatetlocinfo          00406c71 f   LIBCMT:localref.obj
 0001:00005cf1       __updatetlocinfoEx_nolock  00406cf1 f   LIBCMT:localref.obj
 0001:00005f40       ___crtLCMapStringA         00406f40 f   LIBCMT:a_map.obj
 0001:0000607e       ___crtGetStringTypeA       0040707e f   LIBCMT:a_str.obj
 0001:000060be       __isatty                   004070be f   LIBCMT:isatty.obj
 0001:00006112       __fclose_nolock            00407112 f   LIBCMT:fclose.obj
 0001:0000617e       _fclose                    0040717e f   LIBCMT:fclose.obj
 0001:000061f5       __commit                   004071f5 f   LIBCMT:commit.obj
 0001:000062de       __write                    004072de f   LIBCMT:write.obj
 0001:000063cd       __write_nolock             004073cd f   LIBCMT:write.obj
 0001:00006c32       __isleadbyte_l             00407c32 f i LIBCMT:_wctype.obj
 0001:00006c6c       _isleadbyte                00407c6c f i LIBCMT:_wctype.obj
 0001:00006c7d       __wctomb_s_l               00407c7d f   LIBCMT:wctomb.obj
 0001:00006da1       _wctomb_s                  00407da1 f   LIBCMT:wctomb.obj
 0001:00006dc0       __aulldvrm                 00407dc0 f   LIBCMT:ulldvrm.obj
 0001:00006e55       __lseeki64                 00407e55 f   LIBCMT:lseeki64.obj
 0001:00006f51       __lseeki64_nolock          00407f51 f   LIBCMT:lseeki64.obj
 0001:00006fc4       __getbuf                   00407fc4 f   LIBCMT:_getbuf.obj
 0001:00007064       __ismbblead                00408064 f   LIBCMT:ismbbyte.obj
 0001:0000707a       _strcpy_s                  0040807a f   LIBCMT:strcpy_s.obj
 0001:000070cf       ___raise_securityfailure   004080cf f   LIBCMT:gs_report.obj
 0001:0000710c       ___report_gsfailure        0040810c f   LIBCMT:gs_report.obj
 0001:00007210       __alloca_probe_16          00408210 f   LIBCMT:alloca16.obj
 0001:00007226       __alloca_probe_8           00408226     LIBCMT:alloca16.obj
 0001:00007240       __global_unwind2           00408240 f   LIBCMT:exsup.obj
 0001:000072a5       __local_unwind2            004082a5 f   LIBCMT:exsup.obj
 0001:00007329       __abnormal_termination     00408329 f   LIBCMT:exsup.obj
 0001:0000734c       __NLG_Notify1              0040834c f   LIBCMT:exsup.obj
 0001:00007355       __NLG_Notify               00408355 f   LIBCMT:exsup.obj
 0001:0000736c       __NLG_Dispatch2            0040836c     LIBCMT:exsup.obj
 0001:0000736c       __NLG_Dispatch             0040836c     LIBCMT:exsup.obj
 0001:00007374       __NLG_Call                 00408374 f   LIBCMT:exsup.obj
 0001:00007376       __NLG_Return2              00408376     LIBCMT:exsup.obj
 0001:00007377       ___free_lconv_mon          00408377 f   LIBCMT:initmon.obj
 0001:00007473       ___free_lconv_num          00408473 f   LIBCMT:initnum.obj
 0001:000074da       ___free_lc_time            004084da f   LIBCMT:inittime.obj
 0001:0000785a       __close                    0040885a f   LIBCMT:close.obj
 0001:00007935       __close_nolock             00408935 f   LIBCMT:close.obj
 0001:000079cf       __freebuf                  004089cf f   LIBCMT:_freebuf.obj
 0001:000079ff       ___lock_fhandle            004089ff f   LIBCMT:osfinfo.obj
 0001:00007a8d       __free_osfhnd              00408a8d f   LIBCMT:osfinfo.obj
 0001:00007b13       __get_osfhandle            00408b13 f   LIBCMT:osfinfo.obj
 0001:00007b7a       __unlock_fhandle           00408b7a f   LIBCMT:osfinfo.obj
 0001:00007ba0       __mbtowc_l                 00408ba0 f   LIBCMT:mbtowc.obj
 0001:00007c95       _mbtowc                    00408c95 f   LIBCMT:mbtowc.obj
 0001:00007cad       __putwch_nolock            00408cad f   LIBCMT:putwch.obj
 0001:00007cf0       __chkstk                   00408cf0 f   LIBCMT:chkstk.obj
 0001:00007cf0       __alloca_probe             00408cf0 f   LIBCMT:chkstk.obj
 0001:00007d1b       __locterm                  00408d1b f   LIBCMT:wsetloca.obj
 0001:00007d6d       ___termconout              00408d6d f   LIBCMT:initcon.obj
 0001:00007d84       ___initconout              00408d84 f   LIBCMT:initcon.obj
 0001:00007da3       __isctype_l                00408da3 f   LIBCMT:isctype.obj
 0001:00007e54       ___crt_atoflt_l            00408e54 f   LIBCMT:atodbl.obj
 0001:00007ef8       __atodbl_l                 00408ef8 f   LIBCMT:atodbl.obj
 0001:00007f86       __atoflt_l                 00408f86 f   LIBCMT:atodbl.obj
 0001:00007fa0       __allmul                   00408fa0 f   LIBCMT:llmul.obj
 0001:00007fd4       __fpmath                   00408fd4 f   LIBCMT:fpinit.obj
 0001:00007feb       __cfltcvt_init             00408feb f   LIBCMT:fpinit.obj
 0001:00008050       __ld12tod                  00409050 f   LIBCMT:intrncvt.obj
 0001:000085c2       __ld12tof                  004095c2 f   LIBCMT:intrncvt.obj
 0001:00008b34       ___strgtold12_l            00409b34 f   LIBCMT:strgtold.obj
 0001:000092dc       __cfltcvt                  0040a2dc f   LIBCMT:cvt.obj
 0001:000092fd       __cfltcvt_l                0040a2fd f   LIBCMT:cvt.obj
 0001:00009383       __cftoa_l                  0040a383 f   LIBCMT:cvt.obj
 0001:000096df       __cftoe                    0040a6df f   LIBCMT:cvt.obj
 0001:0000984e       __cftoe_l                  0040a84e f   LIBCMT:cvt.obj
 0001:00009a08       __cftof_l                  0040aa08 f   LIBCMT:cvt.obj
 0001:00009ac9       __cftog_l                  0040aac9 f   LIBCMT:cvt.obj
 0001:00009bc8       __cropzeros                0040abc8 f   LIBCMT:cvt.obj
 0001:00009bd9       __cropzeros_l              0040abd9 f   LIBCMT:cvt.obj
 0001:00009c59       __fassign                  0040ac59 f   LIBCMT:cvt.obj
 0001:00009c71       __fassign_l                0040ac71 f   LIBCMT:cvt.obj
 0001:00009cb3       __forcdecpt                0040acb3 f   LIBCMT:cvt.obj
 0001:00009cc4       __forcdecpt_l              0040acc4 f   LIBCMT:cvt.obj
 0001:00009d38       __positive                 0040ad38 f   LIBCMT:cvt.obj
 0001:00009d7a       __setdefaultprecision      0040ad7a f   LIBCMT:fp8.obj
 0001:00009da1       ___mtold12                 0040ada1 f   LIBCMT:mantold.obj
 0001:00009f81       __isdigit_l                0040af81 f i LIBCMT:_ctype.obj
 0001:00009fd3       _isdigit                   0040afd3 f i LIBCMT:_ctype.obj
 0001:00009ffe       __tolower_l                0040affe f   LIBCMT:tolower.obj
 0001:0000a141       _tolower                   0040b141 f   LIBCMT:tolower.obj
 0001:0000a16d       __fptostr                  0040b16d f   LIBCMT:_fptostr.obj
 0001:0000a21d       ___dtold                   0040b21d f   LIBCMT:cfout.obj
 0001:0000a2e5       __fltout2                  0040b2e5 f   LIBCMT:cfout.obj
 0001:0000a380       __alldvrm                  0040b380 f   LIBCMT:lldvrm.obj
 0001:0000a460       __aullshr                  0040b460 f   LIBCMT:ullshr.obj
 0001:0000a47f       __controlfp_s              0040b47f f   LIBCMT:contrlfp.obj
 0001:0000a4dc       _$I10_OUTPUT               0040b4dc f   LIBCMT:x10fout.obj
 0001:0000af59       __control87                0040bf59 f i LIBCMT:ieee87.obj
 0001:0000b2f2       ___set_fpsr_sse2           0040c2f2 f   LIBCMT:fpctrl.obj
 0001:0000b368       _IsProcessorFeaturePresent@4 0040c368 f   kernel32:KERNEL32.dll
 0001:0000b36e       _RtlUnwind@16              0040c36e f   kernel32:KERNEL32.dll
 0002:00000000       __imp__InitializeSecurityDescriptor@8 0040d000     advapi32:ADVAPI32.dll
 0002:00000004       __imp__SetSecurityDescriptorDacl@16 0040d004     advapi32:ADVAPI32.dll
 0002:00000008       \177ADVAPI32_NULL_THUNK_DATA 0040d008     advapi32:ADVAPI32.dll
 0002:0000000c       __imp__CreateEventA@16     0040d00c     kernel32:KERNEL32.dll
 0002:00000010       __imp__MapViewOfFile@20    0040d010     kernel32:KERNEL32.dll
 0002:00000014       __imp__CreateFileMappingA@24 0040d014     kernel32:KERNEL32.dll
 0002:00000018       __imp__WaitForSingleObject@8 0040d018     kernel32:KERNEL32.dll
 0002:0000001c       __imp__GetProcessHeap@0    0040d01c     kernel32:KERNEL32.dll
 0002:00000020       __imp__VirtualQuery@12     0040d020     kernel32:KERNEL32.dll
 0002:00000024       __imp__GetModuleFileNameA@12 0040d024     kernel32:KERNEL32.dll
 0002:00000028       __imp__SetEvent@4          0040d028     kernel32:KERNEL32.dll
 0002:0000002c       __imp__HeapAlloc@12        0040d02c     kernel32:KERNEL32.dll
 0002:00000030       __imp__GetLastError@0      0040d030     kernel32:KERNEL32.dll
 0002:00000034       __imp__WriteConsoleW@20    0040d034     kernel32:KERNEL32.dll
 0002:00000038       __imp__SetStdHandle@8      0040d038     kernel32:KERNEL32.dll
 0002:0000003c       __imp__EncodePointer@4     0040d03c     kernel32:KERNEL32.dll
 0002:00000040       __imp__DecodePointer@4     0040d040     kernel32:KERNEL32.dll
 0002:00000044       __imp__ExitProcess@4       0040d044     kernel32:KERNEL32.dll
 0002:00000048       __imp__GetModuleHandleExW@12 0040d048     kernel32:KERNEL32.dll
 0002:0000004c       __imp__GetProcAddress@8    0040d04c     kernel32:KERNEL32.dll
 0002:00000050       __imp__MultiByteToWideChar@24 0040d050     kernel32:KERNEL32.dll
 0002:00000054       __imp__WideCharToMultiByte@32 0040d054     kernel32:KERNEL32.dll
 0002:00000058       __imp__EnterCriticalSection@4 0040d058     kernel32:KERNEL32.dll
 0002:0000005c       __imp__LeaveCriticalSection@4 0040d05c     kernel32:KERNEL32.dll
 0002:00000060       __imp__GetCommandLineA@0   0040d060     kernel32:KERNEL32.dll
 0002:00000064       __imp__IsDebuggerPresent@0 0040d064     kernel32:KERNEL32.dll
 0002:00000068       __imp__IsProcessorFeaturePresent@4 0040d068     kernel32:KERNEL32.dll
 0002:0000006c       __imp__DeleteCriticalSection@4 0040d06c     kernel32:KERNEL32.dll
 0002:00000070       __imp__UnhandledExceptionFilter@4 0040d070     kernel32:KERNEL32.dll
 0002:00000074       __imp__SetUnhandledExceptionFilter@4 0040d074     kernel32:KERNEL32.dll
 0002:00000078       __imp__SetLastError@4      0040d078     kernel32:KERNEL32.dll
 0002:0000007c       __imp__InitializeCriticalSectionAndSpinCount@8 0040d07c     kernel32:KERNEL32.dll
 0002:00000080       __imp__GetCurrentProcess@0 0040d080     kernel32:KERNEL32.dll
 0002:00000084       __imp__TerminateProcess@8  0040d084     kernel32:KERNEL32.dll
 0002:00000088       __imp__TlsAlloc@0          0040d088     kernel32:KERNEL32.dll
 0002:0000008c       __imp__TlsGetValue@4       0040d08c     kernel32:KERNEL32.dll
 0002:00000090       __imp__TlsSetValue@8       0040d090     kernel32:KERNEL32.dll
 0002:00000094       __imp__TlsFree@4           0040d094     kernel32:KERNEL32.dll
 0002:00000098       __imp__GetStartupInfoW@4   0040d098     kernel32:KERNEL32.dll
 0002:0000009c       __imp__GetModuleHandleW@4  0040d09c     kernel32:KERNEL32.dll
 0002:000000a0       __imp__GetStdHandle@4      0040d0a0     kernel32:KERNEL32.dll
 0002:000000a4       __imp__WriteFile@20        0040d0a4     kernel32:KERNEL32.dll
 0002:000000a8       __imp__GetModuleFileNameW@12 0040d0a8     kernel32:KERNEL32.dll
 0002:000000ac       __imp__LoadLibraryExW@12   0040d0ac     kernel32:KERNEL32.dll
 0002:000000b0       __imp__IsValidCodePage@4   0040d0b0     kernel32:KERNEL32.dll
 0002:000000b4       __imp__GetACP@0            0040d0b4     kernel32:KERNEL32.dll
 0002:000000b8       __imp__GetOEMCP@0          0040d0b8     kernel32:KERNEL32.dll
 0002:000000bc       __imp__GetCPInfo@8         0040d0bc     kernel32:KERNEL32.dll
 0002:000000c0       __imp__GetFileType@4       0040d0c0     kernel32:KERNEL32.dll
 0002:000000c4       __imp__GetCurrentThreadId@0 0040d0c4     kernel32:KERNEL32.dll
 0002:000000c8       __imp__QueryPerformanceCounter@4 0040d0c8     kernel32:KERNEL32.dll
 0002:000000cc       __imp__GetCurrentProcessId@0 0040d0cc     kernel32:KERNEL32.dll
 0002:000000d0       __imp__GetSystemTimeAsFileTime@4 0040d0d0     kernel32:KERNEL32.dll
 0002:000000d4       __imp__GetEnvironmentStringsW@0 0040d0d4     kernel32:KERNEL32.dll
 0002:000000d8       __imp__FreeEnvironmentStringsW@4 0040d0d8     kernel32:KERNEL32.dll
 0002:000000dc       __imp__OutputDebugStringW@4 0040d0dc     kernel32:KERNEL32.dll
 0002:000000e0       __imp__LCMapStringW@24     0040d0e0     kernel32:KERNEL32.dll
 0002:000000e4       __imp__RtlUnwind@16        0040d0e4     kernel32:KERNEL32.dll
 0002:000000e8       __imp__GetStringTypeW@16   0040d0e8     kernel32:KERNEL32.dll
 0002:000000ec       __imp__FlushFileBuffers@4  0040d0ec     kernel32:KERNEL32.dll
 0002:000000f0       __imp__GetConsoleCP@0      0040d0f0     kernel32:KERNEL32.dll
 0002:000000f4       __imp__GetConsoleMode@8    0040d0f4     kernel32:KERNEL32.dll
 0002:000000f8       __imp__SetFilePointerEx@20 0040d0f8     kernel32:KERNEL32.dll
 0002:000000fc       __imp__CloseHandle@4       0040d0fc     kernel32:KERNEL32.dll
 0002:00000100       __imp__CreateFileW@28      0040d100     kernel32:KERNEL32.dll
 0002:00000104       \177KERNEL32_NULL_THUNK_DATA 0040d104     kernel32:KERNEL32.dll
 0002:00000108       __imp__g_pMemAlloc         0040d108     tier0:tier0.dll
 0002:0000010c       \177tier0_NULL_THUNK_DATA  0040d10c     tier0:tier0.dll
 0002:00000110       ___xc_a                    0040d110     LIBCMT:crt0init.obj
 0002:00000114       ___xc_z                    0040d114     LIBCMT:crt0init.obj
 0002:00000118       ___xi_a                    0040d118     LIBCMT:crt0init.obj
 0002:00000130       ___xi_z                    0040d130     LIBCMT:crt0init.obj
 0002:00000134       ___xp_a                    0040d134     LIBCMT:crt0init.obj
 0002:00000144       ___xp_z                    0040d144     LIBCMT:crt0init.obj
 0002:00000148       ___xt_a                    0040d148     LIBCMT:crt0init.obj
 0002:0000014c       ___xt_z                    0040d14c     LIBCMT:crt0init.obj
 0002:00000188       ??_C@_0DD@HJBNBGNL@unable?5to?5InitializeSecurityDesc@ 0040d188     dbmon.obj
 0002:000001bc       ??_C@_0DA@KOBMECKC@unable?5to?5SetSecurityDescriptorD@ 0040d1bc     dbmon.obj
 0002:000001ec       ??_C@_0BD@JNIFKMLK@DBWIN_BUFFER_READY?$AA@ 0040d1ec     dbmon.obj
 0002:00000200       ??_C@_0DL@CMLMINON@dbmon?3?5Unable?5to?5create?5synchron@ 0040d200     dbmon.obj
 0002:0000023c       ??_C@_0BI@GOHMEFIK@dbmon?3?5already?5running?6?$AA@ 0040d23c     dbmon.obj
 0002:00000254       ??_C@_0BB@KEJJOLCH@DBWIN_DATA_READY?$AA@ 0040d254     dbmon.obj
 0002:00000268       ??_C@_0N@OAFMJBPM@DBWIN_BUFFER?$AA@ 0040d268     dbmon.obj
 0002:00000278       ??_C@_0DI@DNBFNOEB@dbmon?3?5Unable?5to?5create?5file?5map@ 0040d278     dbmon.obj
 0002:000002b0       ??_C@_0CP@CGINBCAB@dbmon?3?5Unable?5to?5map?5shared?5memo@ 0040d2b0     dbmon.obj
 0002:000002e0       ??_C@_0BP@DHELDJHA@dbmon?3?5wait?5failed?$DL?5err?5?$DN?$DN?5?$CFd?6?$AA@ 0040d2e0     dbmon.obj
 0002:00000300       ??_C@_05BPEEBMMF@?$CF3u?3?5?$AA@ 0040d300     dbmon.obj
 0002:00000308       ??_C@_02DKCKIIND@?$CFs?$AA@ 0040d308     dbmon.obj
 0002:0000030c       ??_C@_1BI@BGOHAHKC@?$AAm?$AAs?$AAc?$AAo?$AAr?$AAe?$AAe?$AA?4?$AAd?$AAl?$AAl?$AA?$AA@ 0040d30c     LIBCMT:crt0dat.obj
 0002:00000324       ??_C@_0P@MIGLKIOC@CorExitProcess?$AA@ 0040d324     LIBCMT:crt0dat.obj
 0002:00000334       ??_C@_1BK@MGMFAEKH@?$AAk?$AAe?$AAr?$AAn?$AAe?$AAl?$AA3?$AA2?$AA?4?$AAd?$AAl?$AAl?$AA?$AA@ 0040d334     LIBCMT:winapisupp.obj
 0002:00000350       ??_C@_08KNHFBNJ@FlsAlloc?$AA@ 0040d350     LIBCMT:winapisupp.obj
 0002:0000035c       ??_C@_07PEJMOBNF@FlsFree?$AA@ 0040d35c     LIBCMT:winapisupp.obj
 0002:00000364       ??_C@_0M@GDNOONDI@FlsGetValue?$AA@ 0040d364     LIBCMT:winapisupp.obj
 0002:00000370       ??_C@_0M@JCPCPOEF@FlsSetValue?$AA@ 0040d370     LIBCMT:winapisupp.obj
 0002:0000037c       ??_C@_0BM@HCFOFFN@InitializeCriticalSectionEx?$AA@ 0040d37c     LIBCMT:winapisupp.obj
 0002:00000398       ??_C@_0P@DLHPPCNH@CreateEventExW?$AA@ 0040d398     LIBCMT:winapisupp.obj
 0002:000003a8       ??_C@_0BD@KIEEOEEH@CreateSemaphoreExW?$AA@ 0040d3a8     LIBCMT:winapisupp.obj
 0002:000003bc       ??_C@_0BI@BKLFFAPO@SetThreadStackGuarantee?$AA@ 0040d3bc     LIBCMT:winapisupp.obj
 0002:000003d4       ??_C@_0BG@OGFAJCKC@CreateThreadpoolTimer?$AA@ 0040d3d4     LIBCMT:winapisupp.obj
 0002:000003ec       ??_C@_0BD@LPLEMMDI@SetThreadpoolTimer?$AA@ 0040d3ec     LIBCMT:winapisupp.obj
 0002:00000400       ??_C@_0CA@FMNJENH@WaitForThreadpoolTimerCallbacks?$AA@ 0040d400     LIBCMT:winapisupp.obj
 0002:00000420       ??_C@_0BF@DCFCCNOC@CloseThreadpoolTimer?$AA@ 0040d420     LIBCMT:winapisupp.obj
 0002:00000438       ??_C@_0BF@FLABGKKM@CreateThreadpoolWait?$AA@ 0040d438     LIBCMT:winapisupp.obj
 0002:00000450       ??_C@_0BC@MGCOHNA@SetThreadpoolWait?$AA@ 0040d450     LIBCMT:winapisupp.obj
 0002:00000464       ??_C@_0BE@OCIOMIMP@CloseThreadpoolWait?$AA@ 0040d464     LIBCMT:winapisupp.obj
 0002:00000478       ??_C@_0BJ@LKGHFHBO@FlushProcessWriteBuffers?$AA@ 0040d478     LIBCMT:winapisupp.obj
 0002:00000494       ??_C@_0BP@KALKKPMO@FreeLibraryWhenCallbackReturns?$AA@ 0040d494     LIBCMT:winapisupp.obj
 0002:000004b4       ??_C@_0BK@DFNBACLA@GetCurrentProcessorNumber?$AA@ 0040d4b4     LIBCMT:winapisupp.obj
 0002:000004d0       ??_C@_0BP@KHGALBC@GetLogicalProcessorInformation?$AA@ 0040d4d0     LIBCMT:winapisupp.obj
 0002:000004f0       ??_C@_0BE@FKKLLFLM@CreateSymbolicLinkW?$AA@ 0040d4f0     LIBCMT:winapisupp.obj
 0002:00000504       ??_C@_0BJ@OHNKDLIJ@SetDefaultDllDirectories?$AA@ 0040d504     LIBCMT:winapisupp.obj
 0002:00000520       ??_C@_0BE@LJANKFHF@EnumSystemLocalesEx?$AA@ 0040d520     LIBCMT:winapisupp.obj
 0002:00000534       ??_C@_0BA@IHGNDAEB@CompareStringEx?$AA@ 0040d534     LIBCMT:winapisupp.obj
 0002:00000544       ??_C@_0BA@EPCJIIPD@GetDateFormatEx?$AA@ 0040d544     LIBCMT:winapisupp.obj
 0002:00000554       ??_C@_0BA@ONOKGCMP@GetLocaleInfoEx?$AA@ 0040d554     LIBCMT:winapisupp.obj
 0002:00000564       ??_C@_0BA@CIJJKCJJ@GetTimeFormatEx?$AA@ 0040d564     LIBCMT:winapisupp.obj
 0002:00000574       ??_C@_0BJ@PBCCBIPI@GetUserDefaultLocaleName?$AA@ 0040d574     LIBCMT:winapisupp.obj
 0002:00000590       ??_C@_0BC@CELBKLLA@IsValidLocaleName?$AA@ 0040d590     LIBCMT:winapisupp.obj
 0002:000005a4       ??_C@_0O@KKBNKAPF@LCMapStringEx?$AA@ 0040d5a4     LIBCMT:winapisupp.obj
 0002:000005b4       ??_C@_0BE@JOGNEJCI@GetCurrentPackageId?$AA@ 0040d5b4     LIBCMT:winapisupp.obj
 0002:000005c8       ??_C@_0P@CDHHOHKP@GetTickCount64?$AA@ 0040d5c8     LIBCMT:winapisupp.obj
 0002:000005d8       ??_C@_0BO@KPCLFDJJ@GetFileInformationByHandleExW?$AA@ 0040d5d8     LIBCMT:winapisupp.obj
 0002:000005f8       ??_C@_0BM@MHIDLABK@SetFileInformationByHandleW?$AA@ 0040d5f8     LIBCMT:winapisupp.obj
 0002:000006d0       ??_C@_1FK@PGACCAFB@?$AAR?$AA6?$AA0?$AA0?$AA2?$AA?$AN?$AA?6?$AA?9?$AA?5?$AAf?$AAl?$AAo?$AAa?$AAt?$AAi?$AAn?$AAg?$AA?5?$AAp?$AAo?$AAi?$AAn?$AAt?$AA?5?$AAs?$AAu?$AAp?$AAp?$AAo?$AAr?$AAt?$AA?5@ 0040d6d0     LIBCMT:crt0msg.obj
 0002:00000730       ??_C@_1FE@LLNEDJMD@?$AAR?$AA6?$AA0?$AA0?$AA8?$AA?$AN?$AA?6?$AA?9?$AA?5?$AAn?$AAo?$AAt?$AA?5?$AAe?$AAn?$AAo?$AAu?$AAg?$AAh?$AA?5?$AAs?$AAp?$AAa?$AAc?$AAe?$AA?5?$AAf?$AAo?$AAr?$AA?5?$AAa?$AAr@ 0040d730     LIBCMT:crt0msg.obj
 0002:00000788       ??_C@_1FI@HONFMGBI@?$AAR?$AA6?$AA0?$AA0?$AA9?$AA?$AN?$AA?6?$AA?9?$AA?5?$AAn?$AAo?$AAt?$AA?5?$AAe?$AAn?$AAo?$AAu?$AAg?$AAh?$AA?5?$AAs?$AAp?$AAa?$AAc?$AAe?$AA?5?$AAf?$AAo?$AAr?$AA?5?$AAe?$AAn@ 0040d788     LIBCMT:crt0msg.obj
 0002:000007e0       ??_C@_1EG@BEHAGFJD@?$AAR?$AA6?$AA0?$AA1?$AA0?$AA?$AN?$AA?6?$AA?9?$AA?5?$AAa?$AAb?$AAo?$AAr?$AAt?$AA?$CI?$AA?$CJ?$AA?5?$AAh?$AAa?$AAs?$AA?5?$AAb?$AAe?$AAe?$AAn?$AA?5?$AAc?$AAa?$AAl?$AAl?$AAe?$AAd@ 0040d7e0     LIBCMT:crt0msg.obj
 0002:00000828       ??_C@_1FI@LOGNIKDM@?$AAR?$AA6?$AA0?$AA1?$AA6?$AA?$AN?$AA?6?$AA?9?$AA?5?$AAn?$AAo?$AAt?$AA?5?$AAe?$AAn?$AAo?$AAu?$AAg?$AAh?$AA?5?$AAs?$AAp?$AAa?$AAc?$AAe?$AA?5?$AAf?$AAo?$AAr?$AA?5?$AAt?$AAh@ 0040d828     LIBCMT:crt0msg.obj
 0002:00000880       ??_C@_1FK@BEOGODMC@?$AAR?$AA6?$AA0?$AA1?$AA7?$AA?$AN?$AA?6?$AA?9?$AA?5?$AAu?$AAn?$AAe?$AAx?$AAp?$AAe?$AAc?$AAt?$AAe?$AAd?$AA?5?$AAm?$AAu?$AAl?$AAt?$AAi?$AAt?$AAh?$AAr?$AAe?$AAa?$AAd?$AA?5@ 0040d880     LIBCMT:crt0msg.obj
 0002:000008e0       ??_C@_1EC@JIBHAOPH@?$AAR?$AA6?$AA0?$AA1?$AA8?$AA?$AN?$AA?6?$AA?9?$AA?5?$AAu?$AAn?$AAe?$AAx?$AAp?$AAe?$AAc?$AAt?$AAe?$AAd?$AA?5?$AAh?$AAe?$AAa?$AAp?$AA?5?$AAe?$AAr?$AAr?$AAo?$AAr?$AA?$AN?$AA?6@ 0040d8e0     LIBCMT:crt0msg.obj
 0002:00000928       ??_C@_1FC@ECHBIFBC@?$AAR?$AA6?$AA0?$AA1?$AA9?$AA?$AN?$AA?6?$AA?9?$AA?5?$AAu?$AAn?$AAa?$AAb?$AAl?$AAe?$AA?5?$AAt?$AAo?$AA?5?$AAo?$AAp?$AAe?$AAn?$AA?5?$AAc?$AAo?$AAn?$AAs?$AAo?$AAl?$AAe?$AA?5@ 0040d928     LIBCMT:crt0msg.obj
 0002:00000980       ??_C@_1GK@FHCKBEFA@?$AAR?$AA6?$AA0?$AA2?$AA4?$AA?$AN?$AA?6?$AA?9?$AA?5?$AAn?$AAo?$AAt?$AA?5?$AAe?$AAn?$AAo?$AAu?$AAg?$AAh?$AA?5?$AAs?$AAp?$AAa?$AAc?$AAe?$AA?5?$AAf?$AAo?$AAr?$AA?5?$AA_?$AAo@ 0040d980     LIBCMT:crt0msg.obj
 0002:000009f0       ??_C@_1EM@MAADIHMB@?$AAR?$AA6?$AA0?$AA2?$AA5?$AA?$AN?$AA?6?$AA?9?$AA?5?$AAp?$AAu?$AAr?$AAe?$AA?5?$AAv?$AAi?$AAr?$AAt?$AAu?$AAa?$AAl?$AA?5?$AAf?$AAu?$AAn?$AAc?$AAt?$AAi?$AAo?$AAn?$AA?5?$AAc@ 0040d9f0     LIBCMT:crt0msg.obj
 0002:00000a40       ??_C@_1GK@MCAAGJMO@?$AAR?$AA6?$AA0?$AA2?$AA6?$AA?$AN?$AA?6?$AA?9?$AA?5?$AAn?$AAo?$AAt?$AA?5?$AAe?$AAn?$AAo?$AAu?$AAg?$AAh?$AA?5?$AAs?$AAp?$AAa?$AAc?$AAe?$AA?5?$AAf?$AAo?$AAr?$AA?5?$AAs?$AAt@ 0040da40     LIBCMT:crt0msg.obj
 0002:00000ab0       ??_C@_1GK@MFGOKLAG@?$AAR?$AA6?$AA0?$AA2?$AA7?$AA?$AN?$AA?6?$AA?9?$AA?5?$AAn?$AAo?$AAt?$AA?5?$AAe?$AAn?$AAo?$AAu?$AAg?$AAh?$AA?5?$AAs?$AAp?$AAa?$AAc?$AAe?$AA?5?$AAf?$AAo?$AAr?$AA?5?$AAl?$AAo@ 0040dab0     LIBCMT:crt0msg.obj
 0002:00000b20       ??_C@_1EK@HHFLMAOL@?$AAR?$AA6?$AA0?$AA2?$AA8?$AA?$AN?$AA?6?$AA?9?$AA?5?$AAu?$AAn?$AAa?$AAb?$AAl?$AAe?$AA?5?$AAt?$AAo?$AA?5?$AAi?$AAn?$AAi?$AAt?$AAi?$AAa?$AAl?$AAi?$AAz?$AAe?$AA?5?$AAh?$AAe@ 0040db20     LIBCMT:crt0msg.obj
 0002:00000b6c       ??_C@_1DO@BMFCDCD@?$AAR?$AA6?$AA0?$AA3?$AA0?$AA?$AN?$AA?6?$AA?9?$AA?5?$AAC?$AAR?$AAT?$AA?5?$AAn?$AAo?$AAt?$AA?5?$AAi?$AAn?$AAi?$AAt?$AAi?$AAa?$AAl?$AAi?$AAz?$AAe?$AAd?$AA?$AN?$AA?6?$AA?$AA@ 0040db6c     LIBCMT:crt0msg.obj
 0002:00000bb0       ??_C@_1MG@ENCOOIDF@?$AAR?$AA6?$AA0?$AA3?$AA1?$AA?$AN?$AA?6?$AA?9?$AA?5?$AAA?$AAt?$AAt?$AAe?$AAm?$AAp?$AAt?$AA?5?$AAt?$AAo?$AA?5?$AAi?$AAn?$AAi?$AAt?$AAi?$AAa?$AAl?$AAi?$AAz?$AAe?$AA?5?$AAt@ 0040dbb0     LIBCMT:crt0msg.obj
 0002:00000c78       ??_C@_1GG@GOPILAJP@?$AAR?$AA6?$AA0?$AA3?$AA2?$AA?$AN?$AA?6?$AA?9?$AA?5?$AAn?$AAo?$AAt?$AA?5?$AAe?$AAn?$AAo?$AAu?$AAg?$AAh?$AA?5?$AAs?$AAp?$AAa?$AAc?$AAe?$AA?5?$AAf?$AAo?$AAr?$AA?5?$AAl?$AAo@ 0040dc78     LIBCMT:crt0msg.obj
 0002:00000ce0       ??_C@_1BOO@KGEDBGAJ@?$AAR?$AA6?$AA0?$AA3?$AA3?$AA?$AN?$AA?6?$AA?9?$AA?5?$AAA?$AAt?$AAt?$AAe?$AAm?$AAp?$AAt?$AA?5?$AAt?$AAo?$AA?5?$AAu?$AAs?$AAe?$AA?5?$AAM?$AAS?$AAI?$AAL?$AA?5?$AAc?$AAo?$AAd@ 0040dce0     LIBCMT:crt0msg.obj
 0002:00000ed0       ??_C@_1GG@MKFPEKFO@?$AAR?$AA6?$AA0?$AA3?$AA4?$AA?$AN?$AA?6?$AA?9?$AA?5?$AAi?$AAn?$AAc?$AAo?$AAn?$AAs?$AAi?$AAs?$AAt?$AAe?$AAn?$AAt?$AA?5?$AAo?$AAn?$AAe?$AAx?$AAi?$AAt?$AA?5?$AAb?$AAe?$AAg@ 0040ded0     LIBCMT:crt0msg.obj
 0002:00000f38       ??_C@_1BO@BFCDCGC@?$AAD?$AAO?$AAM?$AAA?$AAI?$AAN?$AA?5?$AAe?$AAr?$AAr?$AAo?$AAr?$AA?$AN?$AA?6?$AA?$AA@ 0040df38     LIBCMT:crt0msg.obj
 0002:00000f58       ??_C@_1BK@KMOMNAAI@?$AAS?$AAI?$AAN?$AAG?$AA?5?$AAe?$AAr?$AAr?$AAo?$AAr?$AA?$AN?$AA?6?$AA?$AA@ 0040df58     LIBCMT:crt0msg.obj
 0002:00000f74       ??_C@_1BM@JBBEPPHI@?$AAT?$AAL?$AAO?$AAS?$AAS?$AA?5?$AAe?$AAr?$AAr?$AAo?$AAr?$AA?$AN?$AA?6?$AA?$AA@ 0040df74     LIBCMT:crt0msg.obj
 0002:00000f90       ??_C@_15JNBOKNOG@?$AA?$AN?$AA?6?$AA?$AA@ 0040df90     LIBCMT:crt0msg.obj
 0002:00000f98       ??_C@_1BO@BKOMIGKJ@?$AAr?$AAu?$AAn?$AAt?$AAi?$AAm?$AAe?$AA?5?$AAe?$AAr?$AAr?$AAo?$AAr?$AA?5?$AA?$AA@ 0040df98     LIBCMT:crt0msg.obj
 0002:00000fb8       ??_C@_1DE@JNGNBFGO@?$AAR?$AAu?$AAn?$AAt?$AAi?$AAm?$AAe?$AA?5?$AAE?$AAr?$AAr?$AAo?$AAr?$AA?$CB?$AA?6?$AA?6?$AAP?$AAr?$AAo?$AAg?$AAr?$AAa?$AAm?$AA?3?$AA?5?$AA?$AA@ 0040dfb8     LIBCMT:crt0msg.obj
 0002:00000fec       ??_C@_1CO@EAEJAADC@?$AA?$DM?$AAp?$AAr?$AAo?$AAg?$AAr?$AAa?$AAm?$AA?5?$AAn?$AAa?$AAm?$AAe?$AA?5?$AAu?$AAn?$AAk?$AAn?$AAo?$AAw?$AAn?$AA?$DO?$AA?$AA@ 0040dfec     LIBCMT:crt0msg.obj
 0002:0000101c       ??_C@_17LGKOMLJ@?$AA?4?$AA?4?$AA?4?$AA?$AA@ 0040e01c     LIBCMT:crt0msg.obj
 0002:00001024       ??_C@_15IABLJNFO@?$AA?6?$AA?6?$AA?$AA@ 0040e024     LIBCMT:crt0msg.obj
 0002:00001030       ??_C@_1EK@MBDPDCGA@?$AAM?$AAi?$AAc?$AAr?$AAo?$AAs?$AAo?$AAf?$AAt?$AA?5?$AAV?$AAi?$AAs?$AAu?$AAa?$AAl?$AA?5?$AAC?$AA?$CL?$AA?$CL?$AA?5?$AAR?$AAu?$AAn?$AAt?$AAi?$AAm?$AAe?$AA?5?$AAL?$AAi?$AAb@ 0040e030     LIBCMT:crt0msg.obj
 0002:0000108c       ??_C@_1M@HPNHIDJI@?$AAj?$AAa?$AA?9?$AAJ?$AAP?$AA?$AA@ 0040e08c     LIBCMT:mbctype.obj
 0002:00001098       ??_C@_1M@BIBDDEMK@?$AAz?$AAh?$AA?9?$AAC?$AAN?$AA?$AA@ 0040e098     LIBCMT:mbctype.obj
 0002:000010a4       ??_C@_1M@JLOOOEGK@?$AAk?$AAo?$AA?9?$AAK?$AAR?$AA?$AA@ 0040e0a4     LIBCMT:mbctype.obj
 0002:000010b0       ??_C@_1M@CLNBBOPM@?$AAz?$AAh?$AA?9?$AAT?$AAW?$AA?$AA@ 0040e0b0     LIBCMT:mbctype.obj
 0002:000010bc       ??_C@_06OJHGLDPL@?$CInull?$CJ?$AA@ 0040e0bc     LIBCMT:output.obj
 0002:000010c4       ??_C@_1O@CEDCILHN@?$AA?$CI?$AAn?$AAu?$AAl?$AAl?$AA?$CJ?$AA?$AA@ 0040e0c4     LIBCMT:output.obj
 0002:000010d8       ___lookuptable             0040e0d8     LIBCMT:output.obj
 0002:00001138       __XcptActTab               0040e138     LIBCMT:winxfltr.obj
 0002:000011c8       __XcptActTabCount          0040e1c8     LIBCMT:winxfltr.obj
 0002:000011cc       __XcptActTabSize           0040e1cc     LIBCMT:winxfltr.obj
 0002:000011d0       __First_FPE_Indx           0040e1d0     LIBCMT:winxfltr.obj
 0002:000011d4       __Num_FPE                  0040e1d4     LIBCMT:winxfltr.obj
 0002:000011d8       ??_C@_1BG@GOEBHBDC@?$AAU?$AAS?$AAE?$AAR?$AA3?$AA2?$AA?4?$AAD?$AAL?$AAL?$AA?$AA@ 0040e1d8     LIBCMT:crtmboxw.obj
 0002:000011f0       ??_C@_0M@DLDCCGNP@MessageBoxW?$AA@ 0040e1f0     LIBCMT:crtmboxw.obj
 0002:000011fc       ??_C@_0BA@HNOPNCHB@GetActiveWindow?$AA@ 0040e1fc     LIBCMT:crtmboxw.obj
 0002:0000120c       ??_C@_0BD@HHGDFDBJ@GetLastActivePopup?$AA@ 0040e20c     LIBCMT:crtmboxw.obj
 0002:00001220       ??_C@_0BK@DEKFELLI@GetUserObjectInformationW?$AA@ 0040e220     LIBCMT:crtmboxw.obj
 0002:0000123c       ??_C@_0BI@DFKBFLJE@GetProcessWindowStation?$AA@ 0040e23c     LIBCMT:crtmboxw.obj
 0002:00001258       _LcidToLocaleNameTable     0040e258     LIBCMT:winapinls.obj
 0002:00001978       _LocaleNameToIndexTable    0040e978     LIBCMT:winapinls.obj
 0002:00002098       ??_C@_15EMKDOKLE@?$AAa?$AAr?$AA?$AA@ 0040f098     LIBCMT:winapinls.obj
 0002:000020a0       ??_C@_15KNPADPLH@?$AAb?$AAg?$AA?$AA@ 0040f0a0     LIBCMT:winapinls.obj
 0002:000020a8       ??_C@_15EDMHLDMO@?$AAc?$AAa?$AA?$AA@ 0040f0a8     LIBCMT:winapinls.obj
 0002:000020b0       ??_C@_1O@BPEAJADD@?$AAz?$AAh?$AA?9?$AAC?$AAH?$AAS?$AA?$AA@ 0040f0b0     LIBCMT:winapinls.obj
 0002:000020c0       ??_C@_15LJNHCMNK@?$AAc?$AAs?$AA?$AA@ 0040f0c0     LIBCMT:winapinls.obj
 0002:000020c8       ??_C@_15FOMCIDHG@?$AAd?$AAa?$AA?$AA@ 0040f0c8     LIBCMT:winapinls.obj
 0002:000020d0       ??_C@_15NBKABECB@?$AAd?$AAe?$AA?$AA@ 0040f0d0     LIBCMT:winapinls.obj
 0002:000020d8       ??_C@_15GHPEIIAO@?$AAe?$AAl?$AA?$AA@ 0040f0d8     LIBCMT:winapinls.obj
 0002:000020e0       ??_C@_15MNPNEAIF@?$AAe?$AAn?$AA?$AA@ 0040f0e0     LIBCMT:winapinls.obj
 0002:000020e8       ??_C@_15GPIOMPMH@?$AAe?$AAs?$AA?$AA@ 0040f0e8     LIBCMT:winapinls.obj
 0002:000020f0       ??_C@_15NGLOAKJC@?$AAf?$AAi?$AA?$AA@ 0040f0f0     LIBCMT:winapinls.obj
 0002:000020f8       ??_C@_15FBKGNKAM@?$AAf?$AAr?$AA?$AA@ 0040f0f8     LIBCMT:winapinls.obj
 0002:00002100       ??_C@_15KGGCNEFK@?$AAh?$AAe?$AA?$AA@ 0040f100     LIBCMT:winapinls.obj
 0002:00002108       ??_C@_15PGHLIDMF@?$AAh?$AAu?$AA?$AA@ 0040f108     LIBCMT:winapinls.obj
 0002:00002110       ??_C@_15BIEMAPLM@?$AAi?$AAs?$AA?$AA@ 0040f110     LIBCMT:winapinls.obj
 0002:00002118       ??_C@_15IFJLDHAF@?$AAi?$AAt?$AA?$AA@ 0040f118     LIBCMT:winapinls.obj
 0002:00002120       ??_C@_15GEMIOCAG@?$AAj?$AAa?$AA?$AA@ 0040f120     LIBCMT:winapinls.obj
 0002:00002128       ??_C@_15EPELEGJA@?$AAk?$AAo?$AA?$AA@ 0040f128     LIBCMT:winapinls.obj
 0002:00002130       ??_C@_15NDDHIMN@?$AAn?$AAl?$AA?$AA@ 0040f130     LIBCMT:winapinls.obj
 0002:00002138       ??_C@_15BPIGNHCD@?$AAn?$AAo?$AA?$AA@ 0040f138     LIBCMT:winapinls.obj
 0002:00002140       ??_C@_15DEOPBLCG@?$AAp?$AAl?$AA?$AA@ 0040f140     LIBCMT:winapinls.obj
 0002:00002148       ??_C@_15KBECGEFG@?$AAp?$AAt?$AA?$AA@ 0040f148     LIBCMT:winapinls.obj
 0002:00002150       ??_C@_15GLJCBFMD@?$AAr?$AAo?$AA?$AA@ 0040f150     LIBCMT:winapinls.obj
 0002:00002158       ??_C@_15FEDGKCDI@?$AAr?$AAu?$AA?$AA@ 0040f158     LIBCMT:winapinls.obj
 0002:00002160       ??_C@_15GLKMLLHM@?$AAh?$AAr?$AA?$AA@ 0040f160     LIBCMT:winapinls.obj
 0002:00002168       ??_C@_15CPKMFBDB@?$AAs?$AAk?$AA?$AA@ 0040f168     LIBCMT:winapinls.obj
 0002:00002170       ??_C@_15BAAIOGMK@?$AAs?$AAq?$AA?$AA@ 0040f170     LIBCMT:winapinls.obj
 0002:00002178       ??_C@_15INNPNOHD@?$AAs?$AAv?$AA?$AA@ 0040f178     LIBCMT:winapinls.obj
 0002:00002180       ??_C@_15CABMMOGH@?$AAt?$AAh?$AA?$AA@ 0040f180     LIBCMT:winapinls.obj
 0002:00002188       ??_C@_15BPLIHJJM@?$AAt?$AAr?$AA?$AA@ 0040f188     LIBCMT:winapinls.obj
 0002:00002190       ??_C@_15NEOEKKDJ@?$AAu?$AAr?$AA?$AA@ 0040f190     LIBCMT:winapinls.obj
 0002:00002198       ??_C@_15NFICGAJK@?$AAi?$AAd?$AA?$AA@ 0040f198     LIBCMT:winapinls.obj
 0002:000021a0       ??_C@_15PJPFLCCM@?$AAu?$AAk?$AA?$AA@ 0040f1a0     LIBCMT:winapinls.obj
 0002:000021a8       ??_C@_15HPJPHDM@?$AAb?$AAe?$AA?$AA@ 0040f1a8     LIBCMT:winapinls.obj
 0002:000021b0       ??_C@_15LCHLGJII@?$AAs?$AAl?$AA?$AA@ 0040f1b0     LIBCMT:winapinls.obj
 0002:000021b8       ??_C@_15PCFJPHHO@?$AAe?$AAt?$AA?$AA@ 0040f1b8     LIBCMT:winapinls.obj
 0002:000021c0       ??_C@_15HPFPGODN@?$AAl?$AAv?$AA?$AA@ 0040f1c0     LIBCMT:winapinls.obj
 0002:000021c8       ??_C@_15NFFGKGLG@?$AAl?$AAt?$AA?$AA@ 0040f1c8     LIBCMT:winapinls.obj
 0002:000021d0       ??_C@_15BDAKCCHN@?$AAf?$AAa?$AA?$AA@ 0040f1d0     LIBCMT:winapinls.obj
 0002:000021d8       ??_C@_15NFGIAIAJ@?$AAv?$AAi?$AA?$AA@ 0040f1d8     LIBCMT:winapinls.obj
 0002:000021e0       ??_C@_15LMKNDMHN@?$AAh?$AAy?$AA?$AA@ 0040f1e0     LIBCMT:winapinls.obj
 0002:000021e8       ??_C@_15IJBHMCFL@?$AAa?$AAz?$AA?$AA@ 0040f1e8     LIBCMT:winapinls.obj
 0002:000021f0       ??_C@_15EKOFJABL@?$AAe?$AAu?$AA?$AA@ 0040f1f0     LIBCMT:winapinls.obj
 0002:000021f8       ??_C@_15BGHADCNK@?$AAm?$AAk?$AA?$AA@ 0040f1f8     LIBCMT:winapinls.obj
 0002:00002200       ??_C@_15JDNICKHM@?$AAa?$AAf?$AA?$AA@ 0040f200     LIBCMT:winapinls.obj
 0002:00002208       ??_C@_15KPJEDBKD@?$AAk?$AAa?$AA?$AA@ 0040f208     LIBCMT:winapinls.obj
 0002:00002210       ??_C@_15PDNFFFEO@?$AAf?$AAo?$AA?$AA@ 0040f210     LIBCMT:winapinls.obj
 0002:00002218       ??_C@_15OMLEGLOC@?$AAh?$AAi?$AA?$AA@ 0040f218     LIBCMT:winapinls.obj
 0002:00002220       ??_C@_15IDNNENKK@?$AAm?$AAs?$AA?$AA@ 0040f220     LIBCMT:winapinls.obj
 0002:00002228       ??_C@_15MACJNBMH@?$AAk?$AAk?$AA?$AA@ 0040f228     LIBCMT:winapinls.obj
 0002:00002230       ??_C@_15DKDJEOND@?$AAk?$AAy?$AA?$AA@ 0040f230     LIBCMT:winapinls.obj
 0002:00002238       ??_C@_15DFGDLJBG@?$AAs?$AAw?$AA?$AA@ 0040f238     LIBCMT:winapinls.obj
 0002:00002240       ??_C@_15BBFAICNG@?$AAu?$AAz?$AA?$AA@ 0040f240     LIBCMT:winapinls.obj
 0002:00002248       ??_C@_15DKNDCGEA@?$AAt?$AAt?$AA?$AA@ 0040f248     LIBCMT:winapinls.obj
 0002:00002250       ??_C@_15MGIFMDPL@?$AAp?$AAa?$AA?$AA@ 0040f250     LIBCMT:winapinls.obj
 0002:00002258       ??_C@_15HCNDBBA@?$AAg?$AAu?$AA?$AA@ 0040f258     LIBCMT:winapinls.obj
 0002:00002260       ??_C@_15FNBEIBON@?$AAt?$AAa?$AA?$AA@ 0040f260     LIBCMT:winapinls.obj
 0002:00002268       ??_C@_15NCHGBGLK@?$AAt?$AAe?$AA?$AA@ 0040f268     LIBCMT:winapinls.obj
 0002:00002270       ??_C@_15PHPHCBPF@?$AAk?$AAn?$AA?$AA@ 0040f270     LIBCMT:winapinls.obj
 0002:00002278       ??_C@_15DLGBCKMP@?$AAm?$AAr?$AA?$AA@ 0040f278     LIBCMT:winapinls.obj
 0002:00002280       ??_C@_15EABBLBFF@?$AAs?$AAa?$AA?$AA@ 0040f280     LIBCMT:winapinls.obj
 0002:00002288       ??_C@_15CBKOMCOI@?$AAm?$AAn?$AA?$AA@ 0040f288     LIBCMT:winapinls.obj
 0002:00002290       ??_C@_15CKDMCJAF@?$AAg?$AAl?$AA?$AA@ 0040f290     LIBCMT:winapinls.obj
 0002:00002298       ??_C@_17CNJFBPG@?$AAk?$AAo?$AAk?$AA?$AA@ 0040f298     LIBCMT:winapinls.obj
 0002:000022a0       ??_C@_17FFBJICPL@?$AAs?$AAy?$AAr?$AA?$AA@ 0040f2a0     LIBCMT:winapinls.obj
 0002:000022a8       ??_C@_17KPNDCPAF@?$AAd?$AAi?$AAv?$AA?$AA@ 0040f2a8     LIBCMT:winapinls.obj
 0002:000022b0       ??_C@_11LOCGONAA@?$AA?$AA@ 0040f2b0     LIBCMT:winapinls.obj
 0002:000022b4       ??_C@_1M@OKAHONE@?$AAa?$AAr?$AA?9?$AAS?$AAA?$AA?$AA@ 0040f2b4     LIBCMT:winapinls.obj
 0002:000022c0       ??_C@_1M@FFFIGIGK@?$AAb?$AAg?$AA?9?$AAB?$AAG?$AA?$AA@ 0040f2c0     LIBCMT:winapinls.obj
 0002:000022cc       ??_C@_1M@BJNKEDC@?$AAc?$AAa?$AA?9?$AAE?$AAS?$AA?$AA@ 0040f2cc     LIBCMT:winapinls.obj
 0002:000022d8       ??_C@_1M@IJJHFJHA@?$AAc?$AAs?$AA?9?$AAC?$AAZ?$AA?$AA@ 0040f2d8     LIBCMT:winapinls.obj
 0002:000022e4       ??_C@_1M@CLPEOBGI@?$AAd?$AAa?$AA?9?$AAD?$AAK?$AA?$AA@ 0040f2e4     LIBCMT:winapinls.obj
 0002:000022f0       ??_C@_1M@MCMADGCB@?$AAd?$AAe?$AA?9?$AAD?$AAE?$AA?$AA@ 0040f2f0     LIBCMT:winapinls.obj
 0002:000022fc       ??_C@_1M@OOCKEMAM@?$AAe?$AAl?$AA?9?$AAG?$AAR?$AA?$AA@ 0040f2fc     LIBCMT:winapinls.obj
 0002:00002308       ??_C@_1M@BMHNFIME@?$AAe?$AAn?$AA?9?$AAU?$AAS?$AA?$AA@ 0040f308     LIBCMT:winapinls.obj
 0002:00002314       ??_C@_1M@DDNJFGID@?$AAf?$AAi?$AA?9?$AAF?$AAI?$AA?$AA@ 0040f314     LIBCMT:winapinls.obj
 0002:00002320       ??_C@_1M@GLIPPMAC@?$AAf?$AAr?$AA?9?$AAF?$AAR?$AA?$AA@ 0040f320     LIBCMT:winapinls.obj
 0002:0000232c       ??_C@_1M@GFMCHPE@?$AAh?$AAe?$AA?9?$AAI?$AAL?$AA?$AA@ 0040f32c     LIBCMT:winapinls.obj
 0002:00002338       ??_C@_1M@MHLPGNKM@?$AAh?$AAu?$AA?9?$AAH?$AAU?$AA?$AA@ 0040f338     LIBCMT:winapinls.obj
 0002:00002344       ??_C@_1M@LPDDNNPN@?$AAi?$AAs?$AA?9?$AAI?$AAS?$AA?$AA@ 0040f344     LIBCMT:winapinls.obj
 0002:00002350       ??_C@_1M@MADIPODN@?$AAi?$AAt?$AA?9?$AAI?$AAT?$AA?$AA@ 0040f350     LIBCMT:winapinls.obj
 0002:0000235c       ??_C@_1M@IHBJJGG@?$AAn?$AAl?$AA?9?$AAN?$AAL?$AA?$AA@ 0040f35c     LIBCMT:winapinls.obj
 0002:00002368       ??_C@_1M@EANAGDL@?$AAn?$AAb?$AA?9?$AAN?$AAO?$AA?$AA@ 0040f368     LIBCMT:winapinls.obj
 0002:00002374       ??_C@_1M@NEIEMEGP@?$AAp?$AAl?$AA?9?$AAP?$AAL?$AA?$AA@ 0040f374     LIBCMT:winapinls.obj
 0002:00002380       ??_C@_1M@BOCFIGEP@?$AAp?$AAt?$AA?9?$AAB?$AAR?$AA?$AA@ 0040f380     LIBCMT:winapinls.obj
 0002:0000238c       ??_C@_1M@IMPFOPBG@?$AAr?$AAo?$AA?9?$AAR?$AAO?$AA?$AA@ 0040f38c     LIBCMT:winapinls.obj
 0002:00002398       ??_C@_1M@IDNNEJMM@?$AAr?$AAu?$AA?9?$AAR?$AAU?$AA?$AA@ 0040f398     LIBCMT:winapinls.obj
 0002:000023a4       ??_C@_1M@LILEEOGM@?$AAh?$AAr?$AA?9?$AAH?$AAR?$AA?$AA@ 0040f3a4     LIBCMT:winapinls.obj
 0002:000023b0       ??_C@_1M@FKIFEHPB@?$AAs?$AAk?$AA?9?$AAS?$AAK?$AA?$AA@ 0040f3b0     LIBCMT:winapinls.obj
 0002:000023bc       ??_C@_1M@LJMAMNPJ@?$AAs?$AAq?$AA?9?$AAA?$AAL?$AA?$AA@ 0040f3bc     LIBCMT:winapinls.obj
 0002:000023c8       ??_C@_1M@GIAKDKJK@?$AAs?$AAv?$AA?9?$AAS?$AAE?$AA?$AA@ 0040f3c8     LIBCMT:winapinls.obj
 0002:000023d4       ??_C@_1M@MKJKIKCL@?$AAt?$AAh?$AA?9?$AAT?$AAH?$AA?$AA@ 0040f3d4     LIBCMT:winapinls.obj
 0002:000023e0       ??_C@_1M@MFLCCMPB@?$AAt?$AAr?$AA?9?$AAT?$AAR?$AA?$AA@ 0040f3e0     LIBCMT:winapinls.obj
 0002:000023ec       ??_C@_1M@OIJHDKJN@?$AAu?$AAr?$AA?9?$AAP?$AAK?$AA?$AA@ 0040f3ec     LIBCMT:winapinls.obj
 0002:000023f8       ??_C@_1M@LHIPCIEK@?$AAi?$AAd?$AA?9?$AAI?$AAD?$AA?$AA@ 0040f3f8     LIBCMT:winapinls.obj
 0002:00002404       ??_C@_1M@MFMOBGI@?$AAu?$AAk?$AA?9?$AAU?$AAA?$AA?$AA@ 0040f404     LIBCMT:winapinls.obj
 0002:00002410       ??_C@_1M@OBGLJIPL@?$AAb?$AAe?$AA?9?$AAB?$AAY?$AA?$AA@ 0040f410     LIBCMT:winapinls.obj
 0002:0000241c       ??_C@_1M@BCFAJEAD@?$AAs?$AAl?$AA?9?$AAS?$AAI?$AA?$AA@ 0040f41c     LIBCMT:winapinls.obj
 0002:00002428       ??_C@_1M@FKFFEDDN@?$AAe?$AAt?$AA?9?$AAE?$AAE?$AA?$AA@ 0040f428     LIBCMT:winapinls.obj
 0002:00002434       ??_C@_1M@KGKKAACI@?$AAl?$AAv?$AA?9?$AAL?$AAV?$AA?$AA@ 0040f434     LIBCMT:winapinls.obj
 0002:00002440       ??_C@_1M@IFGBIJO@?$AAl?$AAt?$AA?9?$AAL?$AAT?$AA?$AA@ 0040f440     LIBCMT:winapinls.obj
 0002:0000244c       ??_C@_1M@FGEAHEDM@?$AAf?$AAa?$AA?9?$AAI?$AAR?$AA?$AA@ 0040f44c     LIBCMT:winapinls.obj
 0002:00002458       ??_C@_1M@KBMAIBFN@?$AAv?$AAi?$AA?9?$AAV?$AAN?$AA?$AA@ 0040f458     LIBCMT:winapinls.obj
 0002:00002464       ??_C@_1M@GPCBKDJK@?$AAh?$AAy?$AA?9?$AAA?$AAM?$AA?$AA@ 0040f464     LIBCMT:winapinls.obj
 0002:00002470       ??_C@_1BG@BECMDDJB@?$AAa?$AAz?$AA?9?$AAA?$AAZ?$AA?9?$AAL?$AAa?$AAt?$AAn?$AA?$AA@ 0040f470     LIBCMT:winapinls.obj
 0002:00002488       ??_C@_1M@MAOFCAEA@?$AAe?$AAu?$AA?9?$AAE?$AAS?$AA?$AA@ 0040f488     LIBCMT:winapinls.obj
 0002:00002494       ??_C@_1M@IGHABKPI@?$AAm?$AAk?$AA?9?$AAM?$AAK?$AA?$AA@ 0040f494     LIBCMT:winapinls.obj
 0002:000024a0       ??_C@_1M@IAIGNEJG@?$AAt?$AAn?$AA?9?$AAZ?$AAA?$AA?$AA@ 0040f4a0     LIBCMT:winapinls.obj
 0002:000024ac       ??_C@_1M@IIJCOJFA@?$AAx?$AAh?$AA?9?$AAZ?$AAA?$AA?$AA@ 0040f4ac     LIBCMT:winapinls.obj
 0002:000024b8       ??_C@_1M@LGPJHNJH@?$AAz?$AAu?$AA?9?$AAZ?$AAA?$AA?$AA@ 0040f4b8     LIBCMT:winapinls.obj
 0002:000024c4       ??_C@_1M@HOKAOIO@?$AAa?$AAf?$AA?9?$AAZ?$AAA?$AA?$AA@ 0040f4c4     LIBCMT:winapinls.obj
 0002:000024d0       ??_C@_1M@DPCLHLIE@?$AAk?$AAa?$AA?9?$AAG?$AAE?$AA?$AA@ 0040f4d0     LIBCMT:winapinls.obj
 0002:000024dc       ??_C@_1M@BLKMHJBI@?$AAf?$AAo?$AA?9?$AAF?$AAO?$AA?$AA@ 0040f4dc     LIBCMT:winapinls.obj
 0002:000024e8       ??_C@_1M@LGGJAPPB@?$AAh?$AAi?$AA?9?$AAI?$AAN?$AA?$AA@ 0040f4e8     LIBCMT:winapinls.obj
 0002:000024f4       ??_C@_1M@FIKPIHFE@?$AAm?$AAt?$AA?9?$AAM?$AAT?$AA?$AA@ 0040f4f4     LIBCMT:winapinls.obj
 0002:00002500       ??_C@_1M@HEGGPBFA@?$AAs?$AAe?$AA?9?$AAN?$AAO?$AA?$AA@ 0040f500     LIBCMT:winapinls.obj
 0002:0000250c       ??_C@_1M@EIBJEEPA@?$AAm?$AAs?$AA?9?$AAM?$AAY?$AA?$AA@ 0040f50c     LIBCMT:winapinls.obj
 0002:00002518       ??_C@_1M@FHLBGMPP@?$AAk?$AAk?$AA?9?$AAK?$AAZ?$AA?$AA@ 0040f518     LIBCMT:winapinls.obj
 0002:00002524       ??_C@_1M@NGJJLCGI@?$AAk?$AAy?$AA?9?$AAK?$AAG?$AA?$AA@ 0040f524     LIBCMT:winapinls.obj
 0002:00002530       ??_C@_1M@GIENNBFC@?$AAs?$AAw?$AA?9?$AAK?$AAE?$AA?$AA@ 0040f530     LIBCMT:winapinls.obj
 0002:0000253c       ??_C@_1BG@NDGMJIMJ@?$AAu?$AAz?$AA?9?$AAU?$AAZ?$AA?9?$AAL?$AAa?$AAt?$AAn?$AA?$AA@ 0040f53c     LIBCMT:winapinls.obj
 0002:00002554       ??_C@_1M@IDCCIHBC@?$AAt?$AAt?$AA?9?$AAR?$AAU?$AA?$AA@ 0040f554     LIBCMT:winapinls.obj
 0002:00002560       ??_C@_1M@LOICPMOJ@?$AAb?$AAn?$AA?9?$AAI?$AAN?$AA?$AA@ 0040f560     LIBCMT:winapinls.obj
 0002:0000256c       ??_C@_1M@KPKKNEAH@?$AAp?$AAa?$AA?9?$AAI?$AAN?$AA?$AA@ 0040f56c     LIBCMT:winapinls.obj
 0002:00002578       ??_C@_1M@PJGPPBOG@?$AAg?$AAu?$AA?9?$AAI?$AAN?$AA?$AA@ 0040f578     LIBCMT:winapinls.obj
 0002:00002584       ??_C@_1M@KMKMOPHI@?$AAt?$AAa?$AA?9?$AAI?$AAN?$AA?$AA@ 0040f584     LIBCMT:winapinls.obj
 0002:00002590       ??_C@_1M@KFEHEPAC@?$AAt?$AAe?$AA?9?$AAI?$AAN?$AA?$AA@ 0040f590     LIBCMT:winapinls.obj
 0002:0000259c       ??_C@_1M@CDCLMGHI@?$AAk?$AAn?$AA?9?$AAI?$AAN?$AA?$AA@ 0040f59c     LIBCMT:winapinls.obj
 0002:000025a8       ??_C@_1M@MIODLDKF@?$AAm?$AAl?$AA?9?$AAI?$AAN?$AA?$AA@ 0040f5a8     LIBCMT:winapinls.obj
 0002:000025b4       ??_C@_1M@PBIEACPO@?$AAm?$AAr?$AA?9?$AAI?$AAN?$AA?$AA@ 0040f5b4     LIBCMT:winapinls.obj
 0002:000025c0       ??_C@_1M@NIDEAGPH@?$AAs?$AAa?$AA?9?$AAI?$AAN?$AA?$AA@ 0040f5c0     LIBCMT:winapinls.obj
 0002:000025cc       ??_C@_1M@FHIHCBIO@?$AAm?$AAn?$AA?9?$AAM?$AAN?$AA?$AA@ 0040f5cc     LIBCMT:winapinls.obj
 0002:000025d8       ??_C@_1M@JAIJPENP@?$AAc?$AAy?$AA?9?$AAG?$AAB?$AA?$AA@ 0040f5d8     LIBCMT:winapinls.obj
 0002:000025e4       ??_C@_1M@PHGFBEPN@?$AAg?$AAl?$AA?9?$AAE?$AAS?$AA?$AA@ 0040f5e4     LIBCMT:winapinls.obj
 0002:000025f0       ??_C@_1O@KPIPDNCP@?$AAk?$AAo?$AAk?$AA?9?$AAI?$AAN?$AA?$AA@ 0040f5f0     LIBCMT:winapinls.obj
 0002:00002600       ??_C@_1O@KNHJLDJA@?$AAs?$AAy?$AAr?$AA?9?$AAS?$AAY?$AA?$AA@ 0040f600     LIBCMT:winapinls.obj
 0002:00002610       ??_C@_1O@MKEKBLAH@?$AAd?$AAi?$AAv?$AA?9?$AAM?$AAV?$AA?$AA@ 0040f610     LIBCMT:winapinls.obj
 0002:00002620       ??_C@_1O@OHDCKDDF@?$AAq?$AAu?$AAz?$AA?9?$AAB?$AAO?$AA?$AA@ 0040f620     LIBCMT:winapinls.obj
 0002:00002630       ??_C@_1M@LEPJNLFD@?$AAn?$AAs?$AA?9?$AAZ?$AAA?$AA?$AA@ 0040f630     LIBCMT:winapinls.obj
 0002:0000263c       ??_C@_1M@OMLEIIJB@?$AAm?$AAi?$AA?9?$AAN?$AAZ?$AA?$AA@ 0040f63c     LIBCMT:winapinls.obj
 0002:00002648       ??_C@_1M@PMPEAILG@?$AAa?$AAr?$AA?9?$AAI?$AAQ?$AA?$AA@ 0040f648     LIBCMT:winapinls.obj
 0002:00002654       ??_C@_1M@CNKPNOEE@?$AAd?$AAe?$AA?9?$AAC?$AAH?$AA?$AA@ 0040f654     LIBCMT:winapinls.obj
 0002:00002660       ??_C@_1M@LKMGMLKO@?$AAe?$AAn?$AA?9?$AAG?$AAB?$AA?$AA@ 0040f660     LIBCMT:winapinls.obj
 0002:0000266c       ??_C@_1M@PGKJFFGL@?$AAe?$AAs?$AA?9?$AAM?$AAX?$AA?$AA@ 0040f66c     LIBCMT:winapinls.obj
 0002:00002678       ??_C@_1M@DNNANBDC@?$AAf?$AAr?$AA?9?$AAB?$AAE?$AA?$AA@ 0040f678     LIBCMT:winapinls.obj
 0002:00002684       ??_C@_1M@HLGMDFHM@?$AAi?$AAt?$AA?9?$AAC?$AAH?$AA?$AA@ 0040f684     LIBCMT:winapinls.obj
 0002:00002690       ??_C@_1M@CLLBGJH@?$AAn?$AAl?$AA?9?$AAB?$AAE?$AA?$AA@ 0040f690     LIBCMT:winapinls.obj
 0002:0000269c       ??_C@_1M@BODBOGLF@?$AAn?$AAn?$AA?9?$AAN?$AAO?$AA?$AA@ 0040f69c     LIBCMT:winapinls.obj
 0002:000026a8       ??_C@_1M@HFFAHKAD@?$AAp?$AAt?$AA?9?$AAP?$AAT?$AA?$AA@ 0040f6a8     LIBCMT:winapinls.obj
 0002:000026b4       ??_C@_1BG@LNOAKHIE@?$AAs?$AAr?$AA?9?$AAS?$AAP?$AA?9?$AAL?$AAa?$AAt?$AAn?$AA?$AA@ 0040f6b4     LIBCMT:winapinls.obj
 0002:000026cc       ??_C@_1M@HBMHBGAK@?$AAs?$AAv?$AA?9?$AAF?$AAI?$AA?$AA@ 0040f6cc     LIBCMT:winapinls.obj
 0002:000026d8       ??_C@_1BG@DGCJGJBE@?$AAa?$AAz?$AA?9?$AAA?$AAZ?$AA?9?$AAC?$AAy?$AAr?$AAl?$AA?$AA@ 0040f6d8     LIBCMT:winapinls.obj
 0002:000026f0       ??_C@_1M@KEJDAAHB@?$AAs?$AAe?$AA?9?$AAS?$AAE?$AA?$AA@ 0040f6f0     LIBCMT:winapinls.obj
 0002:000026fc       ??_C@_1M@HEIBJJAD@?$AAm?$AAs?$AA?9?$AAB?$AAN?$AA?$AA@ 0040f6fc     LIBCMT:winapinls.obj
 0002:00002708       ??_C@_1BG@PBGJMCEM@?$AAu?$AAz?$AA?9?$AAU?$AAZ?$AA?9?$AAC?$AAy?$AAr?$AAl?$AA?$AA@ 0040f708     LIBCMT:winapinls.obj
 0002:00002720       ??_C@_1O@LAOBCMDF@?$AAq?$AAu?$AAz?$AA?9?$AAE?$AAC?$AA?$AA@ 0040f720     LIBCMT:winapinls.obj
 0002:00002730       ??_C@_1M@POEEMAIO@?$AAa?$AAr?$AA?9?$AAE?$AAG?$AA?$AA@ 0040f730     LIBCMT:winapinls.obj
 0002:0000273c       ??_C@_1M@EFAKDEDL@?$AAz?$AAh?$AA?9?$AAH?$AAK?$AA?$AA@ 0040f73c     LIBCMT:winapinls.obj
 0002:00002748       ??_C@_1M@HKKIJHGI@?$AAd?$AAe?$AA?9?$AAA?$AAT?$AA?$AA@ 0040f748     LIBCMT:winapinls.obj
 0002:00002754       ??_C@_1M@KBFBEHJF@?$AAe?$AAn?$AA?9?$AAA?$AAU?$AA?$AA@ 0040f754     LIBCMT:winapinls.obj
 0002:00002760       ??_C@_1M@MNPLFAAH@?$AAe?$AAs?$AA?9?$AAE?$AAS?$AA?$AA@ 0040f760     LIBCMT:winapinls.obj
 0002:0000276c       ??_C@_1M@HJOOJFMA@?$AAf?$AAr?$AA?9?$AAC?$AAA?$AA?$AA@ 0040f76c     LIBCMT:winapinls.obj
 0002:00002778       ??_C@_1BG@JPOFPNAB@?$AAs?$AAr?$AA?9?$AAS?$AAP?$AA?9?$AAC?$AAy?$AAr?$AAl?$AA?$AA@ 0040f778     LIBCMT:winapinls.obj
 0002:00002790       ??_C@_1M@LNFOCMOB@?$AAs?$AAe?$AA?9?$AAF?$AAI?$AA?$AA@ 0040f790     LIBCMT:winapinls.obj
 0002:0000279c       ??_C@_1O@MGJBOAMB@?$AAq?$AAu?$AAz?$AA?9?$AAP?$AAE?$AA?$AA@ 0040f79c     LIBCMT:winapinls.obj
 0002:000027ac       ??_C@_1M@GJINLBOK@?$AAa?$AAr?$AA?9?$AAL?$AAY?$AA?$AA@ 0040f7ac     LIBCMT:winapinls.obj
 0002:000027b8       ??_C@_1M@GGMNHJNL@?$AAz?$AAh?$AA?9?$AAS?$AAG?$AA?$AA@ 0040f7b8     LIBCMT:winapinls.obj
 0002:000027c4       ??_C@_1M@HOIKODND@?$AAd?$AAe?$AA?9?$AAL?$AAU?$AA?$AA@ 0040f7c4     LIBCMT:winapinls.obj
 0002:000027d0       ??_C@_1M@DDOCCGFG@?$AAe?$AAn?$AA?9?$AAC?$AAA?$AA?$AA@ 0040f7d0     LIBCMT:winapinls.obj
 0002:000027dc       ??_C@_1M@BNOEMJLF@?$AAe?$AAs?$AA?9?$AAG?$AAT?$AA?$AA@ 0040f7dc     LIBCMT:winapinls.obj
 0002:000027e8       ??_C@_1M@EOGNKEK@?$AAf?$AAr?$AA?9?$AAC?$AAH?$AA?$AA@ 0040f7e8     LIBCMT:winapinls.obj
 0002:000027f4       ??_C@_1M@FLIDJFHL@?$AAh?$AAr?$AA?9?$AAB?$AAA?$AA?$AA@ 0040f7f4     LIBCMT:winapinls.obj
 0002:00002800       ??_C@_1O@FMCELNAJ@?$AAs?$AAm?$AAj?$AA?9?$AAN?$AAO?$AA?$AA@ 0040f800     LIBCMT:winapinls.obj
 0002:00002810       ??_C@_1M@JHGLJMGJ@?$AAa?$AAr?$AA?9?$AAD?$AAZ?$AA?$AA@ 0040f810     LIBCMT:winapinls.obj
 0002:0000281c       ??_C@_1M@JKKFDCNP@?$AAz?$AAh?$AA?9?$AAM?$AAO?$AA?$AA@ 0040f81c     LIBCMT:winapinls.obj
 0002:00002828       ??_C@_1M@GEEFALPE@?$AAd?$AAe?$AA?9?$AAL?$AAI?$AA?$AA@ 0040f828     LIBCMT:winapinls.obj
 0002:00002834       ??_C@_1M@IGEOFBG@?$AAe?$AAn?$AA?9?$AAN?$AAZ?$AA?$AA@ 0040f834     LIBCMT:winapinls.obj
 0002:00002840       ??_C@_1M@KDBONEHP@?$AAe?$AAs?$AA?9?$AAC?$AAR?$AA?$AA@ 0040f840     LIBCMT:winapinls.obj
 0002:0000284c       ??_C@_1M@FHMDOHNN@?$AAf?$AAr?$AA?9?$AAL?$AAU?$AA?$AA@ 0040f84c     LIBCMT:winapinls.obj
 0002:00002858       ??_C@_1BG@NFKKMAFG@?$AAb?$AAs?$AA?9?$AAB?$AAA?$AA?9?$AAL?$AAa?$AAt?$AAn?$AA?$AA@ 0040f858     LIBCMT:winapinls.obj
 0002:00002870       ??_C@_1O@IMNBEMCI@?$AAs?$AAm?$AAj?$AA?9?$AAS?$AAE?$AA?$AA@ 0040f870     LIBCMT:winapinls.obj
 0002:00002880       ??_C@_1M@DHHMBNDP@?$AAa?$AAr?$AA?9?$AAM?$AAA?$AA?$AA@ 0040f880     LIBCMT:winapinls.obj
 0002:0000288c       ??_C@_1M@BNBLJCGH@?$AAe?$AAn?$AA?9?$AAI?$AAE?$AA?$AA@ 0040f88c     LIBCMT:winapinls.obj
 0002:00002898       ??_C@_1M@GEPAFMDL@?$AAe?$AAs?$AA?9?$AAP?$AAA?$AA?$AA@ 0040f898     LIBCMT:winapinls.obj
 0002:000028a4       ??_C@_1M@OJONDMDL@?$AAf?$AAr?$AA?9?$AAM?$AAC?$AA?$AA@ 0040f8a4     LIBCMT:winapinls.obj
 0002:000028b0       ??_C@_1BG@OBCNFJB@?$AAs?$AAr?$AA?9?$AAB?$AAA?$AA?9?$AAL?$AAa?$AAt?$AAn?$AA?$AA@ 0040f8b0     LIBCMT:winapinls.obj
 0002:000028c8       ??_C@_1O@KEMEEGPO@?$AAs?$AAm?$AAa?$AA?9?$AAN?$AAO?$AA?$AA@ 0040f8c8     LIBCMT:winapinls.obj
 0002:000028d8       ??_C@_1M@ELMGFODK@?$AAa?$AAr?$AA?9?$AAT?$AAN?$AA?$AA@ 0040f8d8     LIBCMT:winapinls.obj
 0002:000028e4       ??_C@_1M@BHDLHFAF@?$AAe?$AAn?$AA?9?$AAZ?$AAA?$AA?$AA@ 0040f8e4     LIBCMT:winapinls.obj
 0002:000028f0       ??_C@_1M@BMGIGLIF@?$AAe?$AAs?$AA?9?$AAD?$AAO?$AA?$AA@ 0040f8f0     LIBCMT:winapinls.obj
 0002:000028fc       ??_C@_1BG@CMBHIPBE@?$AAs?$AAr?$AA?9?$AAB?$AAA?$AA?9?$AAC?$AAy?$AAr?$AAl?$AA?$AA@ 0040f8fc     LIBCMT:winapinls.obj
 0002:00002914       ??_C@_1O@HEDBLHNP@?$AAs?$AAm?$AAa?$AA?9?$AAS?$AAE?$AA?$AA@ 0040f914     LIBCMT:winapinls.obj
 0002:00002924       ??_C@_1M@DAGCADIM@?$AAa?$AAr?$AA?9?$AAO?$AAM?$AA?$AA@ 0040f924     LIBCMT:winapinls.obj
 0002:00002930       ??_C@_1M@FODLMICG@?$AAe?$AAn?$AA?9?$AAJ?$AAM?$AA?$AA@ 0040f930     LIBCMT:winapinls.obj
 0002:0000293c       ??_C@_1M@DNMLCIHB@?$AAe?$AAs?$AA?9?$AAV?$AAE?$AA?$AA@ 0040f93c     LIBCMT:winapinls.obj
 0002:00002948       ??_C@_1O@EOKHMKJK@?$AAs?$AAm?$AAs?$AA?9?$AAF?$AAI?$AA?$AA@ 0040f948     LIBCMT:winapinls.obj
 0002:00002958       ??_C@_1M@CAFJMKOF@?$AAa?$AAr?$AA?9?$AAY?$AAE?$AA?$AA@ 0040f958     LIBCMT:winapinls.obj
 0002:00002964       ??_C@_1M@CBFHIJLI@?$AAe?$AAn?$AA?9?$AAC?$AAB?$AA?$AA@ 0040f964     LIBCMT:winapinls.obj
 0002:00002970       ??_C@_1M@BGNFLDN@?$AAe?$AAs?$AA?9?$AAC?$AAO?$AA?$AA@ 0040f970     LIBCMT:winapinls.obj
 0002:0000297c       ??_C@_1O@JMPHMAMC@?$AAs?$AAm?$AAn?$AA?9?$AAF?$AAI?$AA?$AA@ 0040f97c     LIBCMT:winapinls.obj
 0002:0000298c       ??_C@_1M@JLANABKE@?$AAa?$AAr?$AA?9?$AAS?$AAY?$AA?$AA@ 0040f98c     LIBCMT:winapinls.obj
 0002:00002998       ??_C@_1M@HPKGCFGN@?$AAe?$AAn?$AA?9?$AAB?$AAZ?$AA?$AA@ 0040f998     LIBCMT:winapinls.obj
 0002:000029a4       ??_C@_1M@OLJCMLGM@?$AAe?$AAs?$AA?9?$AAP?$AAE?$AA?$AA@ 0040f9a4     LIBCMT:winapinls.obj
 0002:000029b0       ??_C@_1M@MKKGFKLE@?$AAa?$AAr?$AA?9?$AAJ?$AAO?$AA?$AA@ 0040f9b0     LIBCMT:winapinls.obj
 0002:000029bc       ??_C@_1M@EKPGLDNI@?$AAe?$AAn?$AA?9?$AAT?$AAT?$AA?$AA@ 0040f9bc     LIBCMT:winapinls.obj
 0002:000029c8       ??_C@_1M@OONGHFHE@?$AAe?$AAs?$AA?9?$AAA?$AAR?$AA?$AA@ 0040f9c8     LIBCMT:winapinls.obj
 0002:000029d4       ??_C@_1M@OOJFGBHE@?$AAa?$AAr?$AA?9?$AAL?$AAB?$AA?$AA@ 0040f9d4     LIBCMT:winapinls.obj
 0002:000029e0       ??_C@_1M@GCEJHNEG@?$AAe?$AAn?$AA?9?$AAZ?$AAW?$AA?$AA@ 0040f9e0     LIBCMT:winapinls.obj
 0002:000029ec       ??_C@_1M@JNOCAHJI@?$AAe?$AAs?$AA?9?$AAE?$AAC?$AA?$AA@ 0040f9ec     LIBCMT:winapinls.obj
 0002:000029f8       ??_C@_1M@JEFHPGGB@?$AAa?$AAr?$AA?9?$AAK?$AAW?$AA?$AA@ 0040f9f8     LIBCMT:winapinls.obj
 0002:00002a04       ??_C@_1M@MLKIBJOJ@?$AAe?$AAn?$AA?9?$AAP?$AAH?$AA?$AA@ 0040fa04     LIBCMT:winapinls.obj
 0002:00002a10       ??_C@_1M@BDNIPEND@?$AAe?$AAs?$AA?9?$AAC?$AAL?$AA?$AA@ 0040fa10     LIBCMT:winapinls.obj
 0002:00002a1c       ??_C@_1M@MPNMEKBD@?$AAa?$AAr?$AA?9?$AAA?$AAE?$AA?$AA@ 0040fa1c     LIBCMT:winapinls.obj
 0002:00002a28       ??_C@_1M@KBJALCPI@?$AAe?$AAs?$AA?9?$AAU?$AAY?$AA?$AA@ 0040fa28     LIBCMT:winapinls.obj
 0002:00002a34       ??_C@_1M@LLCCOAGA@?$AAa?$AAr?$AA?9?$AAB?$AAH?$AA?$AA@ 0040fa34     LIBCMT:winapinls.obj
 0002:00002a40       ??_C@_1M@PBFNCDEL@?$AAe?$AAs?$AA?9?$AAP?$AAY?$AA?$AA@ 0040fa40     LIBCMT:winapinls.obj
 0002:00002a4c       ??_C@_1M@EDGINPNP@?$AAa?$AAr?$AA?9?$AAQ?$AAA?$AA?$AA@ 0040fa4c     LIBCMT:winapinls.obj
 0002:00002a58       ??_C@_1M@MKDBIIJI@?$AAe?$AAs?$AA?9?$AAB?$AAO?$AA?$AA@ 0040fa58     LIBCMT:winapinls.obj
 0002:00002a64       ??_C@_1M@CPKKEBLD@?$AAe?$AAs?$AA?9?$AAS?$AAV?$AA?$AA@ 0040fa64     LIBCMT:winapinls.obj
 0002:00002a70       ??_C@_1M@NDBGMMJL@?$AAe?$AAs?$AA?9?$AAH?$AAN?$AA?$AA@ 0040fa70     LIBCMT:winapinls.obj
 0002:00002a7c       ??_C@_1M@JIJIBHDP@?$AAe?$AAs?$AA?9?$AAN?$AAI?$AA?$AA@ 0040fa7c     LIBCMT:winapinls.obj
 0002:00002a88       ??_C@_1M@CGFMKEEK@?$AAe?$AAs?$AA?9?$AAP?$AAR?$AA?$AA@ 0040fa88     LIBCMT:winapinls.obj
 0002:00002a94       ??_C@_1O@ICJHKIIK@?$AAz?$AAh?$AA?9?$AAC?$AAH?$AAT?$AA?$AA@ 0040fa94     LIBCMT:winapinls.obj
 0002:00002aa4       ??_C@_15CLNEJCE@?$AAs?$AAr?$AA?$AA@ 0040faa4     LIBCMT:winapinls.obj
 0002:00002aac       ??_C@_1M@KAHEKEIG@?$AAa?$AAf?$AA?9?$AAz?$AAa?$AA?$AA@ 0040faac     LIBCMT:winapinls.obj
 0002:00002ab8       ??_C@_1M@GIECOABL@?$AAa?$AAr?$AA?9?$AAa?$AAe?$AA?$AA@ 0040fab8     LIBCMT:winapinls.obj
 0002:00002ac4       ??_C@_1M@BMLMEKGI@?$AAa?$AAr?$AA?9?$AAb?$AAh?$AA?$AA@ 0040fac4     LIBCMT:winapinls.obj
 0002:00002ad0       ??_C@_1M@DAPFDGGB@?$AAa?$AAr?$AA?9?$AAd?$AAz?$AA?$AA@ 0040fad0     LIBCMT:winapinls.obj
 0002:00002adc       ??_C@_1M@FJNKGKIG@?$AAa?$AAr?$AA?9?$AAe?$AAg?$AA?$AA@ 0040fadc     LIBCMT:winapinls.obj
 0002:00002ae8       ??_C@_1M@FLGKKCLO@?$AAa?$AAr?$AA?9?$AAi?$AAq?$AA?$AA@ 0040fae8     LIBCMT:winapinls.obj
 0002:00002af4       ??_C@_1M@GNDIPALM@?$AAa?$AAr?$AA?9?$AAj?$AAo?$AA?$AA@ 0040faf4     LIBCMT:winapinls.obj
 0002:00002b00       ??_C@_1M@DDMJFMGJ@?$AAa?$AAr?$AA?9?$AAk?$AAw?$AA?$AA@ 0040fb00     LIBCMT:winapinls.obj
 0002:00002b0c       ??_C@_1M@EJALMLHM@?$AAa?$AAr?$AA?9?$AAl?$AAb?$AA?$AA@ 0040fb0c     LIBCMT:winapinls.obj
 0002:00002b18       ??_C@_1M@MOBDBLOC@?$AAa?$AAr?$AA?9?$AAl?$AAy?$AA?$AA@ 0040fb18     LIBCMT:winapinls.obj
 0002:00002b24       ??_C@_1M@JAOCLHDH@?$AAa?$AAr?$AA?9?$AAm?$AAa?$AA?$AA@ 0040fb24     LIBCMT:winapinls.obj
 0002:00002b30       ??_C@_1M@JHPMKJIE@?$AAa?$AAr?$AA?9?$AAo?$AAm?$AA?$AA@ 0040fb30     LIBCMT:winapinls.obj
 0002:00002b3c       ??_C@_1M@OEPGHFNH@?$AAa?$AAr?$AA?9?$AAq?$AAa?$AA?$AA@ 0040fb3c     LIBCMT:winapinls.obj
 0002:00002b48       ??_C@_1M@KJDONENM@?$AAa?$AAr?$AA?9?$AAs?$AAa?$AA?$AA@ 0040fb48     LIBCMT:winapinls.obj
 0002:00002b54       ??_C@_1M@DMJDKLKM@?$AAa?$AAr?$AA?9?$AAs?$AAy?$AA?$AA@ 0040fb54     LIBCMT:winapinls.obj
 0002:00002b60       ??_C@_1M@OMFIPEDC@?$AAa?$AAr?$AA?9?$AAt?$AAn?$AA?$AA@ 0040fb60     LIBCMT:winapinls.obj
 0002:00002b6c       ??_C@_1M@IHMHGAON@?$AAa?$AAr?$AA?9?$AAy?$AAe?$AA?$AA@ 0040fb6c     LIBCMT:winapinls.obj
 0002:00002b78       ??_C@_1BG@KDCPGJGB@?$AAa?$AAz?$AA?9?$AAa?$AAz?$AA?9?$AAc?$AAy?$AAr?$AAl?$AA?$AA@ 0040fb78     LIBCMT:winapinls.obj
 0002:00002b90       ??_C@_1BG@IBCKDDOE@?$AAa?$AAz?$AA?9?$AAa?$AAz?$AA?9?$AAl?$AAa?$AAt?$AAn?$AA?$AA@ 0040fb90     LIBCMT:winapinls.obj
 0002:00002ba8       ??_C@_1M@EGPFDCPD@?$AAb?$AAe?$AA?9?$AAb?$AAy?$AA?$AA@ 0040fba8     LIBCMT:winapinls.obj
 0002:00002bb4       ??_C@_1M@PCMGMCGC@?$AAb?$AAg?$AA?9?$AAb?$AAg?$AA?$AA@ 0040fbb4     LIBCMT:winapinls.obj
 0002:00002bc0       ??_C@_1M@BJBMFGOB@?$AAb?$AAn?$AA?9?$AAi?$AAn?$AA?$AA@ 0040fbc0     LIBCMT:winapinls.obj
 0002:00002bcc       ??_C@_1BG@EAKMMACD@?$AAb?$AAs?$AA?9?$AAb?$AAa?$AA?9?$AAl?$AAa?$AAt?$AAn?$AA?$AA@ 0040fbcc     LIBCMT:winapinls.obj
 0002:00002be4       ??_C@_1M@KGADAODK@?$AAc?$AAa?$AA?9?$AAe?$AAs?$AA?$AA@ 0040fbe4     LIBCMT:winapinls.obj
 0002:00002bf0       ??_C@_1M@COAJPDHI@?$AAc?$AAs?$AA?9?$AAc?$AAz?$AA?$AA@ 0040fbf0     LIBCMT:winapinls.obj
 0002:00002bfc       ??_C@_1M@DHBHFONH@?$AAc?$AAy?$AA?9?$AAg?$AAb?$AA?$AA@ 0040fbfc     LIBCMT:winapinls.obj
 0002:00002c08       ??_C@_1M@IMGKELGA@?$AAd?$AAa?$AA?9?$AAd?$AAk?$AA?$AA@ 0040fc08     LIBCMT:winapinls.obj
 0002:00002c14       ??_C@_1M@NNDGDNGA@?$AAd?$AAe?$AA?9?$AAa?$AAt?$AA?$AA@ 0040fc14     LIBCMT:winapinls.obj
 0002:00002c20       ??_C@_1M@IKDBHEEM@?$AAd?$AAe?$AA?9?$AAc?$AAh?$AA?$AA@ 0040fc20     LIBCMT:winapinls.obj
 0002:00002c2c       ??_C@_1M@GFFOJMCJ@?$AAd?$AAe?$AA?9?$AAd?$AAe?$AA?$AA@ 0040fc2c     LIBCMT:winapinls.obj
 0002:00002c38       ??_C@_1M@MDNLKBPM@?$AAd?$AAe?$AA?9?$AAl?$AAi?$AA?$AA@ 0040fc38     LIBCMT:winapinls.obj
 0002:00002c44       ??_C@_1M@NJBEEJNL@?$AAd?$AAe?$AA?9?$AAl?$AAu?$AA?$AA@ 0040fc44     LIBCMT:winapinls.obj
 0002:00002c50       ??_C@_1O@GNNELBAP@?$AAd?$AAi?$AAv?$AA?9?$AAm?$AAv?$AA?$AA@ 0040fc50     LIBCMT:winapinls.obj
 0002:00002c60       ??_C@_1M@EJLEOGAE@?$AAe?$AAl?$AA?9?$AAg?$AAr?$AA?$AA@ 0040fc60     LIBCMT:winapinls.obj
 0002:00002c6c       ??_C@_1M@GMPONJN@?$AAe?$AAn?$AA?9?$AAa?$AAu?$AA?$AA@ 0040fc6c     LIBCMT:winapinls.obj
 0002:00002c78       ??_C@_1M@NIDIIPGF@?$AAe?$AAn?$AA?9?$AAb?$AAz?$AA?$AA@ 0040fc78     LIBCMT:winapinls.obj
 0002:00002c84       ??_C@_1M@JEHMIMFO@?$AAe?$AAn?$AA?9?$AAc?$AAa?$AA?$AA@ 0040fc84     LIBCMT:winapinls.obj
 0002:00002c90       ??_C@_1M@IGMJCDLA@?$AAe?$AAn?$AA?9?$AAc?$AAb?$AA?$AA@ 0040fc90     LIBCMT:winapinls.obj
 0002:00002c9c       ??_C@_1M@BNFIGBKG@?$AAe?$AAn?$AA?9?$AAg?$AAb?$AA?$AA@ 0040fc9c     LIBCMT:winapinls.obj
 0002:00002ca8       ??_C@_1M@LKIFDIGP@?$AAe?$AAn?$AA?9?$AAi?$AAe?$AA?$AA@ 0040fca8     LIBCMT:winapinls.obj
 0002:00002cb4       ??_C@_1M@PJKFGCCO@?$AAe?$AAn?$AA?9?$AAj?$AAm?$AA?$AA@ 0040fcb4     LIBCMT:winapinls.obj
 0002:00002cc0       ??_C@_1M@KPPKEPBO@?$AAe?$AAn?$AA?9?$AAn?$AAz?$AA?$AA@ 0040fcc0     LIBCMT:winapinls.obj
 0002:00002ccc       ??_C@_1M@GMDGLDOB@?$AAe?$AAn?$AA?9?$AAp?$AAh?$AA?$AA@ 0040fccc     LIBCMT:winapinls.obj
 0002:00002cd8       ??_C@_1M@ONGIBJNA@?$AAe?$AAn?$AA?9?$AAt?$AAt?$AA?$AA@ 0040fcd8     LIBCMT:winapinls.obj
 0002:00002ce4       ??_C@_1M@LLODPCMM@?$AAe?$AAn?$AA?9?$AAu?$AAs?$AA?$AA@ 0040fce4     LIBCMT:winapinls.obj
 0002:00002cf0       ??_C@_1M@LAKFNPAN@?$AAe?$AAn?$AA?9?$AAz?$AAa?$AA?$AA@ 0040fcf0     LIBCMT:winapinls.obj
 0002:00002cfc       ??_C@_1M@MFNHNHEO@?$AAe?$AAn?$AA?9?$AAz?$AAw?$AA?$AA@ 0040fcfc     LIBCMT:winapinls.obj
 0002:00002d08       ??_C@_1M@EJEINPHM@?$AAe?$AAs?$AA?9?$AAa?$AAr?$AA?$AA@ 0040fd08     LIBCMT:winapinls.obj
 0002:00002d14       ??_C@_1M@GNKPCCJA@?$AAe?$AAs?$AA?9?$AAb?$AAo?$AA?$AA@ 0040fd14     LIBCMT:winapinls.obj
 0002:00002d20       ??_C@_1M@LEEGFONL@?$AAe?$AAs?$AA?9?$AAc?$AAl?$AA?$AA@ 0040fd20     LIBCMT:winapinls.obj
 0002:00002d2c       ??_C@_1M@KGPDPBDF@?$AAe?$AAs?$AA?9?$AAc?$AAo?$AA?$AA@ 0040fd2c     LIBCMT:winapinls.obj
 0002:00002d38       ??_C@_1M@EIAHOHH@?$AAe?$AAs?$AA?9?$AAc?$AAr?$AA?$AA@ 0040fd38     LIBCMT:winapinls.obj
 0002:00002d44       ??_C@_1M@LLPGMBIN@?$AAe?$AAs?$AA?9?$AAd?$AAo?$AA?$AA@ 0040fd44     LIBCMT:winapinls.obj
 0002:00002d50       ??_C@_1M@DKHMKNJA@?$AAe?$AAs?$AA?9?$AAe?$AAc?$AA?$AA@ 0040fd50     LIBCMT:winapinls.obj
 0002:00002d5c       ??_C@_1M@GKGFPKAP@?$AAe?$AAs?$AA?9?$AAe?$AAs?$AA?$AA@ 0040fd5c     LIBCMT:winapinls.obj
 0002:00002d68       ??_C@_1M@LKHKGDLN@?$AAe?$AAs?$AA?9?$AAg?$AAt?$AA?$AA@ 0040fd68     LIBCMT:winapinls.obj
 0002:00002d74       ??_C@_1M@HEIIGGJD@?$AAe?$AAs?$AA?9?$AAh?$AAn?$AA?$AA@ 0040fd74     LIBCMT:winapinls.obj
 0002:00002d80       ??_C@_1M@FBDHPPGD@?$AAe?$AAs?$AA?9?$AAm?$AAx?$AA?$AA@ 0040fd80     LIBCMT:winapinls.obj
 0002:00002d8c       ??_C@_1M@DPAGLNDH@?$AAe?$AAs?$AA?9?$AAn?$AAi?$AA?$AA@ 0040fd8c     LIBCMT:winapinls.obj
 0002:00002d98       ??_C@_1M@MDGOPGDD@?$AAe?$AAs?$AA?9?$AAp?$AAa?$AA?$AA@ 0040fd98     LIBCMT:winapinls.obj
 0002:00002da4       ??_C@_1M@EMAMGBGE@?$AAe?$AAs?$AA?9?$AAp?$AAe?$AA?$AA@ 0040fda4     LIBCMT:winapinls.obj
 0002:00002db0       ??_C@_1M@IBMCAOEC@?$AAe?$AAs?$AA?9?$AAp?$AAr?$AA?$AA@ 0040fdb0     LIBCMT:winapinls.obj
 0002:00002dbc       ??_C@_1M@FGMDIJED@?$AAe?$AAs?$AA?9?$AAp?$AAy?$AA?$AA@ 0040fdbc     LIBCMT:winapinls.obj
 0002:00002dc8       ??_C@_1M@IIDEOLLL@?$AAe?$AAs?$AA?9?$AAs?$AAv?$AA?$AA@ 0040fdc8     LIBCMT:winapinls.obj
 0002:00002dd4       ??_C@_1M@GAOBIPA@?$AAe?$AAs?$AA?9?$AAu?$AAy?$AA?$AA@ 0040fdd4     LIBCMT:winapinls.obj
 0002:00002de0       ??_C@_1M@JKFFICHJ@?$AAe?$AAs?$AA?9?$AAv?$AAe?$AA?$AA@ 0040fde0     LIBCMT:winapinls.obj
 0002:00002dec       ??_C@_1M@PNMLOJDF@?$AAe?$AAt?$AA?9?$AAe?$AAe?$AA?$AA@ 0040fdec     LIBCMT:winapinls.obj
 0002:00002df8       ??_C@_1M@GHHLIKEI@?$AAe?$AAu?$AA?9?$AAe?$AAs?$AA?$AA@ 0040fdf8     LIBCMT:winapinls.obj
 0002:00002e04       ??_C@_1M@PBNONODE@?$AAf?$AAa?$AA?9?$AAi?$AAr?$AA?$AA@ 0040fe04     LIBCMT:winapinls.obj
 0002:00002e10       ??_C@_1M@JEEHPMIL@?$AAf?$AAi?$AA?9?$AAf?$AAi?$AA?$AA@ 0040fe10     LIBCMT:winapinls.obj
 0002:00002e1c       ??_C@_1M@LMDCNDBA@?$AAf?$AAo?$AA?9?$AAf?$AAo?$AA?$AA@ 0040fe1c     LIBCMT:winapinls.obj
 0002:00002e28       ??_C@_1M@JKEOHLDK@?$AAf?$AAr?$AA?9?$AAb?$AAe?$AA?$AA@ 0040fe28     LIBCMT:winapinls.obj
 0002:00002e34       ??_C@_1M@NOHADPMI@?$AAf?$AAr?$AA?9?$AAc?$AAa?$AA?$AA@ 0040fe34     LIBCMT:winapinls.obj
 0002:00002e40       ??_C@_1M@KDHIHAEC@?$AAf?$AAr?$AA?9?$AAc?$AAh?$AA?$AA@ 0040fe40     LIBCMT:winapinls.obj
 0002:00002e4c       ??_C@_1M@MMBBFGAK@?$AAf?$AAr?$AA?9?$AAf?$AAr?$AA?$AA@ 0040fe4c     LIBCMT:winapinls.obj
 0002:00002e58       ??_C@_1M@PAFNENNF@?$AAf?$AAr?$AA?9?$AAl?$AAu?$AA?$AA@ 0040fe58     LIBCMT:winapinls.obj
 0002:00002e64       ??_C@_1M@EOHDJGDD@?$AAf?$AAr?$AA?9?$AAm?$AAc?$AA?$AA@ 0040fe64     LIBCMT:winapinls.obj
 0002:00002e70       ??_C@_1M@FAPLLOPF@?$AAg?$AAl?$AA?9?$AAe?$AAs?$AA?$AA@ 0040fe70     LIBCMT:winapinls.obj
 0002:00002e7c       ??_C@_1M@FOPBFLOO@?$AAg?$AAu?$AA?9?$AAi?$AAn?$AA?$AA@ 0040fe7c     LIBCMT:winapinls.obj
 0002:00002e88       ??_C@_1M@KBMCINPM@?$AAh?$AAe?$AA?9?$AAi?$AAl?$AA?$AA@ 0040fe88     LIBCMT:winapinls.obj
 0002:00002e94       ??_C@_1M@BBPHKFPJ@?$AAh?$AAi?$AA?9?$AAi?$AAn?$AA?$AA@ 0040fe94     LIBCMT:winapinls.obj
 0002:00002ea0       ??_C@_1M@PMBNDPHD@?$AAh?$AAr?$AA?9?$AAb?$AAa?$AA?$AA@ 0040fea0     LIBCMT:winapinls.obj
 0002:00002eac       ??_C@_1M@BPCKOEGE@?$AAh?$AAr?$AA?9?$AAh?$AAr?$AA?$AA@ 0040feac     LIBCMT:winapinls.obj
 0002:00002eb8       ??_C@_1M@GACBMHKE@?$AAh?$AAu?$AA?9?$AAh?$AAu?$AA?$AA@ 0040feb8     LIBCMT:winapinls.obj
 0002:00002ec4       ??_C@_1M@MILPAJJC@?$AAh?$AAy?$AA?9?$AAa?$AAm?$AA?$AA@ 0040fec4     LIBCMT:winapinls.obj
 0002:00002ed0       ??_C@_1M@BABBICEC@?$AAi?$AAd?$AA?9?$AAi?$AAd?$AA?$AA@ 0040fed0     LIBCMT:winapinls.obj
 0002:00002edc       ??_C@_1M@BIKNHHPF@?$AAi?$AAs?$AA?9?$AAi?$AAs?$AA?$AA@ 0040fedc     LIBCMT:winapinls.obj
 0002:00002ee8       ??_C@_1M@NMPCJPHE@?$AAi?$AAt?$AA?9?$AAc?$AAh?$AA?$AA@ 0040fee8     LIBCMT:winapinls.obj
 0002:00002ef4       ??_C@_1M@GHKGFEDF@?$AAi?$AAt?$AA?9?$AAi?$AAt?$AA?$AA@ 0040fef4     LIBCMT:winapinls.obj
 0002:00002f00       ??_C@_1M@NIEJCJJA@?$AAj?$AAa?$AA?9?$AAj?$AAp?$AA?$AA@ 0040ff00     LIBCMT:winapinls.obj
 0002:00002f0c       ??_C@_1M@JILFNBIM@?$AAk?$AAa?$AA?9?$AAg?$AAe?$AA?$AA@ 0040ff0c     LIBCMT:winapinls.obj
 0002:00002f18       ??_C@_1M@PACPMGPH@?$AAk?$AAk?$AA?9?$AAk?$AAz?$AA?$AA@ 0040ff18     LIBCMT:winapinls.obj
 0002:00002f24       ??_C@_1M@IELFGMHA@?$AAk?$AAn?$AA?9?$AAi?$AAn?$AA?$AA@ 0040ff24     LIBCMT:winapinls.obj
 0002:00002f30       ??_C@_1O@IBBJHCH@?$AAk?$AAo?$AAk?$AA?9?$AAi?$AAn?$AA?$AA@ 0040ff30     LIBCMT:winapinls.obj
 0002:00002f40       ??_C@_1M@DMHAEOGC@?$AAk?$AAo?$AA?9?$AAk?$AAr?$AA?$AA@ 0040ff40     LIBCMT:winapinls.obj
 0002:00002f4c       ??_C@_1M@HBAHBIGA@?$AAk?$AAy?$AA?9?$AAk?$AAg?$AA?$AA@ 0040ff4c     LIBCMT:winapinls.obj
 0002:00002f58       ??_C@_1M@KPMILCJG@?$AAl?$AAt?$AA?9?$AAl?$AAt?$AA?$AA@ 0040ff58     LIBCMT:winapinls.obj
 0002:00002f64       ??_C@_1M@BDEKKCA@?$AAl?$AAv?$AA?9?$AAl?$AAv?$AA?$AA@ 0040ff64     LIBCMT:winapinls.obj
 0002:00002f70       ??_C@_1M@ELCKCCJJ@?$AAm?$AAi?$AA?9?$AAn?$AAz?$AA?$AA@ 0040ff70     LIBCMT:winapinls.obj
 0002:00002f7c       ??_C@_1M@CBOOLAPA@?$AAm?$AAk?$AA?9?$AAm?$AAk?$AA?$AA@ 0040ff7c     LIBCMT:winapinls.obj
 0002:00002f88       ??_C@_1M@GPHNBJKN@?$AAm?$AAl?$AA?9?$AAi?$AAn?$AA?$AA@ 0040ff88     LIBCMT:winapinls.obj
 0002:00002f94       ??_C@_1M@PABJILIG@?$AAm?$AAn?$AA?9?$AAm?$AAn?$AA?$AA@ 0040ff94     LIBCMT:winapinls.obj
 0002:00002fa0       ??_C@_1M@FGBKKIPG@?$AAm?$AAr?$AA?9?$AAi?$AAn?$AA?$AA@ 0040ffa0     LIBCMT:winapinls.obj
 0002:00002fac       ??_C@_1M@NDBPDDAL@?$AAm?$AAs?$AA?9?$AAb?$AAn?$AA?$AA@ 0040ffac     LIBCMT:winapinls.obj
 0002:00002fb8       ??_C@_1M@OPIHOOPI@?$AAm?$AAs?$AA?9?$AAm?$AAy?$AA?$AA@ 0040ffb8     LIBCMT:winapinls.obj
 0002:00002fc4       ??_C@_1M@PPDBCNFM@?$AAm?$AAt?$AA?9?$AAm?$AAt?$AA?$AA@ 0040ffc4     LIBCMT:winapinls.obj
 0002:00002fd0       ??_C@_1M@KDJDKMDD@?$AAn?$AAb?$AA?9?$AAn?$AAo?$AA?$AA@ 0040ffd0     LIBCMT:winapinls.obj
 0002:00002fdc       ??_C@_1M@KFCFLMJP@?$AAn?$AAl?$AA?9?$AAb?$AAe?$AA?$AA@ 0040ffdc     LIBCMT:winapinls.obj
 0002:00002fe8       ??_C@_1M@KPOPDDGO@?$AAn?$AAl?$AA?9?$AAn?$AAl?$AA?$AA@ 0040ffe8     LIBCMT:winapinls.obj
 0002:00002ff4       ??_C@_1M@LJKPEMLN@?$AAn?$AAn?$AA?9?$AAn?$AAo?$AA?$AA@ 0040fff4     LIBCMT:winapinls.obj
 0002:00003000       ??_C@_1M@BDGHHBFL@?$AAn?$AAs?$AA?9?$AAz?$AAa?$AA?$AA@ 00410000     LIBCMT:winapinls.obj
 0002:0000300c       ??_C@_1M@IDEHOAP@?$AAp?$AAa?$AA?9?$AAi?$AAn?$AA?$AA@ 0041000c     LIBCMT:winapinls.obj
 0002:00003018       ??_C@_1M@HDBKGOGH@?$AAp?$AAl?$AA?9?$AAp?$AAl?$AA?$AA@ 00410018     LIBCMT:winapinls.obj
 0002:00003024       ??_C@_1M@LJLLCMEH@?$AAp?$AAt?$AA?9?$AAb?$AAr?$AA?$AA@ 00410024     LIBCMT:winapinls.obj
 0002:00003030       ??_C@_1M@NCMONAAL@?$AAp?$AAt?$AA?9?$AAp?$AAt?$AA?$AA@ 00410030     LIBCMT:winapinls.obj
 0002:0000303c       ??_C@_1O@EAKMAJDN@?$AAq?$AAu?$AAz?$AA?9?$AAb?$AAo?$AA?$AA@ 0041003c     LIBCMT:winapinls.obj
 0002:0000304c       ??_C@_1O@BHHPIGDN@?$AAq?$AAu?$AAz?$AA?9?$AAe?$AAc?$AA?$AA@ 0041004c     LIBCMT:winapinls.obj
 0002:0000305c       ??_C@_1O@GBAPEKMJ@?$AAq?$AAu?$AAz?$AA?9?$AAp?$AAe?$AA?$AA@ 0041005c     LIBCMT:winapinls.obj
 0002:0000306c       ??_C@_1M@CLGLEFBO@?$AAr?$AAo?$AA?9?$AAr?$AAo?$AA?$AA@ 0041006c     LIBCMT:winapinls.obj
 0002:00003078       ??_C@_1M@CEEDODME@?$AAr?$AAu?$AA?9?$AAr?$AAu?$AA?$AA@ 00410078     LIBCMT:winapinls.obj
 0002:00003084       ??_C@_1M@HPKKKMPP@?$AAs?$AAa?$AA?9?$AAi?$AAn?$AA?$AA@ 00410084     LIBCMT:winapinls.obj
 0002:00003090       ??_C@_1M@BKMAIGOJ@?$AAs?$AAe?$AA?9?$AAf?$AAi?$AA?$AA@ 00410090     LIBCMT:winapinls.obj
 0002:0000309c       ??_C@_1M@NDPIFLFI@?$AAs?$AAe?$AA?9?$AAn?$AAo?$AA?$AA@ 0041009c     LIBCMT:winapinls.obj
 0002:000030a8       ??_C@_1M@DANKKHJ@?$AAs?$AAe?$AA?9?$AAs?$AAe?$AA?$AA@ 004100a8     LIBCMT:winapinls.obj
 0002:000030b4       ??_C@_1M@PNBLONPJ@?$AAs?$AAk?$AA?9?$AAs?$AAk?$AA?$AA@ 004100b4     LIBCMT:winapinls.obj
 0002:000030c0       ??_C@_1M@LFMODOAL@?$AAs?$AAl?$AA?9?$AAs?$AAi?$AA?$AA@ 004100c0     LIBCMT:winapinls.obj
 0002:000030cc       ??_C@_1O@DFKOMPG@?$AAs?$AAm?$AAa?$AA?9?$AAn?$AAo?$AA?$AA@ 004100cc     LIBCMT:winapinls.obj
 0002:000030dc       ??_C@_1O@NDKPBNNH@?$AAs?$AAm?$AAa?$AA?9?$AAs?$AAe?$AA?$AA@ 004100dc     LIBCMT:winapinls.obj
 0002:000030ec       ??_C@_1O@PLLKBHAB@?$AAs?$AAm?$AAj?$AA?9?$AAn?$AAo?$AA?$AA@ 004100ec     LIBCMT:winapinls.obj
 0002:000030fc       ??_C@_1O@CLEPOGCA@?$AAs?$AAm?$AAj?$AA?9?$AAs?$AAe?$AA?$AA@ 004100fc     LIBCMT:winapinls.obj
 0002:0000310c       ??_C@_1O@DLGJGKMK@?$AAs?$AAm?$AAn?$AA?9?$AAf?$AAi?$AA?$AA@ 0041010c     LIBCMT:winapinls.obj
 0002:0000311c       ??_C@_1O@OJDJGAJC@?$AAs?$AAm?$AAs?$AA?9?$AAf?$AAi?$AA?$AA@ 0041011c     LIBCMT:winapinls.obj
 0002:0000312c       ??_C@_1M@BOFOGHPB@?$AAs?$AAq?$AA?9?$AAa?$AAl?$AA?$AA@ 0041012c     LIBCMT:winapinls.obj
 0002:00003138       ??_C@_1BG@LJBBIPGB@?$AAs?$AAr?$AA?9?$AAb?$AAa?$AA?9?$AAc?$AAy?$AAr?$AAl?$AA?$AA@ 00410138     LIBCMT:winapinls.obj
 0002:00003150       ??_C@_1BG@JLBENFOE@?$AAs?$AAr?$AA?9?$AAb?$AAa?$AA?9?$AAl?$AAa?$AAt?$AAn?$AA?$AA@ 00410150     LIBCMT:winapinls.obj
 0002:00003168       ??_C@_1BG@KODPNHE@?$AAs?$AAr?$AA?9?$AAs?$AAp?$AA?9?$AAc?$AAy?$AAr?$AAl?$AA?$AA@ 00410168     LIBCMT:winapinls.obj
 0002:00003180       ??_C@_1BG@CIOGKHPB@?$AAs?$AAr?$AA?9?$AAs?$AAp?$AA?9?$AAl?$AAa?$AAt?$AAn?$AA?$AA@ 00410180     LIBCMT:winapinls.obj
 0002:00003198       ??_C@_1M@NGFJLMAC@?$AAs?$AAv?$AA?9?$AAf?$AAi?$AA?$AA@ 00410198     LIBCMT:winapinls.obj
 0002:000031a4       ??_C@_1M@MPJEJAJC@?$AAs?$AAv?$AA?9?$AAs?$AAe?$AA?$AA@ 004101a4     LIBCMT:winapinls.obj
 0002:000031b0       ??_C@_1M@MPNDHLFK@?$AAs?$AAw?$AA?9?$AAk?$AAe?$AA?$AA@ 004101b0     LIBCMT:winapinls.obj
 0002:000031bc       ??_C@_1O@KOHBJJI@?$AAs?$AAy?$AAr?$AA?9?$AAs?$AAy?$AA?$AA@ 004101bc     LIBCMT:winapinls.obj
 0002:000031cc       ??_C@_1M@LDCEFHA@?$AAt?$AAa?$AA?9?$AAi?$AAn?$AA?$AA@ 004101cc     LIBCMT:winapinls.obj
 0002:000031d8       ??_C@_1M@CNJOFAK@?$AAt?$AAe?$AA?9?$AAi?$AAn?$AA?$AA@ 004101d8     LIBCMT:winapinls.obj
 0002:000031e4       ??_C@_1M@GNAECACD@?$AAt?$AAh?$AA?9?$AAt?$AAh?$AA?$AA@ 004101e4     LIBCMT:winapinls.obj
 0002:000031f0       ??_C@_1M@CHBIHOJO@?$AAt?$AAn?$AA?9?$AAz?$AAa?$AA?$AA@ 004101f0     LIBCMT:winapinls.obj
 0002:000031fc       ??_C@_1M@GCCMIGPJ@?$AAt?$AAr?$AA?9?$AAt?$AAr?$AA?$AA@ 004101fc     LIBCMT:winapinls.obj
 0002:00003208       ??_C@_1M@CELMCNBK@?$AAt?$AAt?$AA?9?$AAr?$AAu?$AA?$AA@ 00410208     LIBCMT:winapinls.obj
 0002:00003214       ??_C@_1M@KLMCELGA@?$AAu?$AAk?$AA?9?$AAu?$AAa?$AA?$AA@ 00410214     LIBCMT:winapinls.obj
[...]
 0003:000018c0       ?__pInconsistency@@3P6AXXZA 004138c0     LIBCMT:hooks.obj
 0003:000018c4       ?_pnhHeap@@3P6AHI@ZA       004138c4     LIBCMT:handler.obj
 0003:000018c8       ___pPurecall               004138c8     LIBCMT:inithelp.obj
 0003:000018e4       ___mbcodepage              004138e4     LIBCMT:mbctype.obj
 0003:000018e8       ___ismbcodepage            004138e8     LIBCMT:mbctype.obj
 0003:000018ec       ___mbulinfo                004138ec     LIBCMT:mbctype.obj
 0003:000018f8       ___mblocalename            004138f8     LIBCMT:mbctype.obj
 0003:00001900       __stdbuf                   00413900     LIBCMT:_sftbuf.obj
 0003:00001908       ___pioinfo                 00413908     LIBCMT:ioinit.obj
 0003:00001a08       ___isa_available           00413a08     LIBCMT:cpu_disp.obj
 0003:00001a0c       ___favor                   00413a0c     LIBCMT:cpu_disp.obj
 0003:00001b18       ___error_mode              00413b18     LIBCMT:errmode.obj
 0003:00001e58       ___lconv_static_null       00413e58     LIBCMT:lconv.obj
 0003:00001e5c       ___lconv_static_W_null     00413e5c     LIBCMT:lconv.obj
 0003:00001e60       ___locale_changed          00413e60     LIBCMT:wsetloca.obj
 0003:00001e64       ___fastflag                00413e64     LIBCMT:fpinit.obj
 0003:00001e68       __outputformat             00413e68     LIBCMT:outputformat.obj
 0003:00001e6c       __debugger_hook_dummy      00413e6c     <common>
 0003:00001e70       __nhandle                  00413e70     <common>
 0003:00001e74       __pDestructExceptionObject 00413e74     <common>
 0003:00001e80       _encodedKERNEL32Functions  00413e80     <common>
 0003:00001f04       __acmdln                   00413f04     <common>
 0003:00001f20       __bufin                    00413f20     <common>
 0003:00002f20       ___piob                    00414f20     <common>
 0003:00002f24       __nstream                  00414f24     <common>
 0003:00002f28       ___dyn_tls_init_callback   00414f28     <common>
 0003:00002f2c       ___onexitend               00414f2c     <common>
 0003:00002f30       ___onexitbegin             00414f30     <common>
 0003:00002f34       ___mbctype_initialized     00414f34     <common>
 0003:00002f38       ___env_initialized         00414f38     <common>

 entry point at        0001:0000140b

 Static symbols

 0000:fffea000       .debug$S                   00400000     kernel32:KERNEL32.dll
 0000:fffea000       .debug$S                   00400000     tier0:tier0.dll
 0000:fffea000       .debug$S                   00400000     advapi32:ADVAPI32.dll
 0000:fffea000       .debug$S                   00400000     advapi32:ADVAPI32.dll
 0000:fffea000       .debug$S                   00400000     kernel32:KERNEL32.dll
 0000:fffea000       .debug$S                   00400000     kernel32:KERNEL32.dll
 0000:fffea000       .debug$S                   00400000     kernel32:KERNEL32.dll
 0000:fffea000       .debug$S                   00400000     kernel32:KERNEL32.dll
 0000:fffea000       .debug$S                   00400000     kernel32:KERNEL32.dll
 0000:fffea000       .debug$S                   00400000     kernel32:KERNEL32.dll
 0000:fffea000       .debug$S                   00400000     kernel32:KERNEL32.dll
 0000:fffea000       .debug$S                   00400000     kernel32:KERNEL32.dll
 0000:fffea000       .debug$S                   00400000     kernel32:KERNEL32.dll
 0000:fffea000       .debug$S                   00400000     kernel32:KERNEL32.dll
 0000:fffea000       .debug$S                   00400000     kernel32:KERNEL32.dll
 0000:fffea000       .debug$S                   00400000     kernel32:KERNEL32.dll
 0000:fffea000       .debug$S                   00400000     kernel32:KERNEL32.dll
 0000:fffea000       .debug$S                   00400000     kernel32:KERNEL32.dll
 0000:fffea000       .debug$S                   00400000     kernel32:KERNEL32.dll
 0000:fffea000       .debug$S                   00400000     kernel32:KERNEL32.dll
 0000:fffea000       .debug$S                   00400000     kernel32:KERNEL32.dll
 0000:fffea000       .debug$S                   00400000     kernel32:KERNEL32.dll
 0000:fffea000       .debug$S                   00400000     kernel32:KERNEL32.dll
 0000:fffea000       .debug$S                   00400000     kernel32:KERNEL32.dll
 0000:fffea000       .debug$S                   00400000     kernel32:KERNEL32.dll
 0000:fffea000       .debug$S                   00400000     kernel32:KERNEL32.dll
 0000:fffea000       .debug$S                   00400000     kernel32:KERNEL32.dll
 0000:fffea000       .debug$S                   00400000     kernel32:KERNEL32.dll
 0000:fffea000       .debug$S                   00400000     kernel32:KERNEL32.dll
 0000:fffea000       .debug$S                   00400000     kernel32:KERNEL32.dll
 0000:fffea000       .debug$S                   00400000     kernel32:KERNEL32.dll
 0000:fffea000       .debug$S                   00400000     kernel32:KERNEL32.dll
 0000:fffea000       .debug$S                   00400000     kernel32:KERNEL32.dll
 0000:fffea000       .debug$S                   00400000     kernel32:KERNEL32.dll
 0000:fffea000       .debug$S                   00400000     kernel32:KERNEL32.dll
 0000:fffea000       .debug$S                   00400000     kernel32:KERNEL32.dll
 0000:fffea000       .debug$S                   00400000     kernel32:KERNEL32.dll
 0000:fffea000       .debug$S                   00400000     kernel32:KERNEL32.dll
 0000:fffea000       .debug$S                   00400000     kernel32:KERNEL32.dll
 0000:fffea000       .debug$S                   00400000     kernel32:KERNEL32.dll
 0000:fffea000       .debug$S                   00400000     kernel32:KERNEL32.dll
 0000:fffea000       .debug$S                   00400000     kernel32:KERNEL32.dll
 0000:fffea000       .debug$S                   00400000     kernel32:KERNEL32.dll
 0000:fffea000       .debug$S                   00400000     kernel32:KERNEL32.dll
 0000:fffea000       .debug$S                   00400000     kernel32:KERNEL32.dll
 0000:fffea000       .debug$S                   00400000     kernel32:KERNEL32.dll
 0000:fffea000       .debug$S                   00400000     kernel32:KERNEL32.dll
 0000:fffea000       .debug$S                   00400000     kernel32:KERNEL32.dll
 0000:fffea000       .debug$S                   00400000     kernel32:KERNEL32.dll
 0000:fffea000       .debug$S                   00400000     kernel32:KERNEL32.dll
 0000:fffea000       .debug$S                   00400000     kernel32:KERNEL32.dll
 0000:fffea000       .debug$S                   00400000     kernel32:KERNEL32.dll
 0000:fffea000       .debug$S                   00400000     kernel32:KERNEL32.dll
 0000:fffea000       .debug$S                   00400000     kernel32:KERNEL32.dll
 0000:fffea000       .debug$S                   00400000     kernel32:KERNEL32.dll
 0000:fffea000       .debug$S                   00400000     kernel32:KERNEL32.dll
 0000:fffea000       .debug$S                   00400000     kernel32:KERNEL32.dll
 0000:fffea000       .debug$S                   00400000     kernel32:KERNEL32.dll
 0000:fffea000       .debug$S                   00400000     kernel32:KERNEL32.dll
 0000:fffea000       .debug$S                   00400000     kernel32:KERNEL32.dll
 0000:fffea000       .debug$S                   00400000     kernel32:KERNEL32.dll
 0000:fffea000       .debug$S                   00400000     kernel32:KERNEL32.dll
 0000:fffea000       .debug$S                   00400000     kernel32:KERNEL32.dll
 0000:fffea000       .debug$S                   00400000     kernel32:KERNEL32.dll
 0000:fffea000       .debug$S                   00400000     kernel32:KERNEL32.dll
 0000:fffea000       .debug$S                   00400000     kernel32:KERNEL32.dll
 0000:fffea000       .debug$S                   00400000     kernel32:KERNEL32.dll
 0000:fffea000       .debug$S                   00400000     kernel32:KERNEL32.dll
 0000:fffea000       .debug$S                   00400000     kernel32:KERNEL32.dll
 0000:fffea000       .debug$S                   00400000     kernel32:KERNEL32.dll
 0000:fffea000       .debug$S                   00400000     kernel32:KERNEL32.dll
 0000:fffea000       .debug$S                   00400000     kernel32:KERNEL32.dll
 0000:fffea000       .debug$S                   00400000     kernel32:KERNEL32.dll
 0000:fffea000       .debug$S                   00400000     kernel32:KERNEL32.dll
 0000:fffea000       .debug$S                   00400000     kernel32:KERNEL32.dll
 0000:fffea000       .debug$S                   00400000     kernel32:KERNEL32.dll
 0000:fffea000       .debug$S                   00400000     kernel32:KERNEL32.dll
 0000:fffea000       .debug$S                   00400000     kernel32:KERNEL32.dll
 0000:fffea000       .debug$S                   00400000     kernel32:KERNEL32.dll
 0000:fffea000       .debug$S                   00400000     kernel32:KERNEL32.dll
 0000:fffea000       .debug$S                   00400000     kernel32:KERNEL32.dll
 0001:00000548       __initterm                 00401548 f   LIBCMT:crt0dat.obj
 0001:000005b2       _doexit                    004015b2 f   LIBCMT:crt0dat.obj
 0001:00000a70       $$000000                   00401a70     LIBCMT:strrchr.obj
 0001:00000bb0       $$000000                   00401bb0     LIBCMT:memcpy.obj
 0001:00000e00       LeadUpVec                  00401e00     LIBCMT:memcpy.obj
 0001:00000e7c       UnwindUpVec                00401e7c     LIBCMT:memcpy.obj
 0001:00000ee8       TrailUpVec                 00401ee8     LIBCMT:memcpy.obj
 0001:00000f8c       LeadDownVec                00401f8c     LIBCMT:memcpy.obj
 0001:00001018       UnwindDownVec              00402018     LIBCMT:memcpy.obj
 0001:00001084       TrailDownVec               00402084     LIBCMT:memcpy.obj
 0001:00001200       $$000000                   00402200     LIBCMT:memset.obj
 0001:00001290       ___tmainCRTStartup         00402290 f   LIBCMT:crt0.obj
 0001:000013e4       _fast_error_exit           004023e4 f   LIBCMT:crt0.obj
 0001:00001f74       __onexit_nolock            00402f74 f   LIBCMT:onexit.obj
 0001:000022a3       _siglookup                 004032a3 f   LIBCMT:winsig.obj
 0001:000022f0       $$000000                   004032f0     LIBCMT:sehprolg4.obj
 0001:0000258a       ?CPtoLocaleName@@YAPB_WH@Z 0040358a f   LIBCMT:mbctype.obj
 0001:000025c4       ?getSystemCP@@YAHH@Z       004035c4 f   LIBCMT:mbctype.obj
 0001:00002632       ?setSBCS@@YAXPAUthreadmbcinfostruct@@@Z 00403632 f   LIBCMT:mbctype.obj
 0001:00002691       ?setSBUpLow@@YAXPAUthreadmbcinfostruct@@@Z 00403691 f   LIBCMT:mbctype.obj
 0001:00002e83       _flsall                    00403e83 f   LIBCMT:fflush.obj
 0001:00003aeb       $LN277                     00404aeb     LIBCMT:output.obj
 0001:00003b0b       _write_char                00404b0b f   LIBCMT:output.obj
 0001:00003b53       _write_multi_char          00404b53 f   LIBCMT:output.obj
 0001:00003b7f       _write_string              00404b7f f   LIBCMT:output.obj
 0001:00004130       $$000000                   00405130     LIBCMT:memmove.obj
 0001:00004380       LeadUpVec                  00405380     LIBCMT:memmove.obj
 0001:000043fc       UnwindUpVec                004053fc     LIBCMT:memmove.obj
 0001:00004468       TrailUpVec                 00405468     LIBCMT:memmove.obj
 0001:0000450c       LeadDownVec                0040550c     LIBCMT:memmove.obj
 0001:00004598       UnwindDownVec              00405598     LIBCMT:memmove.obj
 0001:00004604       TrailDownVec               00405604     LIBCMT:memmove.obj
 0001:00004eea       _parse_cmdline             00405eea f   LIBCMT:stdargv.obj
 0001:000052e0       $$000000                   004062e0     LIBCMT:strlen.obj
 0001:00005890       $$000000                   00406890     LIBCMT:exsup4.obj
 0001:00005920       __unwind_handler4          00406920 f   LIBCMT:exsup4.obj
 0001:00005d3c       ?__crtLCMapStringA_stat@@YAHPAUlocaleinfo_struct@@PB_WKPBDHPADHHH@Z 00406d3c f   LIBCMT:a_map.obj
 0001:00005f86       ?__crtGetStringTypeA_stat@@YAHPAUlocaleinfo_struct@@KPBDHPAGHH@Z 00406f86 f   LIBCMT:a_str.obj
 0001:00006dc0       $$000000                   00407dc0     LIBCMT:ulldvrm.obj
 0001:0000700a       ?x_ismbbtype_l@@YAHPAUlocaleinfo_struct@@IHH@Z 0040800a f   LIBCMT:ismbbyte.obj
 0001:00007210       $$000000                   00408210     LIBCMT:alloca16.obj
 0001:00007240       $$000000                   00408240     LIBCMT:exsup.obj
 0001:00007260       __unwind_handler           00408260 f   LIBCMT:exsup.obj
 0001:00007cf0       $$000000                   00408cf0     LIBCMT:chkstk.obj
 0001:00007fa0       $$000000                   00408fa0     LIBCMT:llmul.obj
 0001:000092ac       $LN333                     0040a2ac     LIBCMT:strgtold.obj
 0001:000096fd       __cftoe2_l                 0040a6fd f   LIBCMT:cvt.obj
 0001:0000991c       __cftof2_l                 0040a91c f   LIBCMT:cvt.obj
 0001:00009d52       __shift                    0040ad52 f   LIBCMT:cvt.obj
 0001:0000a380       $$000000                   0040b380     LIBCMT:lldvrm.obj
 0001:0000a460       $$000000                   0040b460     LIBCMT:ullshr.obj
 0001:0000aeb0       ___hw_cw_sse2              0040beb0 f   LIBCMT:ieee87.obj
 0001:0000b25b       __hw_cw                    0040c25b f   LIBCMT:ieee87.obj
 0002:0000011c       _pinit                     0040d11c     LIBCMT:_file.obj
 0002:00000120       _pinit                     0040d120     LIBCMT:onexit.obj
 0002:00000124       _pinit                     0040d124     LIBCMT:mbctype.obj
 0002:00000128       _pinit                     0040d128     LIBCMT:cpu_disp.obj
 0002:0000012c       _pinit                     0040d12c     LIBCMT:crt0.obj
 0002:00000138       _pterm                     0040d138     LIBCMT:wsetloca.obj
 0002:0000013c       _pterm                     0040d13c     LIBCMT:initcon.obj
 0002:00000140       _pterm                     0040d140     LIBCMT:_file.obj
 0002:00000618       _rterrs                    0040d618     LIBCMT:crt0msg.obj
 0002:0000107c       __mb_locale_names          0040e07c     LIBCMT:mbctype.obj
 0002:0000368c       _GS_ExceptionPointers      0041068c     LIBCMT:gs_report.obj
 0002:00003ea0       __first_127char            00410ea0     LIBCMT:wsetloca.obj
 0002:00004048       __sehtable$_doexit         00411048     LIBCMT:crt0dat.obj
 0002:00004068       __sehtable$_fprintf        00411068     LIBCMT:fprintf.obj
 0002:00004088       __sehtable$_printf         00411088     LIBCMT:printf.obj
 0002:000040a8       __sehtable$___tmainCRTStartup 004110a8     LIBCMT:crt0.obj
 0002:000040c8       __sehtable$__mtinitlocknum 004110c8     LIBCMT:mlock.obj
 0002:000040e8       __sehtable$__IsNonwritableInCurrentImage 004110e8     LIBCMT:pesect.obj
 0002:00004108       __sehtable$__onexit        00411108     LIBCMT:onexit.obj
 0002:00004128       __sehtable$?terminate@@YAXXZ 00411128     LIBCMT:hooks.obj
 0002:00004148       __sehtable$_raise          00411148     LIBCMT:winsig.obj
 0002:00004168       __sehtable$___updatetmbcinfo 00411168     LIBCMT:mbctype.obj
 0002:00004188       __sehtable$__setmbcp       00411188     LIBCMT:mbctype.obj
 0002:000041a8       __sehtable$__fcloseall     004111a8     LIBCMT:closeall.obj
 0002:000041c8       __sehtable$_flsall         004111c8     LIBCMT:fflush.obj
 0002:000041f0       __sehtable$__ioinit        004111f0     LIBCMT:ioinit.obj
 0002:00004210       __sehtable$_putc           00411210     LIBCMT:fputc.obj
 0002:00004230       __sehtable$__freefls@4     00411230     LIBCMT:tidtable.obj
 0002:00004258       __sehtable$__initptd       00411258     LIBCMT:tidtable.obj
 0002:00004280       __sehtable$___updatetlocinfo 00411280     LIBCMT:localref.obj
 0002:000042a0       __sehtable$_fclose         004112a0     LIBCMT:fclose.obj
 0002:000042c0       __sehtable$__commit        004112c0     LIBCMT:commit.obj
 0002:000042e0       __sehtable$__write         004112e0     LIBCMT:write.obj
 0002:00004300       __sehtable$__lseeki64      00411300     LIBCMT:lseeki64.obj
 0002:00004320       __sehtable$__close         00411320     LIBCMT:close.obj
 0002:00004340       __sehtable$___lock_fhandle 00411340     LIBCMT:osfinfo.obj
 0002:00004360       __sehtable$__locterm       00411360     LIBCMT:wsetloca.obj
 0002:00004380       __sehtable$___set_fpsr_sse2 00411380     LIBCMT:fpctrl.obj
 0002:000045a8       .idata$6                   004115a8     kernel32:KERNEL32.dll
 0002:000045f2       .idata$6                   004115f2     advapi32:ADVAPI32.dll
 0002:0000460e       .idata$6                   0041160e     tier0:tier0.dll
 0003:00000290       __locktable                00412290     LIBCMT:mlock.obj
 0003:000003b0       ?isPackaged@?1??__crtIsPackagedApp@@9@9 004123b0     LIBCMT:winapisupp.obj
 0003:000003b8       _errtable                  004123b8     LIBCMT:dosmap.obj
 0003:00000520       _ErrnoNoMem                00412520     LIBCMT:dosmap.obj
 0003:00000524       _DoserrorNoMem             00412524     LIBCMT:dosmap.obj
 0003:00000978       ___rgctypeflag             00412978     LIBCMT:mbctype.obj
 0003:00000980       ___rgcode_page_info        00412980     LIBCMT:mbctype.obj
 0003:00000da0       __ctype_loc_style          00412da0     LIBCMT:wsetloca.obj
 0003:00000dc8       _DoubleFormat              00412dc8     LIBCMT:intrncvt.obj
 0003:00000de0       _FloatFormat               00412de0     LIBCMT:intrncvt.obj
 0003:000010c0       _over                      004130c0     LIBCMT:fpctrl.obj
 0003:000010cc       _under                     004130cc     LIBCMT:fpctrl.obj
 0003:000010d8       ?__DAZ_ENABLED@?1??__set_fpsr_sse2@@9@9 004130d8     LIBCMT:fpctrl.obj
 0003:000010e4       ?dummy@?4??MakeModuleFileName@@YAPBDXZ@4HA 004130e4     memoverride.obj
 0003:000010e8       ?pszOwner@?1??AllocUnattributed@@YAPAXI@Z@4PBDB 004130e8     memoverride.obj
 0003:000010ec       ?$S1@?1??AllocUnattributed@@YAPAXI@Z@4IA 004130ec     memoverride.obj
 0003:000010f0       ?pszOwner@?1??ReallocUnattributed@@YAPAXPAXI@Z@4PBDB 004130f0     memoverride.obj
 0003:000010f4       ?$S2@?1??ReallocUnattributed@@YAPAXPAXI@Z@4IA 004130f4     memoverride.obj
 0003:00001130       ___enable_percent_n        00413130     LIBCMT:printf.obj
 0003:00001140       _lclcritsects              00413140     LIBCMT:mlock.obj
 0003:00001298       ?outmsg@?9??_NMSG_WRITE@@9@9 00413298     LIBCMT:crt0msg.obj
 0003:000018cc       _ctrlc_action              004138cc     LIBCMT:winsig.obj
 0003:000018d0       _ctrlbreak_action          004138d0     LIBCMT:winsig.obj
 0003:000018d4       _abort_action              004138d4     LIBCMT:winsig.obj
 0003:000018d8       _term_action               004138d8     LIBCMT:winsig.obj
 0003:000018dc       _ConsoleCtrlHandler_Installed 004138dc     LIBCMT:winsig.obj
 0003:000018e0       _g_pfnRtlGenRandom         004138e0     LIBCMT:rand_s.obj
 0003:000018fc       _fSystemSet                004138fc     LIBCMT:mbctype.obj
 0003:00001a10       ?_pgmname@?1??_setargv@@9@9 00413a10     LIBCMT:stdargv.obj
 0003:00001b1c       ?pfnMessageBox@?1??__crtMessageBoxW@@9@9 00413b1c     LIBCMT:crtmboxw.obj
 0003:00001b20       ?pfnGetActiveWindow@?1??__crtMessageBoxW@@9@9 00413b20     LIBCMT:crtmboxw.obj
 0003:00001b24       ?pfnGetLastActivePopup@?1??__crtMessageBoxW@@9@9 00413b24     LIBCMT:crtmboxw.obj
 0003:00001b28       ?pfnGetProcessWindowStation@?1??__crtMessageBoxW@@9@9 00413b28     LIBCMT:crtmboxw.obj
 0003:00001b2c       ?pfnGetUserObjectInformation@?1??__crtMessageBoxW@@9@9 00413b2c     LIBCMT:crtmboxw.obj
 0003:00001b30       ___crtCallProc             00413b30     LIBCMT:winapinls.obj
 0003:00001b38       _GS_ExceptionRecord        00413b38     LIBCMT:gs_report.obj
 0003:00001b88       _GS_ContextRecord          00413b88     LIBCMT:gs_report.obj
 0003:00001e54       _DebuggerWasPresent        00413e54     LIBCMT:gs_report.obj
