 smtpmail

 Timestamp is 5c5b80bd (Wed Feb 06 19:50:05 2019)

 Preferred load address is 00400000

 Start         Length     Name                   Class
 0001:00000000 0000002cH .text$di                CODE
 0001:00000030 00011083H .text$mn                CODE
 0001:000110c0 00000025H .text$x                 CODE
 0001:000110f0 0000002bH .text$yd                CODE
 0002:00000000 00000138H .idata$5                DATA
 0002:00000138 00000004H .CRT$XCA                DATA
 0002:0000013c 0000000cH .CRT$XCU                DATA
 0002:00000148 00000004H .CRT$XCZ                DATA
 0002:0000014c 00000004H .CRT$XIA                DATA
 0002:00000150 00000010H .CRT$XIC                DATA
 0002:00000160 00000004H .CRT$XIY                DATA
 0002:00000164 00000004H .CRT$XIZ                DATA
 0002:00000168 00000004H .CRT$XPA                DATA
 0002:0000016c 00000008H .CRT$XPX                DATA
 0002:00000174 00000004H .CRT$XPXA               DATA
 0002:00000178 00000004H .CRT$XPZ                DATA
 0002:0000017c 00000004H .CRT$XTA                DATA
 0002:00000180 00000004H .CRT$XTZ                DATA
 0002:00000190 000056b8H .rdata                  DATA
 0002:00005848 00000088H .rdata$debug            DATA
 0002:000058d0 00000348H .rdata$r                DATA
 0002:00005c18 00000004H .rtc$IAA                DATA
 0002:00005c1c 00000004H .rtc$IZZ                DATA
 0002:00005c20 00000004H .rtc$TAA                DATA
 0002:00005c24 00000004H .rtc$TZZ                DATA
 0002:00005c28 00000710H .xdata$x                DATA
 0002:00006338 00000000H .edata                  DATA
 0002:00006338 0000003cH .idata$2                DATA
 0002:00006374 00000014H .idata$3                DATA
 0002:00006388 00000138H .idata$4                DATA
 0002:000064c0 000004c4H .idata$6                DATA
 0003:00000000 000013bcH .data                   DATA
 0003:000013bc 00000177H .data$r                 DATA
 0003:00001540 00001ec8H .bss                    DATA

  Address         Publics by Value              Rva+Base       Lib:Object

 0000:00000000       ___guard_flags             00000000     <absolute>
 0000:00000000       __except_list              00000000     <absolute>
 0000:00000000       ___guard_fids_table        00000000     <absolute>
 0000:00000000       ___safe_se_handler_table   00000000     <absolute>
 0000:00000000       ___safe_se_handler_count   00000000     <absolute>
 0000:00000000       ___guard_fids_count        00000000     <absolute>
 0000:00000000       ___ImageBase               00400000     <linker-defined>
 0001:00000030       ?MakeModuleFileName@@YAPBDXZ 00401030 f   memoverride.obj
 0001:000000c0       __calloc_base              004010c0 f   memoverride.obj
 0001:00000130       __calloc_crt               00401130 f   memoverride.obj
 0001:00000150       __heap_init                00401150 f   memoverride.obj
 0001:00000160       _malloc                    00401160 f   memoverride.obj
 0001:00000160       ??2@YAPAXI@Z               00401160 f   memoverride.obj
 0001:00000160       __malloc_crt               00401160 f   memoverride.obj
 0001:000001b0       __msize                    004011b0 f   memoverride.obj
 0001:000001d0       __realloc_crt              004011d0 f   memoverride.obj
 0001:00000220       _free                      00401220 f   memoverride.obj
 0001:00000220       ??3@YAXPAX@Z               00401220 f   memoverride.obj
 0001:00000240       ?SocketClose@@YAXPAUsocket_s@@@Z 00401240 f   simplesocket.obj
 0001:00000250       ?SocketExit@@YAXXZ         00401250 f   simplesocket.obj
 0001:00000260       ?SocketInit@@YAXXZ         00401260 f   simplesocket.obj
 0001:00000280       ?SocketOpen@@YAPAUsocket_s@@PBDH@Z 00401280 f   simplesocket.obj
 0001:00000310       ?SocketReport@@YAXP6AXPAUsocket_s@@PBD@Z@Z 00401310 f   simplesocket.obj
 0001:00000320       ?SocketSendString@@YAXPAUsocket_s@@PBD@Z 00401320 f   simplesocket.obj
 0001:00000370       ?SocketWait@@YAXPAUsocket_s@@PBD@Z 00401370 f   simplesocket.obj
 0001:000003e0       ??_E_Generic_error_category@std@@UAEPAXI@Z 004013e0 f i smtpmail.obj
 0001:000003e0       ??_E_Iostream_error_category@std@@UAEPAXI@Z 004013e0 f i smtpmail.obj
 0001:000003e0       ??_G_System_error_category@std@@UAEPAXI@Z 004013e0 f i smtpmail.obj
 0001:000003e0       ??_Eerror_category@std@@UAEPAXI@Z 004013e0 f i smtpmail.obj
 0001:000003e0       ??_E_System_error_category@std@@UAEPAXI@Z 004013e0 f i smtpmail.obj
 0001:000003e0       ??_G_Iostream_error_category@std@@UAEPAXI@Z 004013e0 f i smtpmail.obj
 0001:000003e0       ??_Gerror_category@std@@UAEPAXI@Z 004013e0 f i smtpmail.obj
 0001:000003e0       ??_G_Generic_error_category@std@@UAEPAXI@Z 004013e0 f i smtpmail.obj
 0001:00000410       ?ArgsExist@@YA_NPBD@Z      00401410 f   smtpmail.obj
 0001:00000470       ?ArgsGet@@YAPBDPBD0@Z      00401470 f   smtpmail.obj
 0001:000004d0       ?DumpSocket@@YAXPAUsocket_s@@PBD@Z 004014d0 f   smtpmail.obj
 0001:00000500       ?Error@@YAXPBDZZ           00401500 f   smtpmail.obj
 0001:00000530       ?MailSendFile@@YAXPAUsocket_s@@PBDQAPBD1PAU_iobuf@@@Z 00401530 f   smtpmail.obj
 0001:00000780       ?_Copy@?$basic_string@DU?$char_traits@D@std@@V?$allocator@D@2@@std@@QAEXII@Z 00401780 f i smtpmail.obj
 0001:000008c0       ?allocate@?$_Wrap_alloc@V?$allocator@D@std@@@std@@QAEPADI@Z 004018c0 f i smtpmail.obj
 0001:000008f0       ?assign@?$basic_string@DU?$char_traits@D@std@@V?$allocator@D@2@@std@@QAEAAV12@ABV12@II@Z 004018f0 f i smtpmail.obj
 0001:00000a20       ?assign@?$basic_string@DU?$char_traits@D@std@@V?$allocator@D@2@@std@@QAEAAV12@PBDI@Z 00401a20 f i smtpmail.obj
 0001:00000b20       ?default_error_condition@_System_error_category@std@@UBE?AVerror_condition@2@H@Z 00401b20 f i smtpmail.obj
 0001:00000b60       ?default_error_condition@error_category@std@@UBE?AVerror_condition@2@H@Z 00401b60 f i smtpmail.obj
 0001:00000b80       ?equivalent@error_category@std@@UBE_NABVerror_code@2@H@Z 00401b80 f i smtpmail.obj
 0001:00000ba0       ?equivalent@error_category@std@@UBE_NHABVerror_condition@2@@Z 00401ba0 f i smtpmail.obj
 0001:00000be0       ?erase@?$basic_string@DU?$char_traits@D@std@@V?$allocator@D@2@@std@@QAEAAV12@II@Z 00401be0 f i smtpmail.obj
 0001:00000c80       ?message@_Generic_error_category@std@@UBE?AV?$basic_string@DU?$char_traits@D@std@@V?$allocator@D@2@@2@H@Z 00401c80 f i smtpmail.obj
 0001:00000cf0       ?message@_Iostream_error_category@std@@UBE?AV?$basic_string@DU?$char_traits@D@std@@V?$allocator@D@2@@2@H@Z 00401cf0 f i smtpmail.obj
 0001:00000d40       ?message@_System_error_category@std@@UBE?AV?$basic_string@DU?$char_traits@D@std@@V?$allocator@D@2@@2@H@Z 00401d40 f i smtpmail.obj
 0001:00000db0       ?name@_Generic_error_category@std@@UBEPBDXZ 00401db0 f i smtpmail.obj
 0001:00000dc0       ?name@_Iostream_error_category@std@@UBEPBDXZ 00401dc0 f i smtpmail.obj
 0001:00000dd0       ?name@_System_error_category@std@@UBEPBDXZ 00401dd0 f i smtpmail.obj
 0001:00000de0       _main                      00401de0 f   smtpmail.obj
 0001:00000f92       _closesocket@4             00401f92 f   ws2_32:WS2_32.dll
 0001:00000f98       _connect@12                00401f98 f   ws2_32:WS2_32.dll
 0001:00000f9e       _htons@4                   00401f9e f   ws2_32:WS2_32.dll
 0001:00000fa4       _inet_addr@4               00401fa4 f   ws2_32:WS2_32.dll
 0001:00000faa       _recv@16                   00401faa f   ws2_32:WS2_32.dll
 0001:00000fb0       _send@16                   00401fb0 f   ws2_32:WS2_32.dll
 0001:00000fb6       _socket@12                 00401fb6 f   ws2_32:WS2_32.dll
 0001:00000fbc       _gethostbyname@4           00401fbc f   ws2_32:WS2_32.dll
 0001:00000fc2       _WSAStartup@8              00401fc2 f   ws2_32:WS2_32.dll
 0001:00000fc8       _WSACleanup@0              00401fc8 f   ws2_32:WS2_32.dll
 0001:00000fce       _WSASetLastError@4         00401fce f   ws2_32:WS2_32.dll
 0001:00000fe0       _strrchr                   00401fe0 f   LIBCMT:strrchr.obj
 0001:00001120       _memcpy                    00402120 f   LIBCMT:memcpy.obj
 0001:00001770       _memset                    00402770 f   LIBCMT:memset.obj
 0001:00001800       _strstr                    00402800 f   LIBCMT:strstr.obj
 0001:00001a63       __purecall                 00402a63 f   LIBCMT:purevirt.obj
 0001:00001a85       ___onexitinit              00402a85 f   LIBCMT:onexit.obj
 0001:00001ab4       __onexit                   00402ab4 f   LIBCMT:onexit.obj
 0001:00001bb0       _atexit                    00402bb0 f   LIBCMT:onexit.obj
 0001:00001bc5       ___initstdio               00402bc5 f   LIBCMT:_file.obj
 0001:00001c38       ___endstdio                00402c38 f   LIBCMT:_file.obj
 0001:00001c5f       ___iob_func                00402c5f f   LIBCMT:_file.obj
 0001:00001c65       __lock_file                00402c65 f   LIBCMT:_file.obj
 0001:00001ca4       __lock_file2               00402ca4 f   LIBCMT:_file.obj
 0001:00001cd4       __unlock_file              00402cd4 f   LIBCMT:_file.obj
 0001:00001d0e       __unlock_file2             00402d0e f   LIBCMT:_file.obj
 0001:00001d3b       __fclose_nolock            00402d3b f   LIBCMT:fclose.obj
 0001:00001da7       _fclose                    00402da7 f   LIBCMT:fclose.obj
 0001:00001e1e       _feof                      00402e1e f   LIBCMT:feoferr.obj
 0001:00001e44       __fflush_nolock            00402e44 f   LIBCMT:fflush.obj
 0001:00001e8a       __flush                    00402e8a f   LIBCMT:fflush.obj
 0001:00001eee       __flushall                 00402eee f   LIBCMT:fflush.obj
 0001:00001ef7       _fflush                    00402ef7 f   LIBCMT:fflush.obj
 0001:00002034       _fgets                     00403034 f   LIBCMT:fgets.obj
 0001:00002173       __fsopen                   00403173 f   LIBCMT:fopen.obj
 0001:00002237       _fopen                     00403237 f   LIBCMT:fopen.obj
 0001:0000224c       __get_printf_count_output  0040324c f   LIBCMT:printf.obj
 0001:00002261       _printf                    00403261 f   LIBCMT:printf.obj
 0001:00002310       _vprintf                   00403310 f   LIBCMT:vprintf.obj
 0001:0000232a       _vprintf_helper            0040332a f   LIBCMT:vprintf.obj
 0001:000023b7       _sprintf                   004033b7 f   LIBCMT:sprintf.obj
 0001:0000243b       ___copy_path_to_wide_string 0040343b f   LIBCMT:crt0dat.obj
 0001:000024ed       ___crtCorExitProcess       004034ed f   LIBCMT:crt0dat.obj
 0001:00002521       ___crtExitProcess          00403521 f   LIBCMT:crt0dat.obj
 0001:00002537       __amsg_exit                00403537 f   LIBCMT:crt0dat.obj
 0001:00002553       __c_exit                   00403553 f   LIBCMT:crt0dat.obj
 0001:00002562       __cexit                    00403562 f   LIBCMT:crt0dat.obj
 0001:00002571       __cinit                    00403571 f   LIBCMT:crt0dat.obj
 0001:000025f5       __exit                     004035f5 f   LIBCMT:crt0dat.obj
 0001:00002609       __init_pointers            00403609 f   LIBCMT:crt0dat.obj
 0001:00002677       __initterm_e               00403677 f   LIBCMT:crt0dat.obj
 0001:00002699       __lockexit                 00403699 f   LIBCMT:crt0dat.obj
 0001:000026a2       __unlockexit               004036a2 f   LIBCMT:crt0dat.obj
 0001:000027da       _exit                      004037da f   LIBCMT:crt0dat.obj
 0001:000027ee       _atoi                      004037ee f   LIBCMT:atox.obj
 0001:000027f7       _atol                      004037f7 f   LIBCMT:atox.obj
 0001:00002810       _memmove                   00403810 f   LIBCMT:memmove.obj
 0001:00002e60       _strchr                    00403e60 f   LIBCMT:strchr.obj
 0001:00002ece       ___from_strstr_to_strchr   00403ece     LIBCMT:strchr.obj
 0001:00002f8b       __gmtime64                 00403f8b f   LIBCMT:gmtime64.obj
 0001:00002fb0       __gmtime64_s               00403fb0 f   LIBCMT:gmtime64.obj
 0001:000031db       __time64                   004041db f   LIBCMT:time64.obj
 0001:0000322c       __CxxThrowException@8      0040422c f   LIBCMT:throw.obj
 0001:0000335f       ?_CallCatchBlock2@@YAPAXPAUEHRegistrationNode@@PBU_s_FuncInfo@@PAXHK@Z 0040435f f   LIBCMT:_trnsctrl_.obj
 0001:000033bf       ?_CallMemberFunction1@@YGXPAX00@Z 004043bf f   LIBCMT:_trnsctrl_.obj
 0001:000033bf       ?_CallMemberFunction2@@YGXPAX00H@Z 004043bf f   LIBCMT:_trnsctrl_.obj
 0001:000033bf       ?_CallMemberFunction0@@YGXPAX0@Z 004043bf f   LIBCMT:_trnsctrl_.obj
 0001:000033c6       ?_CallSETranslator@@YAHPAUEHExceptionRecord@@PAUEHRegistrationNode@@PAX2PBU_s_FuncInfo@@H1@Z 004043c6 f   LIBCMT:_trnsctrl_.obj
 0001:0000349d       ?_GetRangeOfTrysToCheck@@YAPBU_s_TryBlockMapEntry@@PBU_s_FuncInfo@@HHPAI1@Z 0040449d f   LIBCMT:_trnsctrl_.obj
 0001:0000351b       ?_JumpToContinuation@@YGXPAXPAUEHRegistrationNode@@@Z 0040451b f   LIBCMT:_trnsctrl_.obj
 0001:0000354d       ?_UnwindNestedFrames@@YGXPAUEHRegistrationNode@@PAUEHExceptionRecord@@@Z 0040454d f   LIBCMT:_trnsctrl_.obj
 0001:000035a2       __CreateFrameInfo          004045a2 f   LIBCMT:_trnsctrl_.obj
 0001:000035cc       __FindAndUnlinkFrame       004045cc f   LIBCMT:_trnsctrl_.obj
 0001:0000361c       __IsExceptionObjectToBeDestroyed 0040461c f   LIBCMT:_trnsctrl_.obj
 0001:00003645       ___CxxFrameHandler3        00404645 f   LIBCMT:_trnsctrl_.obj
 0001:0000367b       ??1type_info@@UAE@XZ       0040467b f   LIBCMT:typinfo.obj
 0001:00003689       ??8type_info@@QBE_NABV0@@Z 00404689 f   LIBCMT:typinfo.obj
 0001:000036a7       ??_Etype_info@@UAEPAXI@Z   004046a7 f i LIBCMT:typinfo.obj
 0001:000036a7       ??_Gtype_info@@UAEPAXI@Z   004046a7 f i LIBCMT:typinfo.obj
 0001:000036c6       __fpmath                   004046c6 f   LIBCMT:fpinit.obj
 0001:000036dd       __cfltcvt_init             004046dd f   LIBCMT:fpinit.obj
 0001:000038b8       _mainCRTStartup            004048b8 f   LIBCMT:crt0.obj
 0001:000038c2       ___isa_available_init      004048c2 f   LIBCMT:cpu_disp.obj
 0001:00003a3b       __call_reportfault         00404a3b f   LIBCMT:invarg.obj
 0001:00003b60       __initp_misc_invarg        00404b60 f   LIBCMT:invarg.obj
 0001:00003b6d       __invalid_parameter        00404b6d f   LIBCMT:invarg.obj
 0001:00003b98       __invalid_parameter_noinfo 00404b98 f   LIBCMT:invarg.obj
 0001:00003ba8       __invoke_watson            00404ba8 f   LIBCMT:invarg.obj
 0001:00003bd3       ___doserrno                00404bd3 f   LIBCMT:dosmap.obj
 0001:00003be6       __dosmaperr                00404be6 f   LIBCMT:dosmap.obj
 0001:00003c07       __errno                    00404c07 f   LIBCMT:dosmap.obj
 0001:00003c1a       __get_errno_from_oserr     00404c1a f   LIBCMT:dosmap.obj
 0001:00003c5b       __flsbuf                   00404c5b f   LIBCMT:_flsbuf.obj
 0001:00003daa       ??0_LocaleUpdate@@QAE@PAUlocaleinfo_struct@@@Z 00404daa f i LIBCMT:output.obj
 0001:00003e32       __output_l                 00404e32 f   LIBCMT:output.obj
 0001:00004a9e       __VEC_memset               00405a9e f   LIBCMT:p4_memset.obj
 0001:00004b66       __set_abort_behavior       00405b66 f   LIBCMT:abort.obj
 0001:00004b85       _abort                     00405b85 f   LIBCMT:abort.obj
 0001:00004bc8       __initp_misc_purevirt      00405bc8 f   LIBCMT:inithelp.obj
 0001:00004be0       __SEH_prolog4              00405be0 f   LIBCMT:sehprolg4.obj
 0001:00004c25       __SEH_epilog4              00405c25 f   LIBCMT:sehprolg4.obj
 0001:00004c40       __except_handler4          00405c40 f   LIBCMT:chandler4.obj
 0001:00004de0       __CIsqrt                   00405de0 f   LIBCMT:sqrt.obj
 0001:00004df4       _sqrt                      00405df4     LIBCMT:sqrt.obj
 0001:00004e9a       __decomp                   00405e9a f   LIBCMT:util.obj
 0001:00004f6c       __set_exp                  00405f6c f   LIBCMT:util.obj
 0001:00004f9b       __handle_exc               00405f9b f   LIBCMT:fpexcept.obj
 0001:00005179       __raise_exc                00406179 f   LIBCMT:fpexcept.obj
 0001:0000519a       __raise_exc_ex             0040619a f   LIBCMT:fpexcept.obj
 0001:0000547f       __set_errno_from_matherr   0040647f f   LIBCMT:fpexcept.obj
 0001:000054ac       ___set_fpsr_sse2           004064ac f   LIBCMT:fpctrl.obj
 0001:00005522       __clrfp                    00406522 f   LIBCMT:fpctrl.obj
 0001:00005533       __ctrlfp                   00406533 f   LIBCMT:fpctrl.obj
 0001:0000555e       __set_statfp               0040655e f   LIBCMT:fpctrl.obj
 0001:000055b6       __statfp                   004065b6 f   LIBCMT:fpctrl.obj
 0001:000055c6       __fcloseall                004065c6 f   LIBCMT:closeall.obj
 0001:00005663       __lock                     00406663 f   LIBCMT:mlock.obj
 0001:00005697       __mtdeletelocks            00406697 f   LIBCMT:mlock.obj
 0001:000056eb       __mtinitlocknum            004066eb f   LIBCMT:mlock.obj
 0001:00005794       __mtinitlocks              00406794 f   LIBCMT:mlock.obj
 0001:000057cd       __unlock                   004067cd f   LIBCMT:mlock.obj
 0001:000057e2       __fileno                   004067e2 f   LIBCMT:fileno.obj
 0001:00005806       __close                    00406806 f   LIBCMT:close.obj
 0001:000058e1       __close_nolock             004068e1 f   LIBCMT:close.obj
 0001:0000597b       __freebuf                  0040697b f   LIBCMT:_freebuf.obj
 0001:000059ab       __commit                   004069ab f   LIBCMT:commit.obj
 0001:00005a94       __write                    00406a94 f   LIBCMT:write.obj
 0001:00005b83       __write_nolock             00406b83 f   LIBCMT:write.obj
 0001:000063e8       __filbuf                   004073e8 f   LIBCMT:_filbuf.obj
 0001:00006509       __ioinit                   00407509 f   LIBCMT:ioinit.obj
 0001:000067bd       __getstream                004077bd f   LIBCMT:stream.obj
 0001:000068dc       __openfile                 004078dc f   LIBCMT:_open.obj
 0001:00006b60       __local_unwind4            00407b60 f   LIBCMT:exsup4.obj
 0001:00006c36       __seh_longjmp_unwind4@4    00407c36 f   LIBCMT:exsup4.obj
 0001:00006c52       @_EH4_CallFilterFunc@8     00407c52 f   LIBCMT:exsup4.obj
 0001:00006c69       @_EH4_TransferToHandler@8  00407c69 f   LIBCMT:exsup4.obj
 0001:00006c82       @_EH4_GlobalUnwind2@8      00407c82 f   LIBCMT:exsup4.obj
 0001:00006c9b       @_EH4_LocalUnwind@16       00407c9b f   LIBCMT:exsup4.obj
 0001:00006cb2       __ftbuf                    00407cb2 f   LIBCMT:_sftbuf.obj
 0001:00006ce3       __stbuf                    00407ce3 f   LIBCMT:_sftbuf.obj
 0001:00006d89       __RTC_Initialize           00407d89 f   LIBCMT:initsect.obj
 0001:00006da9       __RTC_Terminate            00407da9 f   LIBCMT:initsect.obj
 0001:00006dc9       ___crtFlsAlloc             00407dc9 f   LIBCMT:winapisupp.obj
 0001:00006de7       ___crtFlsFree              00407de7 f   LIBCMT:winapisupp.obj
 0001:00006e06       ___crtFlsGetValue          00407e06 f   LIBCMT:winapisupp.obj
 0001:00006e25       ___crtFlsSetValue          00407e25 f   LIBCMT:winapisupp.obj
 0001:00006e47       ___crtInitializeCriticalSectionEx 00407e47 f   LIBCMT:winapisupp.obj
 0001:00006e75       ___crtIsPackagedApp        00407e75 f   LIBCMT:winapisupp.obj
 0001:00006eb5       ___crtLoadWinApiPointers   00407eb5 f   LIBCMT:winapisupp.obj
 0001:00007140       ___crtSetUnhandledExceptionFilter 00408140 f   LIBCMT:winapisupp.obj
 0001:0000714e       ___crtTerminateProcess     0040814e f   LIBCMT:winapisupp.obj
 0001:00007163       ___crtUnhandledException   00408163 f   LIBCMT:winapisupp.obj
 0001:00007179       __FF_MSGBANNER             00408179 f   LIBCMT:crt0msg.obj
 0001:000071b2       __GET_RTERRMSG             004081b2 f   LIBCMT:crt0msg.obj
 0001:000071d6       __NMSG_WRITE               004081d6 f   LIBCMT:crt0msg.obj
 0001:000073a0       __FindPESection            004083a0 f   LIBCMT:pesect.obj
 0001:000073f0       __IsNonwritableInCurrentImage 004083f0 f   LIBCMT:pesect.obj
 0001:000074b0       __ValidateImageBase        004084b0 f   LIBCMT:pesect.obj
 0001:000074e1       __initp_misc_cfltcvt_tab   004084e1 f   LIBCMT:cmiscdat.obj
 0001:00007500       ?_inconsistency@@YAXXZ     00408500 f   LIBCMT:hooks.obj
 0001:00007538       ?terminate@@YAXXZ          00408538 f   LIBCMT:hooks.obj
 0001:0000756c       ?unexpected@@YAXXZ         0040856c f   LIBCMT:hooks.obj
 0001:0000757f       __initp_eh_hooks           0040857f f   LIBCMT:hooks.obj
 0001:00007590       __initp_heap_handler       00408590 f   LIBCMT:handler.obj
 0001:0000759d       ___get_sigabrt             0040859d f   LIBCMT:winsig.obj
 0001:000075aa       __initp_misc_winsig        004085aa f   LIBCMT:winsig.obj
 0001:000075c6       _raise                     004085c6 f   LIBCMT:winsig.obj
 0001:000077bb       __initp_misc_rand_s        004087bb f   LIBCMT:rand_s.obj
 0001:000077c8       ___initmbctable            004087c8 f   LIBCMT:mbctype.obj
 0001:00007a7f       ___updatetmbcinfo          00408a7f f   LIBCMT:mbctype.obj
 0001:00007b25       __setmbcp                  00408b25 f   LIBCMT:mbctype.obj
 0001:00007ccd       __setmbcp_nolock           00408ccd f   LIBCMT:mbctype.obj
 0001:000080de       _strtol                    004090de f   LIBCMT:strtol.obj
 0001:00008108       ___getgmtimebuf            00409108 f   LIBCMT:gmtime.obj
 0001:00008140       __alldiv                   00409140 f   LIBCMT:lldiv.obj
 0001:000081f0       __allmul                   004091f0 f   LIBCMT:llmul.obj
 0001:00008230       __aulldiv                  00409230 f   LIBCMT:ulldiv.obj
 0001:00008298       __freefls@4                00409298 f   LIBCMT:tidtable.obj
 0001:000083cd       __getptd                   004093cd f   LIBCMT:tidtable.obj
 0001:000083e5       __getptd_noexit            004093e5 f   LIBCMT:tidtable.obj
 0001:00008454       __initptd                  00409454 f   LIBCMT:tidtable.obj
 0001:00008507       __mtinit                   00409507 f   LIBCMT:tidtable.obj
 0001:0000857d       __mtterm                   0040957d f   LIBCMT:tidtable.obj
 0001:000085a0       __CallSettingFrame@12      004095a0 f   LIBCMT:lowhelpr.obj
 0001:000085c7       __NLG_Return               004095c7     LIBCMT:lowhelpr.obj
 0001:000085ec       @__security_check_cookie@4 004095ec f   LIBCMT:secchk.obj
 0001:000085fb       ___DestructExceptionObject 004095fb f   LIBCMT:frame.obj
 0001:00008686       ??0bad_exception@std@@QAE@ABV01@@Z 00409686 f i LIBCMT:frame.obj
 0001:000086a1       ??1bad_exception@std@@UAE@XZ 004096a1 f i LIBCMT:frame.obj
 0001:000086ac       ??_Gbad_exception@std@@UAEPAXI@Z 004096ac f i LIBCMT:frame.obj
 0001:000086ac       ??_Ebad_exception@std@@UAEPAXI@Z 004096ac f i LIBCMT:frame.obj
 0001:00008ee0       ___AdjustPointer           00409ee0 f   LIBCMT:frame.obj
 0001:00008f05       ___BuildCatchObject        00409f05 f   LIBCMT:frame.obj
 0001:00008f93       ___BuildCatchObjectHelper  00409f93 f   LIBCMT:frame.obj
 0001:00009155       ___FrameUnwindFilter       0040a155 f   LIBCMT:frame.obj
 0001:000091a3       ___FrameUnwindToState      0040a1a3 f   LIBCMT:frame.obj
 0001:0000927c       ___InternalCxxFrameHandler 0040a27c f   LIBCMT:frame.obj
 0001:0000935d       ___TypeMatch               0040a35d f   LIBCMT:frame.obj
 0001:000093d0       _strcmp                    0040a3d0 f   LIBCMT:strcmp.obj
 0001:0000945c       ?_Type_info_dtor@type_info@@CAXPAV1@@Z 0040a45c f   LIBCMT:typname.obj
 0001:000094cd       __cfltcvt                  0040a4cd f   LIBCMT:cvt.obj
 0001:000094ee       __cfltcvt_l                0040a4ee f   LIBCMT:cvt.obj
 0001:00009574       __cftoa_l                  0040a574 f   LIBCMT:cvt.obj
 0001:000098d0       __cftoe                    0040a8d0 f   LIBCMT:cvt.obj
 0001:00009a3f       __cftoe_l                  0040aa3f f   LIBCMT:cvt.obj
 0001:00009bf9       __cftof_l                  0040abf9 f   LIBCMT:cvt.obj
 0001:00009cba       __cftog_l                  0040acba f   LIBCMT:cvt.obj
 0001:00009db9       __cropzeros                0040adb9 f   LIBCMT:cvt.obj
 0001:00009dca       __cropzeros_l              0040adca f   LIBCMT:cvt.obj
 0001:00009e4a       __fassign                  0040ae4a f   LIBCMT:cvt.obj
 0001:00009e62       __fassign_l                0040ae62 f   LIBCMT:cvt.obj
 0001:00009ea4       __forcdecpt                0040aea4 f   LIBCMT:cvt.obj
 0001:00009eb5       __forcdecpt_l              0040aeb5 f   LIBCMT:cvt.obj
 0001:00009f29       __positive                 0040af29 f   LIBCMT:cvt.obj
 0001:00009f6b       __setdefaultprecision      0040af6b f   LIBCMT:fp8.obj
 0001:00009f92       ?__CxxUnhandledExceptionFilter@@YGJPAU_EXCEPTION_POINTERS@@@Z 0040af92 f   LIBCMT:unhandld.obj
 0001:00009fd3       ___CxxSetUnhandledExceptionFilter 0040afd3 f   LIBCMT:unhandld.obj
 0001:00009fe1       __XcptFilter               0040afe1 f   LIBCMT:winxfltr.obj
 0001:0000a13c       __setargv                  0040b13c f   LIBCMT:stdargv.obj
 0001:0000a36b       __setenvp                  0040b36b f   LIBCMT:stdenvp.obj
 0001:0000a44c       ___set_app_type            0040b44c f   LIBCMT:errmode.obj
 0001:0000a459       __set_error_mode           0040b459 f   LIBCMT:errmode.obj
 0001:0000a499       ___security_init_cookie    0040b499 f   LIBCMT:gs_support.obj
 0001:0000a535       ___crtGetEnvironmentStringsA 0040b535 f   LIBCMT:a_env.obj
 0001:0000a5c2       __crt_debugger_hook        0040b5c2 f   LIBCMT:dbghook.obj
 0001:0000a5ca       __isatty                   0040b5ca f   LIBCMT:isatty.obj
 0001:0000a61e       __lseeki64                 0040b61e f   LIBCMT:lseeki64.obj
 0001:0000a71a       __lseeki64_nolock          0040b71a f   LIBCMT:lseeki64.obj
 0001:0000a78d       __getbuf                   0040b78d f   LIBCMT:_getbuf.obj
 0001:0000a7d3       ___addlocaleref            0040b7d3 f   LIBCMT:localref.obj
 0001:0000a868       ___freetlocinfo            0040b868 f   LIBCMT:localref.obj
 0001:0000a9c2       ___removelocaleref         0040b9c2 f   LIBCMT:localref.obj
 0001:0000aa62       ___updatetlocinfo          0040ba62 f   LIBCMT:localref.obj
 0001:0000aae2       __updatetlocinfoEx_nolock  0040bae2 f   LIBCMT:localref.obj
 0001:0000ab2d       __isleadbyte_l             0040bb2d f i LIBCMT:_wctype.obj
 0001:0000ab67       _isleadbyte                0040bb67 f i LIBCMT:_wctype.obj
 0001:0000ab80       _strlen                    0040bb80 f   LIBCMT:strlen.obj
 0001:0000ac0b       __wctomb_s_l               0040bc0b f   LIBCMT:wctomb.obj
 0001:0000ad2f       _wctomb_s                  0040bd2f f   LIBCMT:wctomb.obj
 0001:0000ad50       __aulldvrm                 0040bd50 f   LIBCMT:ulldvrm.obj
 0001:0000ade5       __freea                    0040bde5 f i LIBCMT:a_loc.obj
 0001:0000ae03       _GetTableIndexFromLocaleName 0040be03 f   LIBCMT:winapinls.obj
 0001:0000ae51       ___crtDownlevelLocaleNameToLCID 0040be51 f   LIBCMT:winapinls.obj
 0001:0000ae7b       ___crtLCMapStringEx        0040be7b f   LIBCMT:winapinls.obj
 0001:0000aec7       ___wcsnicmp_ascii          0040bec7 f   LIBCMT:winapinls.obj
 0001:0000af40       __trandisp1                0040bf40 f   LIBCMT:87disp.obj
 0001:0000afa7       __trandisp2                0040bfa7 f   LIBCMT:87disp.obj
 0001:0000b033       __rttospopde               0040c033     LIBCMT:87disp.obj
 0001:0000b038       __rttospop                 0040c038     LIBCMT:87disp.obj
 0001:0000b03a       __rtnospop                 0040c03a     LIBCMT:87disp.obj
 0001:0000b03c       __rttosnpop                0040c03c     LIBCMT:87disp.obj
 0001:0000b03d       __rtnospopde               0040c03d     LIBCMT:87disp.obj
 0001:0000b044       __rtzeropop                0040c044     LIBCMT:87disp.obj
 0001:0000b046       __rtzeronpop               0040c046     LIBCMT:87disp.obj
 0001:0000b04b       __rtonepop                 0040c04b     LIBCMT:87disp.obj
 0001:0000b04d       __rtonenpop                0040c04d     LIBCMT:87disp.obj
 0001:0000b052       __tosnan1                  0040c052     LIBCMT:87disp.obj
 0001:0000b07d       __nosnan2                  0040c07d     LIBCMT:87disp.obj
 0001:0000b07f       __tosnan2                  0040c07f     LIBCMT:87disp.obj
 0001:0000b0a7       __nan2                     0040c0a7     LIBCMT:87disp.obj
 0001:0000b0e6       __rtindfpop                0040c0e6     LIBCMT:87disp.obj
 0001:0000b0e8       __rtindfnpop               0040c0e8     LIBCMT:87disp.obj
 0001:0000b0f9       __rttosnpopde              0040c0f9     LIBCMT:87disp.obj
 0001:0000b103       __rtchsifneg               0040c103     LIBCMT:87disp.obj
 0001:0000b110       __startTwoArgErrorHandling 0040c110 f   LIBCMT:genexcep.obj
 0001:0000b127       __startOneArgErrorHandling 0040c127 f   LIBCMT:genexcep.obj
 0001:0000b170       __twoToTOS                 0040c170 f   LIBCMT:common.obj
 0001:0000b185       __load_CW                  0040c185 f   LIBCMT:common.obj
 0001:0000b19c       __convertTOStoQNaN         0040c19c f   LIBCMT:common.obj
 0001:0000b1b5       __fload_withFB             0040c1b5 f   LIBCMT:common.obj
 0001:0000b1f8       __checkTOS_withFB          0040c1f8 f   LIBCMT:common.obj
 0001:0000b20e       __fast_exit                0040c20e f   LIBCMT:common.obj
 0001:0000b21b       __math_exit                0040c21b f   LIBCMT:common.obj
 0001:0000b245       __check_overflow_exit      0040c245 f   LIBCMT:common.obj
 0001:0000b259       __check_range_exit         0040c259 f   LIBCMT:common.obj
 0001:0000b2fc       __matherr                  0040c2fc f   LIBCMT:matherr.obj
 0001:0000b2ff       ___lock_fhandle            0040c2ff f   LIBCMT:osfinfo.obj
 0001:0000b38d       __alloc_osfhnd             0040c38d f   LIBCMT:osfinfo.obj
 0001:0000b536       __free_osfhnd              0040c536 f   LIBCMT:osfinfo.obj
 0001:0000b5bc       __get_osfhandle            0040c5bc f   LIBCMT:osfinfo.obj
 0001:0000b623       __set_osfhnd               0040c623 f   LIBCMT:osfinfo.obj
 0001:0000b6a5       __unlock_fhandle           0040c6a5 f   LIBCMT:osfinfo.obj
 0001:0000b6cb       __mbtowc_l                 0040c6cb f   LIBCMT:mbtowc.obj
 0001:0000b7c0       _mbtowc                    0040c7c0 f   LIBCMT:mbtowc.obj
 0001:0000b7d8       __putwch_nolock            0040c7d8 f   LIBCMT:putwch.obj
 0001:0000b820       __alloca_probe             0040c820 f   LIBCMT:chkstk.obj
 0001:0000b820       __chkstk                   0040c820 f   LIBCMT:chkstk.obj
 0001:0000b84b       __read                     0040c84b f   LIBCMT:read.obj
 0001:0000b95f       __read_nolock              0040c95f f   LIBCMT:read.obj
 0001:0000c0f0       __sopen_helper             0040d0f0 f   LIBCMT:open.obj
 0001:0000c1b9       __sopen_nolock             0040d1b9 f   LIBCMT:open.obj
 0001:0000c207       __sopen_s                  0040d207 f   LIBCMT:open.obj
 0001:0000c225       __mbsnbcmp                 0040d225 f   LIBCMT:mbsnbcmp.obj
 0001:0000c23d       __mbsnbcmp_l               0040d23d f   LIBCMT:mbsnbcmp.obj
 0001:0000c354       __mbsnbicmp                0040d354 f   LIBCMT:mbsnbicm.obj
 0001:0000c36c       __mbsnbicmp_l              0040d36c f   LIBCMT:mbsnbicm.obj
 0001:0000c530       __global_unwind2           0040d530 f   LIBCMT:exsup.obj
 0001:0000c595       __local_unwind2            0040d595 f   LIBCMT:exsup.obj
 0001:0000c619       __abnormal_termination     0040d619 f   LIBCMT:exsup.obj
 0001:0000c63c       __NLG_Notify1              0040d63c f   LIBCMT:exsup.obj
 0001:0000c645       __NLG_Notify               0040d645 f   LIBCMT:exsup.obj
 0001:0000c65c       __NLG_Dispatch             0040d65c     LIBCMT:exsup.obj
 0001:0000c65c       __NLG_Dispatch2            0040d65c     LIBCMT:exsup.obj
 0001:0000c664       __NLG_Call                 0040d664 f   LIBCMT:exsup.obj
 0001:0000c666       __NLG_Return2              0040d666     LIBCMT:exsup.obj
 0001:0000c667       _wcscat_s                  0040d667 f   LIBCMT:wcscat_s.obj
 0001:0000c6d3       _wcscpy_s                  0040d6d3 f   LIBCMT:wcscpy_s.obj
 0001:0000c72f       _wcslen                    0040d72f f   LIBCMT:wcslen.obj
 0001:0000c748       _wcsncpy_s                 0040d748 f   LIBCMT:wcsncpy_s.obj
 0001:0000c806       ___crtMessageBoxW          0040d806 f   LIBCMT:crtmboxw.obj
 0001:0000c9ec       __fptrap                   0040d9ec f   LIBCMT:crt0fp.obj
 0001:0000cbf9       ___crtLCMapStringA         0040dbf9 f   LIBCMT:a_map.obj
 0001:0000cd37       ___crtGetStringTypeA       0040dd37 f   LIBCMT:a_str.obj
 0001:0000cd77       __isctype_l                0040dd77 f   LIBCMT:isctype.obj
 0001:0000ce28       ___crt_atoflt_l            0040de28 f   LIBCMT:atodbl.obj
 0001:0000cecc       __atodbl_l                 0040decc f   LIBCMT:atodbl.obj
 0001:0000cf5a       __atoflt_l                 0040df5a f   LIBCMT:atodbl.obj
 0001:0000cf72       __locterm                  0040df72 f   LIBCMT:wsetloca.obj
 0001:0000cfc4       ___raise_securityfailure   0040dfc4 f   LIBCMT:gs_report.obj
 0001:0000d001       ___report_gsfailure        0040e001 f   LIBCMT:gs_report.obj
 0001:0000d0fc       ?_ValidateExecute@@YAHP6GHXZ@Z 0040e0fc f   LIBCMT:validate.obj
 0001:0000d0fc       ?_ValidateWrite@@YAHPAXI@Z 0040e0fc f   LIBCMT:validate.obj
 0001:0000d0fc       ?_ValidateRead@@YAHPBXI@Z  0040e0fc f   LIBCMT:validate.obj
 0001:0000d10b       ??0exception@std@@QAE@ABQBD@Z 0040e10b f   LIBCMT:stdexcpt.obj
 0001:0000d130       ??0exception@std@@QAE@ABQBDH@Z 0040e130 f   LIBCMT:stdexcpt.obj
 0001:0000d14b       ??0exception@std@@QAE@ABV01@@Z 0040e14b f   LIBCMT:stdexcpt.obj
 0001:0000d16e       ??1exception@std@@UAE@XZ   0040e16e f   LIBCMT:stdexcpt.obj
 0001:0000d179       ??4exception@std@@QAEAAV01@ABV01@@Z 0040e179 f   LIBCMT:stdexcpt.obj
 0001:0000d1ac       ??_Eexception@std@@UAEPAXI@Z 0040e1ac f i LIBCMT:stdexcpt.obj
 0001:0000d1ac       ??_Gexception@std@@UAEPAXI@Z 0040e1ac f i LIBCMT:stdexcpt.obj
 0001:0000d1d1       ?_Copy_str@exception@std@@AAEXPBD@Z 0040e1d1 f   LIBCMT:stdexcpt.obj
 0001:0000d20f       ?_Tidy@exception@std@@AAEXXZ 0040e20f f   LIBCMT:stdexcpt.obj
 0001:0000d22b       ?what@exception@std@@UBEPBDXZ 0040e22b f   LIBCMT:stdexcpt.obj
 0001:0000d238       __EH_prolog3_catch         0040e238 f   LIBCMT:ehprolg3.obj
 0001:0000d26e       _strcpy_s                  0040e26e f   LIBCMT:strcpy_s.obj
 0001:0000d2c3       __isdigit_l                0040e2c3 f i LIBCMT:_ctype.obj
 0001:0000d315       _isdigit                   0040e315 f i LIBCMT:_ctype.obj
 0001:0000d340       __tolower_l                0040e340 f   LIBCMT:tolower.obj
 0001:0000d483       _tolower                   0040e483 f   LIBCMT:tolower.obj
 0001:0000d4af       __fptostr                  0040e4af f   LIBCMT:_fptostr.obj
 0001:0000d55f       ___dtold                   0040e55f f   LIBCMT:cfout.obj
 0001:0000d627       __fltout2                  0040e627 f   LIBCMT:cfout.obj
 0001:0000d6c0       __alldvrm                  0040e6c0 f   LIBCMT:lldvrm.obj
 0001:0000d7a0       __aullshr                  0040e7a0 f   LIBCMT:ullshr.obj
 0001:0000d7bf       __controlfp_s              0040e7bf f   LIBCMT:contrlfp.obj
 0001:0000d876       __ismbblead                0040e876 f   LIBCMT:ismbbyte.obj
 0001:0000d88c       ___free_lconv_mon          0040e88c f   LIBCMT:initmon.obj
 0001:0000d988       ___free_lconv_num          0040e988 f   LIBCMT:initnum.obj
 0001:0000d9ef       ___free_lc_time            0040e9ef f   LIBCMT:inittime.obj
 0001:0000dd70       __alloca_probe_16          0040ed70 f   LIBCMT:alloca16.obj
 0001:0000dd86       __alloca_probe_8           0040ed86     LIBCMT:alloca16.obj
 0001:0000dd9c       __87except                 0040ed9c f   LIBCMT:87except.obj
 0001:0000dea5       ___termconout              0040eea5 f   LIBCMT:initcon.obj
 0001:0000debc       ___initconout              0040eebc f   LIBCMT:initcon.obj
 0001:0000df63       __wsopen_nolock            0040ef63 f   LIBCMT:wopen.obj
 0001:0000e6c0       _strncmp                   0040f6c0 f   LIBCMT:strncmp.obj
 0001:0000e738       __strnicmp                 0040f738 f   LIBCMT:strnicmp.obj
 0001:0000e7a3       __strnicmp_l               0040f7a3 f   LIBCMT:strnicmp.obj
 0001:0000e860       __ld12tod                  0040f860 f   LIBCMT:intrncvt.obj
 0001:0000edd2       __ld12tof                  0040fdd2 f   LIBCMT:intrncvt.obj
 0001:0000f344       ___strgtold12_l            00410344 f   LIBCMT:strgtold.obj
 0001:0000faec       _$I10_OUTPUT               00410aec f   LIBCMT:x10fout.obj
 0001:00010569       __control87                00411569 f i LIBCMT:ieee87.obj
 0001:00010902       __chsize_nolock            00411902 f   LIBCMT:chsize.obj
 0001:00010ab8       __get_fmode                00411ab8 f   LIBCMT:setmode.obj
 0001:00010ae2       __setmode_nolock           00411ae2 f   LIBCMT:setmode.obj
 0001:00010bb0       ___ascii_strnicmp          00411bb0 f   LIBCMT:_strnicm.obj
 0001:00010c11       ___mtold12                 00411c11 f   LIBCMT:mantold.obj
 0001:00010df1       ??0bad_alloc@std@@QAE@ABV01@@Z 00411df1 f i libcpmt:xthrow.obj
 0001:00010e0c       ??0length_error@std@@QAE@ABV01@@Z 00411e0c f i libcpmt:xthrow.obj
 0001:00010e27       ??0logic_error@std@@QAE@ABV01@@Z 00411e27 f i libcpmt:xthrow.obj
 0001:00010e42       ??0out_of_range@std@@QAE@ABV01@@Z 00411e42 f i libcpmt:xthrow.obj
 0001:00010e5d       ??1bad_alloc@std@@UAE@XZ   00411e5d f i libcpmt:xthrow.obj
 0001:00010e68       ??1length_error@std@@UAE@XZ 00411e68 f i libcpmt:xthrow.obj
 0001:00010e68       ??1out_of_range@std@@UAE@XZ 00411e68 f i libcpmt:xthrow.obj
 0001:00010e6d       ??_Gbad_alloc@std@@UAEPAXI@Z 00411e6d f i libcpmt:xthrow.obj
 0001:00010e6d       ??_Ebad_alloc@std@@UAEPAXI@Z 00411e6d f i libcpmt:xthrow.obj
 0001:00010e92       ??_Gout_of_range@std@@UAEPAXI@Z 00411e92 f i libcpmt:xthrow.obj
 0001:00010e92       ??_Eout_of_range@std@@UAEPAXI@Z 00411e92 f i libcpmt:xthrow.obj
 0001:00010e92       ??_Elogic_error@std@@UAEPAXI@Z 00411e92 f i libcpmt:xthrow.obj
 0001:00010e92       ??_Elength_error@std@@UAEPAXI@Z 00411e92 f i libcpmt:xthrow.obj
 0001:00010e92       ??_Glogic_error@std@@UAEPAXI@Z 00411e92 f i libcpmt:xthrow.obj
 0001:00010e92       ??_Glength_error@std@@UAEPAXI@Z 00411e92 f i libcpmt:xthrow.obj
 0001:00010eb1       ?_Xbad_alloc@std@@YAXXZ    00411eb1 f   libcpmt:xthrow.obj
 0001:00010ee2       ?_Xlength_error@std@@YAXPBD@Z 00411ee2 f   libcpmt:xthrow.obj
 0001:00010f10       ?_Xout_of_range@std@@YAXPBD@Z 00411f10 f   libcpmt:xthrow.obj
 0001:00010f3e       ?_Syserror_map@std@@YAPBDH@Z 00411f3e f   libcpmt:syserror.obj
 0001:00010f68       ?_Winerror_map@std@@YAPBDH@Z 00411f68 f   libcpmt:syserror.obj
 0001:00010f92       _RtlUnwind@16              00411f92 f   kernel32:KERNEL32.dll
 0001:00010f98       _IsProcessorFeaturePresent@4 00411f98 f   kernel32:KERNEL32.dll
 0001:00010f9e       ___ascii_stricmp           00411f9e f   LIBCMT:stricmp.obj
 0001:00010fd7       _stricmp                   00411fd7 f   LIBCMT:stricmp.obj
 0001:00010fd7       __stricmp                  00411fd7 f   LIBCMT:stricmp.obj
 0001:0001101e       __stricmp_l                0041201e f   LIBCMT:stricmp.obj
 0002:00000000       __imp__SetUnhandledExceptionFilter@4 00413000     kernel32:KERNEL32.dll
 0002:00000004       __imp__HeapFree@12         00413004     kernel32:KERNEL32.dll
 0002:00000008       __imp__SetEndOfFile@4      00413008     kernel32:KERNEL32.dll
 0002:0000000c       __imp__CreateFileW@28      0041300c     kernel32:KERNEL32.dll
 0002:00000010       __imp__GetStringTypeW@16   00413010     kernel32:KERNEL32.dll
 0002:00000014       __imp__OutputDebugStringW@4 00413014     kernel32:KERNEL32.dll
 0002:00000018       __imp__ReadConsoleW@20     00413018     kernel32:KERNEL32.dll
 0002:0000001c       __imp__ReadFile@20         0041301c     kernel32:KERNEL32.dll
 0002:00000020       __imp__WriteConsoleW@20    00413020     kernel32:KERNEL32.dll
 0002:00000024       __imp__SetStdHandle@8      00413024     kernel32:KERNEL32.dll
 0002:00000028       __imp__HeapAlloc@12        00413028     kernel32:KERNEL32.dll
 0002:0000002c       __imp__GetProcessHeap@0    0041302c     kernel32:KERNEL32.dll
 0002:00000030       __imp__VirtualQuery@12     00413030     kernel32:KERNEL32.dll
 0002:00000034       __imp__GetModuleFileNameA@12 00413034     kernel32:KERNEL32.dll
 0002:00000038       __imp__EncodePointer@4     00413038     kernel32:KERNEL32.dll
 0002:0000003c       __imp__DecodePointer@4     0041303c     kernel32:KERNEL32.dll
 0002:00000040       __imp__EnterCriticalSection@4 00413040     kernel32:KERNEL32.dll
 0002:00000044       __imp__LeaveCriticalSection@4 00413044     kernel32:KERNEL32.dll
 0002:00000048       __imp__GetLastError@0      00413048     kernel32:KERNEL32.dll
 0002:0000004c       __imp__ExitProcess@4       0041304c     kernel32:KERNEL32.dll
 0002:00000050       __imp__GetModuleHandleExW@12 00413050     kernel32:KERNEL32.dll
 0002:00000054       __imp__GetProcAddress@8    00413054     kernel32:KERNEL32.dll
 0002:00000058       __imp__AreFileApisANSI@0   00413058     kernel32:KERNEL32.dll
 0002:0000005c       __imp__MultiByteToWideChar@24 0041305c     kernel32:KERNEL32.dll
 0002:00000060       __imp__WideCharToMultiByte@32 00413060     kernel32:KERNEL32.dll
 0002:00000064       __imp__GetSystemTimeAsFileTime@4 00413064     kernel32:KERNEL32.dll
 0002:00000068       __imp__RaiseException@16   00413068     kernel32:KERNEL32.dll
 0002:0000006c       __imp__RtlUnwind@16        0041306c     kernel32:KERNEL32.dll
 0002:00000070       __imp__GetCommandLineA@0   00413070     kernel32:KERNEL32.dll
 0002:00000074       __imp__IsProcessorFeaturePresent@4 00413074     kernel32:KERNEL32.dll
 0002:00000078       __imp__IsDebuggerPresent@0 00413078     kernel32:KERNEL32.dll
 0002:0000007c       __imp__DeleteCriticalSection@4 0041307c     kernel32:KERNEL32.dll
 0002:00000080       __imp__CloseHandle@4       00413080     kernel32:KERNEL32.dll
 0002:00000084       __imp__FlushFileBuffers@4  00413084     kernel32:KERNEL32.dll
 0002:00000088       __imp__WriteFile@20        00413088     kernel32:KERNEL32.dll
 0002:0000008c       __imp__GetConsoleCP@0      0041308c     kernel32:KERNEL32.dll
 0002:00000090       __imp__GetConsoleMode@8    00413090     kernel32:KERNEL32.dll
 0002:00000094       __imp__GetStdHandle@4      00413094     kernel32:KERNEL32.dll
 0002:00000098       __imp__GetFileType@4       00413098     kernel32:KERNEL32.dll
 0002:0000009c       __imp__GetStartupInfoW@4   0041309c     kernel32:KERNEL32.dll
 0002:000000a0       __imp__UnhandledExceptionFilter@4 004130a0     kernel32:KERNEL32.dll
 0002:000000a4       __imp__SetLastError@4      004130a4     kernel32:KERNEL32.dll
 0002:000000a8       __imp__InitializeCriticalSectionAndSpinCount@8 004130a8     kernel32:KERNEL32.dll
 0002:000000ac       __imp__GetCurrentProcess@0 004130ac     kernel32:KERNEL32.dll
 0002:000000b0       __imp__TerminateProcess@8  004130b0     kernel32:KERNEL32.dll
 0002:000000b4       __imp__TlsAlloc@0          004130b4     kernel32:KERNEL32.dll
 0002:000000b8       __imp__TlsGetValue@4       004130b8     kernel32:KERNEL32.dll
 0002:000000bc       __imp__TlsSetValue@8       004130bc     kernel32:KERNEL32.dll
 0002:000000c0       __imp__TlsFree@4           004130c0     kernel32:KERNEL32.dll
 0002:000000c4       __imp__GetModuleHandleW@4  004130c4     kernel32:KERNEL32.dll
 0002:000000c8       __imp__GetModuleFileNameW@12 004130c8     kernel32:KERNEL32.dll
 0002:000000cc       __imp__LoadLibraryExW@12   004130cc     kernel32:KERNEL32.dll
 0002:000000d0       __imp__IsValidCodePage@4   004130d0     kernel32:KERNEL32.dll
 0002:000000d4       __imp__GetACP@0            004130d4     kernel32:KERNEL32.dll
 0002:000000d8       __imp__GetOEMCP@0          004130d8     kernel32:KERNEL32.dll
 0002:000000dc       __imp__GetCPInfo@8         004130dc     kernel32:KERNEL32.dll
 0002:000000e0       __imp__GetCurrentThreadId@0 004130e0     kernel32:KERNEL32.dll
 0002:000000e4       __imp__QueryPerformanceCounter@4 004130e4     kernel32:KERNEL32.dll
 0002:000000e8       __imp__GetCurrentProcessId@0 004130e8     kernel32:KERNEL32.dll
 0002:000000ec       __imp__GetEnvironmentStringsW@0 004130ec     kernel32:KERNEL32.dll
 0002:000000f0       __imp__FreeEnvironmentStringsW@4 004130f0     kernel32:KERNEL32.dll
 0002:000000f4       __imp__SetFilePointerEx@20 004130f4     kernel32:KERNEL32.dll
 0002:000000f8       __imp__LCMapStringW@24     004130f8     kernel32:KERNEL32.dll
 0002:000000fc       \177KERNEL32_NULL_THUNK_DATA 004130fc     kernel32:KERNEL32.dll
 0002:00000100       __imp__socket@12           00413100     ws2_32:WS2_32.dll
 0002:00000104       __imp__connect@12          00413104     ws2_32:WS2_32.dll
 0002:00000108       __imp__WSASetLastError@4   00413108     ws2_32:WS2_32.dll
 0002:0000010c       __imp__WSACleanup@0        0041310c     ws2_32:WS2_32.dll
 0002:00000110       __imp__WSAStartup@8        00413110     ws2_32:WS2_32.dll
 0002:00000114       __imp__gethostbyname@4     00413114     ws2_32:WS2_32.dll
 0002:00000118       __imp__closesocket@4       00413118     ws2_32:WS2_32.dll
 0002:0000011c       __imp__send@16             0041311c     ws2_32:WS2_32.dll
 0002:00000120       __imp__recv@16             00413120     ws2_32:WS2_32.dll
 0002:00000124       __imp__inet_addr@4         00413124     ws2_32:WS2_32.dll
 0002:00000128       __imp__htons@4             00413128     ws2_32:WS2_32.dll
 0002:0000012c       \177WS2_32_NULL_THUNK_DATA 0041312c     ws2_32:WS2_32.dll
 0002:00000130       __imp__g_pMemAlloc         00413130     tier0:tier0.dll
 0002:00000134       \177tier0_NULL_THUNK_DATA  00413134     tier0:tier0.dll
 0002:00000138       ___xc_a                    00413138     LIBCMT:crt0init.obj
 0002:00000148       ___xc_z                    00413148     LIBCMT:crt0init.obj
 0002:0000014c       ___xi_a                    0041314c     LIBCMT:crt0init.obj
 0002:00000164       ___xi_z                    00413164     LIBCMT:crt0init.obj
 0002:00000168       ___xp_a                    00413168     LIBCMT:crt0init.obj
 0002:00000178       ___xp_z                    00413178     LIBCMT:crt0init.obj
 0002:0000017c       ___xt_a                    0041317c     LIBCMT:crt0init.obj
 0002:00000180       ___xt_z                    00413180     LIBCMT:crt0init.obj
 0002:000001c8       ??_C@_03DFLABNMG@JAN?$AA@  004131c8     smtpmail.obj
 0002:000001cc       ??_C@_03NENKEFKO@FEB?$AA@  004131cc     smtpmail.obj
 0002:000001d0       ??_C@_03EOBAHICC@MAR?$AA@  004131d0     smtpmail.obj
 0002:000001d4       ??_C@_03BJCCAONN@APR?$AA@  004131d4     smtpmail.obj
 0002:000001d8       ??_C@_03KNOEKBOJ@MAY?$AA@  004131d8     smtpmail.obj
 0002:000001dc       ??_C@_03COJPBGGK@JUN?$AA@  004131dc     smtpmail.obj
 0002:000001e0       ??_C@_03BMKJHEOI@JUL?$AA@  004131e0     smtpmail.obj
 0002:000001e4       ??_C@_03CIFMCKCC@AUG?$AA@  004131e4     smtpmail.obj
 0002:000001e8       ??_C@_03MLOJJCNA@SEP?$AA@  004131e8     smtpmail.obj
 0002:000001ec       ??_C@_03LBMHMDEB@OCT?$AA@  004131ec     smtpmail.obj
 0002:000001f0       ??_C@_03DCFHDPMC@NOV?$AA@  004131f0     smtpmail.obj
 0002:000001f4       ??_C@_03GHMILMGE@DEC?$AA@  004131f4     smtpmail.obj
 0002:000001fc       ??_7error_category@std@@6B@ 004131fc     smtpmail.obj
 0002:00000218       ??_7_Generic_error_category@std@@6B@ 00413218     smtpmail.obj
 0002:00000230       ??_C@_07DCLBNMLN@generic?$AA@ 00413230     smtpmail.obj
 0002:00000238       ??_C@_0O@BFJCFAAK@unknown?5error?$AA@ 00413238     smtpmail.obj
 0002:0000024c       ??_7_Iostream_error_category@std@@6B@ 0041324c     smtpmail.obj
 0002:00000264       ??_C@_08LLGCOLLL@iostream?$AA@ 00413264     smtpmail.obj
 0002:00000270       ??_C@_0BG@PADBLCHM@iostream?5stream?5error?$AA@ 00413270     smtpmail.obj
 0002:0000028c       ??_7_System_error_category@std@@6B@ 0041328c     smtpmail.obj
 0002:000002a4       ??_C@_06FHFOAHML@system?$AA@ 004132a4     smtpmail.obj
 0002:000002b0       ??_C@_0IL@NDCEKIAN@Usage?3?5smtpmail?5?9to?5?$DMaddress?$CI?9es@ 004132b0     smtpmail.obj
 0002:0000033c       ??_C@_02DKCKIIND@?$CFs?$AA@ 0041333c     smtpmail.obj
 0002:00000340       ??_C@_06OGKBAGLK@HELO?$AN?6?$AA@ 00413340     smtpmail.obj
 0002:00000348       ??_C@_01EEMJAFIK@?6?$AA@   00413348     smtpmail.obj
 0002:0000034c       ??_C@_0BC@HPOLIFNK@MAIL?5FROM?3?5?$DM?$CFs?$DO?$AN?6?$AA@ 0041334c     smtpmail.obj
 0002:00000360       ??_C@_0BA@PAJOOKEN@RCPT?5TO?3?5?$DM?$CFs?$DO?$AN?6?$AA@ 00413360     smtpmail.obj
 0002:00000370       ??_C@_06KNPIFKI@DATA?$AN?6?$AA@ 00413370     smtpmail.obj
 0002:00000378       ??_C@_0CD@OABIDJFC@DATE?3?5?$CF02d?5?$CFs?5?$CF4d?5?$CF02d?3?$CF02d?3?$CF02d@ 00413378     smtpmail.obj
 0002:0000039c       ??_C@_0L@CNPEPLNF@FROM?3?5?$CFs?$AN?6?$AA@ 0041339c     smtpmail.obj
 0002:000003a8       ??_C@_08EPNGAAJP@TO?3?5?$CFs?$AN?6?$AA@ 004133a8     smtpmail.obj
 0002:000003b4       ??_C@_0BA@IBLNBCK@SUBJECT?3?5?$CFs?$AN?6?$AN?6?$AA@ 004133b4     smtpmail.obj
 0002:000003c4       ??_C@_02MIICKFIN@?4?6?$AA@ 004133c4     smtpmail.obj
 0002:000003c8       ??_C@_03GMGBIDDH@?4?$AN?6?$AA@ 004133c8     smtpmail.obj
 0002:000003cc       ??_C@_05KMJPGPH@?$AN?6?4?$AN?6?$AA@ 004133cc     smtpmail.obj
 0002:000003d4       ??_C@_0BI@HJDGNGHE@smtp1?4valvesoftware?4com?$AA@ 004133d4     smtpmail.obj
 0002:000003ec       ??_C@_07ODEEFNBO@?9server?$AA@ 004133ec     smtpmail.obj
 0002:000003f4       ??_C@_03DNHOOAOE@?9to?$AA@ 004133f4     smtpmail.obj
 0002:000003f8       ??_C@_0DB@NOLLGCMG@Must?5specify?5a?5recipient?5with?5?9t@ 004133f8     smtpmail.obj
 0002:0000042c       ??_C@_05LBJDDLLJ@?9from?$AA@ 0041342c     smtpmail.obj
 0002:00000434       ??_C@_0CM@OPJIDMFC@Must?5specify?5a?5sender?5with?5?9from@ 00413434     smtpmail.obj
 0002:00000460       ??_C@_06KOPODAHL@?$DMNONE?$DO?$AA@ 00413460     smtpmail.obj
 0002:00000468       ??_C@_08GNEDOIFN@?9subject?$AA@ 00413468     smtpmail.obj
 0002:00000474       ??_C@_02IFGANFKF@25?$AA@   00413474     smtpmail.obj
 0002:00000478       ??_C@_05HDLOEPOC@?9port?$AA@ 00413478     smtpmail.obj
 0002:00000480       ??_C@_01KDCPPGHE@r?$AA@    00413480     smtpmail.obj
 0002:00000484       ??_C@_0P@EFONNJHN@Can?8t?5open?5?$CFs?6?$AA@ 00413484     smtpmail.obj
 0002:00000494       ??_C@_08FBJJFDKJ@?9verbose?$AA@ 00413494     smtpmail.obj
 0002:000004a0       ??_C@_06PBCLDOEC@quit?$AN?6?$AA@ 004134a0     smtpmail.obj
 0002:000004a8       ??_C@_0BM@BNANDJIF@Can?8t?5open?5socket?5to?5?$CFs?3?$CFd?6?$AA@ 004134a8     smtpmail.obj
 0002:000004c4       ??_C@_0BA@JFNIOLAK@string?5too?5long?$AA@ 004134c4     smtpmail.obj
 0002:000004d4       ??_C@_0BI@CFPLBAOH@invalid?5string?5position?$AA@ 004134d4     smtpmail.obj
 0002:000004ec       ??_C@_1BI@BGOHAHKC@?$AAm?$AAs?$AAc?$AAo?$AAr?$AAe?$AAe?$AA?4?$AAd?$AAl?$AAl?$AA?$AA@ 004134ec     LIBCMT:crt0dat.obj
 0002:00000504       ??_C@_0P@MIGLKIOC@CorExitProcess?$AA@ 00413504     LIBCMT:crt0dat.obj
 0002:00000538       ??_7type_info@@6B@         00413538     LIBCMT:typinfo.obj
 0002:0000053c       __FPinit                   0041353c     LIBCMT:fpinit.obj
 0002:00000540       ??_C@_06OJHGLDPL@?$CInull?$CJ?$AA@ 00413540     LIBCMT:output.obj
 0002:00000548       ??_C@_1O@CEDCILHN@?$AA?$CI?$AAn?$AAu?$AAl?$AAl?$AA?$CJ?$AA?$AA@ 00413548     LIBCMT:output.obj
 0002:00000558       ___lookuptable             00413558     LIBCMT:output.obj
 0002:000005b4       ??_C@_03KHJOGHMM@exp?$AA@  004135b4     LIBCMT:fpexcept.obj
 0002:000005b8       ??_C@_03JGHBODFD@pow?$AA@  004135b8     LIBCMT:fpexcept.obj
 0002:000005bc       ??_C@_03MGHMBJCF@log?$AA@  004135bc     LIBCMT:fpexcept.obj
 0002:000005c0       ??_C@_05HGHHAHAP@log10?$AA@ 004135c0     LIBCMT:fpexcept.obj
 0002:000005c8       ??_C@_04COOMCNPB@sinh?$AA@ 004135c8     LIBCMT:fpexcept.obj
 0002:000005d0       ??_C@_04HPJJNFIM@cosh?$AA@ 004135d0     LIBCMT:fpexcept.obj
 0002:000005d8       ??_C@_04FJHINJAO@tanh?$AA@ 004135d8     LIBCMT:fpexcept.obj
 0002:000005e0       ??_C@_04FIHNOPOL@asin?$AA@ 004135e0     LIBCMT:fpexcept.obj
 0002:000005e8       ??_C@_04PDIFKINK@acos?$AA@ 004135e8     LIBCMT:fpexcept.obj
 0002:000005f0       ??_C@_04MLLJIGOK@atan?$AA@ 004135f0     LIBCMT:fpexcept.obj
 0002:000005f8       ??_C@_05KNGEOGJB@atan2?$AA@ 004135f8     LIBCMT:fpexcept.obj
 0002:00000600       ??_C@_04EIAKFFMI@sqrt?$AA@ 00413600     LIBCMT:fpexcept.obj
 0002:00000608       ??_C@_03BLEJJJBH@sin?$AA@  00413608     LIBCMT:fpexcept.obj
 0002:0000060c       ??_C@_03LALBNOCG@cos?$AA@  0041360c     LIBCMT:fpexcept.obj
 0002:00000610       ??_C@_03IIINPABG@tan?$AA@  00413610     LIBCMT:fpexcept.obj
 0002:00000614       ??_C@_04GFPJNGEK@ceil?$AA@ 00413614     LIBCMT:fpexcept.obj
 0002:0000061c       ??_C@_05PBJFFIGL@floor?$AA@ 0041361c     LIBCMT:fpexcept.obj
 0002:00000624       ??_C@_04ODHECPBC@fabs?$AA@ 00413624     LIBCMT:fpexcept.obj
 0002:0000062c       ??_C@_04EHEDPDJG@modf?$AA@ 0041362c     LIBCMT:fpexcept.obj
 0002:00000634       ??_C@_05CEJMAHNP@ldexp?$AA@ 00413634     LIBCMT:fpexcept.obj
 0002:0000063c       ??_C@_05KBKMEMPO@_cabs?$AA@ 0041363c     LIBCMT:fpexcept.obj
 0002:00000644       ??_C@_06MEIMCGCF@_hypot?$AA@ 00413644     LIBCMT:fpexcept.obj
 0002:0000064c       ??_C@_04KEPJIHGP@fmod?$AA@ 0041364c     LIBCMT:fpexcept.obj
 0002:00000654       ??_C@_05GKKHEGJL@frexp?$AA@ 00413654     LIBCMT:fpexcept.obj
 0002:0000065c       ??_C@_03MJLDFKDL@_y0?$AA@  0041365c     LIBCMT:fpexcept.obj
 0002:00000660       ??_C@_03NAKIGLHK@_y1?$AA@  00413660     LIBCMT:fpexcept.obj
 0002:00000664       ??_C@_03ONILCKOB@_yn?$AA@  00413664     LIBCMT:fpexcept.obj
 0002:00000668       ??_C@_05JGDBENOH@_logb?$AA@ 00413668     LIBCMT:fpexcept.obj
 0002:00000670       ??_C@_0L@KDOEJCKC@_nextafter?$AA@ 00413670     LIBCMT:fpexcept.obj
 0002:000006a0       ___lookuptable_s           004136a0     LIBCMT:outputs.obj
 0002:000006fc       ??_C@_1BK@MGMFAEKH@?$AAk?$AAe?$AAr?$AAn?$AAe?$AAl?$AA3?$AA2?$AA?4?$AAd?$AAl?$AAl?$AA?$AA@ 004136fc     LIBCMT:winapisupp.obj
 0002:00000718       ??_C@_08KNHFBNJ@FlsAlloc?$AA@ 00413718     LIBCMT:winapisupp.obj
 0002:00000724       ??_C@_07PEJMOBNF@FlsFree?$AA@ 00413724     LIBCMT:winapisupp.obj
 0002:0000072c       ??_C@_0M@GDNOONDI@FlsGetValue?$AA@ 0041372c     LIBCMT:winapisupp.obj
 0002:00000738       ??_C@_0M@JCPCPOEF@FlsSetValue?$AA@ 00413738     LIBCMT:winapisupp.obj
 0002:00000744       ??_C@_0BM@HCFOFFN@InitializeCriticalSectionEx?$AA@ 00413744     LIBCMT:winapisupp.obj
 0002:00000760       ??_C@_0P@DLHPPCNH@CreateEventExW?$AA@ 00413760     LIBCMT:winapisupp.obj
 0002:00000770       ??_C@_0BD@KIEEOEEH@CreateSemaphoreExW?$AA@ 00413770     LIBCMT:winapisupp.obj
 0002:00000784       ??_C@_0BI@BKLFFAPO@SetThreadStackGuarantee?$AA@ 00413784     LIBCMT:winapisupp.obj
 0002:0000079c       ??_C@_0BG@OGFAJCKC@CreateThreadpoolTimer?$AA@ 0041379c     LIBCMT:winapisupp.obj
 0002:000007b4       ??_C@_0BD@LPLEMMDI@SetThreadpoolTimer?$AA@ 004137b4     LIBCMT:winapisupp.obj
 0002:000007c8       ??_C@_0CA@FMNJENH@WaitForThreadpoolTimerCallbacks?$AA@ 004137c8     LIBCMT:winapisupp.obj
 0002:000007e8       ??_C@_0BF@DCFCCNOC@CloseThreadpoolTimer?$AA@ 004137e8     LIBCMT:winapisupp.obj
 0002:00000800       ??_C@_0BF@FLABGKKM@CreateThreadpoolWait?$AA@ 00413800     LIBCMT:winapisupp.obj
 0002:00000818       ??_C@_0BC@MGCOHNA@SetThreadpoolWait?$AA@ 00413818     LIBCMT:winapisupp.obj
 0002:0000082c       ??_C@_0BE@OCIOMIMP@CloseThreadpoolWait?$AA@ 0041382c     LIBCMT:winapisupp.obj
 0002:00000840       ??_C@_0BJ@LKGHFHBO@FlushProcessWriteBuffers?$AA@ 00413840     LIBCMT:winapisupp.obj
 0002:0000085c       ??_C@_0BP@KALKKPMO@FreeLibraryWhenCallbackReturns?$AA@ 0041385c     LIBCMT:winapisupp.obj
 0002:0000087c       ??_C@_0BK@DFNBACLA@GetCurrentProcessorNumber?$AA@ 0041387c     LIBCMT:winapisupp.obj
 0002:00000898       ??_C@_0BP@KHGALBC@GetLogicalProcessorInformation?$AA@ 00413898     LIBCMT:winapisupp.obj
 0002:000008b8       ??_C@_0BE@FKKLLFLM@CreateSymbolicLinkW?$AA@ 004138b8     LIBCMT:winapisupp.obj
 0002:000008cc       ??_C@_0BJ@OHNKDLIJ@SetDefaultDllDirectories?$AA@ 004138cc     LIBCMT:winapisupp.obj
 0002:000008e8       ??_C@_0BE@LJANKFHF@EnumSystemLocalesEx?$AA@ 004138e8     LIBCMT:winapisupp.obj
 0002:000008fc       ??_C@_0BA@IHGNDAEB@CompareStringEx?$AA@ 004138fc     LIBCMT:winapisupp.obj
 0002:0000090c       ??_C@_0BA@EPCJIIPD@GetDateFormatEx?$AA@ 0041390c     LIBCMT:winapisupp.obj
 0002:0000091c       ??_C@_0BA@ONOKGCMP@GetLocaleInfoEx?$AA@ 0041391c     LIBCMT:winapisupp.obj
 0002:0000092c       ??_C@_0BA@CIJJKCJJ@GetTimeFormatEx?$AA@ 0041392c     LIBCMT:winapisupp.obj
 0002:0000093c       ??_C@_0BJ@PBCCBIPI@GetUserDefaultLocaleName?$AA@ 0041393c     LIBCMT:winapisupp.obj
 0002:00000958       ??_C@_0BC@CELBKLLA@IsValidLocaleName?$AA@ 00413958     LIBCMT:winapisupp.obj
 0002:0000096c       ??_C@_0O@KKBNKAPF@LCMapStringEx?$AA@ 0041396c     LIBCMT:winapisupp.obj
 0002:0000097c       ??_C@_0BE@JOGNEJCI@GetCurrentPackageId?$AA@ 0041397c     LIBCMT:winapisupp.obj
 0002:00000990       ??_C@_0P@CDHHOHKP@GetTickCount64?$AA@ 00413990     LIBCMT:winapisupp.obj
 0002:000009a0       ??_C@_0BO@KPCLFDJJ@GetFileInformationByHandleExW?$AA@ 004139a0     LIBCMT:winapisupp.obj
 0002:000009c0       ??_C@_0BM@MHIDLABK@SetFileInformationByHandleW?$AA@ 004139c0     LIBCMT:winapisupp.obj
 0002:00000a98       ??_C@_1FK@PGACCAFB@?$AAR?$AA6?$AA0?$AA0?$AA2?$AA?$AN?$AA?6?$AA?9?$AA?5?$AAf?$AAl?$AAo?$AAa?$AAt?$AAi?$AAn?$AAg?$AA?5?$AAp?$AAo?$AAi?$AAn?$AAt?$AA?5?$AAs?$AAu?$AAp?$AAp?$AAo?$AAr?$AAt?$AA?5@ 00413a98     LIBCMT:crt0msg.obj
 0002:00000af8       ??_C@_1FE@LLNEDJMD@?$AAR?$AA6?$AA0?$AA0?$AA8?$AA?$AN?$AA?6?$AA?9?$AA?5?$AAn?$AAo?$AAt?$AA?5?$AAe?$AAn?$AAo?$AAu?$AAg?$AAh?$AA?5?$AAs?$AAp?$AAa?$AAc?$AAe?$AA?5?$AAf?$AAo?$AAr?$AA?5?$AAa?$AAr@ 00413af8     LIBCMT:crt0msg.obj
 0002:00000b50       ??_C@_1FI@HONFMGBI@?$AAR?$AA6?$AA0?$AA0?$AA9?$AA?$AN?$AA?6?$AA?9?$AA?5?$AAn?$AAo?$AAt?$AA?5?$AAe?$AAn?$AAo?$AAu?$AAg?$AAh?$AA?5?$AAs?$AAp?$AAa?$AAc?$AAe?$AA?5?$AAf?$AAo?$AAr?$AA?5?$AAe?$AAn@ 00413b50     LIBCMT:crt0msg.obj
 0002:00000ba8       ??_C@_1EG@BEHAGFJD@?$AAR?$AA6?$AA0?$AA1?$AA0?$AA?$AN?$AA?6?$AA?9?$AA?5?$AAa?$AAb?$AAo?$AAr?$AAt?$AA?$CI?$AA?$CJ?$AA?5?$AAh?$AAa?$AAs?$AA?5?$AAb?$AAe?$AAe?$AAn?$AA?5?$AAc?$AAa?$AAl?$AAl?$AAe?$AAd@ 00413ba8     LIBCMT:crt0msg.obj
 0002:00000bf0       ??_C@_1FI@LOGNIKDM@?$AAR?$AA6?$AA0?$AA1?$AA6?$AA?$AN?$AA?6?$AA?9?$AA?5?$AAn?$AAo?$AAt?$AA?5?$AAe?$AAn?$AAo?$AAu?$AAg?$AAh?$AA?5?$AAs?$AAp?$AAa?$AAc?$AAe?$AA?5?$AAf?$AAo?$AAr?$AA?5?$AAt?$AAh@ 00413bf0     LIBCMT:crt0msg.obj
 0002:00000c48       ??_C@_1FK@BEOGODMC@?$AAR?$AA6?$AA0?$AA1?$AA7?$AA?$AN?$AA?6?$AA?9?$AA?5?$AAu?$AAn?$AAe?$AAx?$AAp?$AAe?$AAc?$AAt?$AAe?$AAd?$AA?5?$AAm?$AAu?$AAl?$AAt?$AAi?$AAt?$AAh?$AAr?$AAe?$AAa?$AAd?$AA?5@ 00413c48     LIBCMT:crt0msg.obj
 0002:00000ca8       ??_C@_1EC@JIBHAOPH@?$AAR?$AA6?$AA0?$AA1?$AA8?$AA?$AN?$AA?6?$AA?9?$AA?5?$AAu?$AAn?$AAe?$AAx?$AAp?$AAe?$AAc?$AAt?$AAe?$AAd?$AA?5?$AAh?$AAe?$AAa?$AAp?$AA?5?$AAe?$AAr?$AAr?$AAo?$AAr?$AA?$AN?$AA?6@ 00413ca8     LIBCMT:crt0msg.obj
 0002:00000cf0       ??_C@_1FC@ECHBIFBC@?$AAR?$AA6?$AA0?$AA1?$AA9?$AA?$AN?$AA?6?$AA?9?$AA?5?$AAu?$AAn?$AAa?$AAb?$AAl?$AAe?$AA?5?$AAt?$AAo?$AA?5?$AAo?$AAp?$AAe?$AAn?$AA?5?$AAc?$AAo?$AAn?$AAs?$AAo?$AAl?$AAe?$AA?5@ 00413cf0     LIBCMT:crt0msg.obj
 0002:00000d48       ??_C@_1GK@FHCKBEFA@?$AAR?$AA6?$AA0?$AA2?$AA4?$AA?$AN?$AA?6?$AA?9?$AA?5?$AAn?$AAo?$AAt?$AA?5?$AAe?$AAn?$AAo?$AAu?$AAg?$AAh?$AA?5?$AAs?$AAp?$AAa?$AAc?$AAe?$AA?5?$AAf?$AAo?$AAr?$AA?5?$AA_?$AAo@ 00413d48     LIBCMT:crt0msg.obj
 0002:00000db8       ??_C@_1EM@MAADIHMB@?$AAR?$AA6?$AA0?$AA2?$AA5?$AA?$AN?$AA?6?$AA?9?$AA?5?$AAp?$AAu?$AAr?$AAe?$AA?5?$AAv?$AAi?$AAr?$AAt?$AAu?$AAa?$AAl?$AA?5?$AAf?$AAu?$AAn?$AAc?$AAt?$AAi?$AAo?$AAn?$AA?5?$AAc@ 00413db8     LIBCMT:crt0msg.obj
 0002:00000e08       ??_C@_1GK@MCAAGJMO@?$AAR?$AA6?$AA0?$AA2?$AA6?$AA?$AN?$AA?6?$AA?9?$AA?5?$AAn?$AAo?$AAt?$AA?5?$AAe?$AAn?$AAo?$AAu?$AAg?$AAh?$AA?5?$AAs?$AAp?$AAa?$AAc?$AAe?$AA?5?$AAf?$AAo?$AAr?$AA?5?$AAs?$AAt@ 00413e08     LIBCMT:crt0msg.obj
 0002:00000e78       ??_C@_1GK@MFGOKLAG@?$AAR?$AA6?$AA0?$AA2?$AA7?$AA?$AN?$AA?6?$AA?9?$AA?5?$AAn?$AAo?$AAt?$AA?5?$AAe?$AAn?$AAo?$AAu?$AAg?$AAh?$AA?5?$AAs?$AAp?$AAa?$AAc?$AAe?$AA?5?$AAf?$AAo?$AAr?$AA?5?$AAl?$AAo@ 00413e78     LIBCMT:crt0msg.obj
 0002:00000ee8       ??_C@_1EK@HHFLMAOL@?$AAR?$AA6?$AA0?$AA2?$AA8?$AA?$AN?$AA?6?$AA?9?$AA?5?$AAu?$AAn?$AAa?$AAb?$AAl?$AAe?$AA?5?$AAt?$AAo?$AA?5?$AAi?$AAn?$AAi?$AAt?$AAi?$AAa?$AAl?$AAi?$AAz?$AAe?$AA?5?$AAh?$AAe@ 00413ee8     LIBCMT:crt0msg.obj
 0002:00000f34       ??_C@_1DO@BMFCDCD@?$AAR?$AA6?$AA0?$AA3?$AA0?$AA?$AN?$AA?6?$AA?9?$AA?5?$AAC?$AAR?$AAT?$AA?5?$AAn?$AAo?$AAt?$AA?5?$AAi?$AAn?$AAi?$AAt?$AAi?$AAa?$AAl?$AAi?$AAz?$AAe?$AAd?$AA?$AN?$AA?6?$AA?$AA@ 00413f34     LIBCMT:crt0msg.obj
 0002:00000f78       ??_C@_1MG@ENCOOIDF@?$AAR?$AA6?$AA0?$AA3?$AA1?$AA?$AN?$AA?6?$AA?9?$AA?5?$AAA?$AAt?$AAt?$AAe?$AAm?$AAp?$AAt?$AA?5?$AAt?$AAo?$AA?5?$AAi?$AAn?$AAi?$AAt?$AAi?$AAa?$AAl?$AAi?$AAz?$AAe?$AA?5?$AAt@ 00413f78     LIBCMT:crt0msg.obj
 0002:00001040       ??_C@_1GG@GOPILAJP@?$AAR?$AA6?$AA0?$AA3?$AA2?$AA?$AN?$AA?6?$AA?9?$AA?5?$AAn?$AAo?$AAt?$AA?5?$AAe?$AAn?$AAo?$AAu?$AAg?$AAh?$AA?5?$AAs?$AAp?$AAa?$AAc?$AAe?$AA?5?$AAf?$AAo?$AAr?$AA?5?$AAl?$AAo@ 00414040     LIBCMT:crt0msg.obj
 0002:000010a8       ??_C@_1BOO@KGEDBGAJ@?$AAR?$AA6?$AA0?$AA3?$AA3?$AA?$AN?$AA?6?$AA?9?$AA?5?$AAA?$AAt?$AAt?$AAe?$AAm?$AAp?$AAt?$AA?5?$AAt?$AAo?$AA?5?$AAu?$AAs?$AAe?$AA?5?$AAM?$AAS?$AAI?$AAL?$AA?5?$AAc?$AAo?$AAd@ 004140a8     LIBCMT:crt0msg.obj
 0002:00001298       ??_C@_1GG@MKFPEKFO@?$AAR?$AA6?$AA0?$AA3?$AA4?$AA?$AN?$AA?6?$AA?9?$AA?5?$AAi?$AAn?$AAc?$AAo?$AAn?$AAs?$AAi?$AAs?$AAt?$AAe?$AAn?$AAt?$AA?5?$AAo?$AAn?$AAe?$AAx?$AAi?$AAt?$AA?5?$AAb?$AAe?$AAg@ 00414298     LIBCMT:crt0msg.obj
 0002:00001300       ??_C@_1BO@BFCDCGC@?$AAD?$AAO?$AAM?$AAA?$AAI?$AAN?$AA?5?$AAe?$AAr?$AAr?$AAo?$AAr?$AA?$AN?$AA?6?$AA?$AA@ 00414300     LIBCMT:crt0msg.obj
 0002:00001320       ??_C@_1BK@KMOMNAAI@?$AAS?$AAI?$AAN?$AAG?$AA?5?$AAe?$AAr?$AAr?$AAo?$AAr?$AA?$AN?$AA?6?$AA?$AA@ 00414320     LIBCMT:crt0msg.obj
 0002:0000133c       ??_C@_1BM@JBBEPPHI@?$AAT?$AAL?$AAO?$AAS?$AAS?$AA?5?$AAe?$AAr?$AAr?$AAo?$AAr?$AA?$AN?$AA?6?$AA?$AA@ 0041433c     LIBCMT:crt0msg.obj
 0002:00001358       ??_C@_15JNBOKNOG@?$AA?$AN?$AA?6?$AA?$AA@ 00414358     LIBCMT:crt0msg.obj
 0002:00001360       ??_C@_1BO@BKOMIGKJ@?$AAr?$AAu?$AAn?$AAt?$AAi?$AAm?$AAe?$AA?5?$AAe?$AAr?$AAr?$AAo?$AAr?$AA?5?$AA?$AA@ 00414360     LIBCMT:crt0msg.obj
 0002:00001380       ??_C@_1DE@JNGNBFGO@?$AAR?$AAu?$AAn?$AAt?$AAi?$AAm?$AAe?$AA?5?$AAE?$AAr?$AAr?$AAo?$AAr?$AA?$CB?$AA?6?$AA?6?$AAP?$AAr?$AAo?$AAg?$AAr?$AAa?$AAm?$AA?3?$AA?5?$AA?$AA@ 00414380     LIBCMT:crt0msg.obj
 0002:000013b4       ??_C@_1CO@EAEJAADC@?$AA?$DM?$AAp?$AAr?$AAo?$AAg?$AAr?$AAa?$AAm?$AA?5?$AAn?$AAa?$AAm?$AAe?$AA?5?$AAu?$AAn?$AAk?$AAn?$AAo?$AAw?$AAn?$AA?$DO?$AA?$AA@ 004143b4     LIBCMT:crt0msg.obj
 0002:000013e4       ??_C@_17LGKOMLJ@?$AA?4?$AA?4?$AA?4?$AA?$AA@ 004143e4     LIBCMT:crt0msg.obj
 0002:000013ec       ??_C@_15IABLJNFO@?$AA?6?$AA?6?$AA?$AA@ 004143ec     LIBCMT:crt0msg.obj
 0002:000013f8       ??_C@_1EK@MBDPDCGA@?$AAM?$AAi?$AAc?$AAr?$AAo?$AAs?$AAo?$AAf?$AAt?$AA?5?$AAV?$AAi?$AAs?$AAu?$AAa?$AAl?$AA?5?$AAC?$AA?$CL?$AA?$CL?$AA?5?$AAR?$AAu?$AAn?$AAt?$AAi?$AAm?$AAe?$AA?5?$AAL?$AAi?$AAb@ 004143f8     LIBCMT:crt0msg.obj
 0002:00001454       ??_C@_1M@HPNHIDJI@?$AAj?$AAa?$AA?9?$AAJ?$AAP?$AA?$AA@ 00414454     LIBCMT:mbctype.obj
 0002:00001460       ??_C@_1M@BIBDDEMK@?$AAz?$AAh?$AA?9?$AAC?$AAN?$AA?$AA@ 00414460     LIBCMT:mbctype.obj
 0002:0000146c       ??_C@_1M@JLOOOEGK@?$AAk?$AAo?$AA?9?$AAK?$AAR?$AA?$AA@ 0041446c     LIBCMT:mbctype.obj
 0002:00001478       ??_C@_1M@CLNBBOPM@?$AAz?$AAh?$AA?9?$AAT?$AAW?$AA?$AA@ 00414478     LIBCMT:mbctype.obj
 0002:00001484       __pDestructExceptionObject 00414484     LIBCMT:frame.obj
 0002:0000148c       ??_7bad_exception@std@@6B@ 0041448c     LIBCMT:frame.obj
 0002:00001494       ??_C@_0O@DPKOEFFH@bad?5exception?$AA@ 00414494     LIBCMT:frame.obj
 0002:000014a4       ??_C@_05KLBDPFGC@e?$CL000?$AA@ 004144a4     LIBCMT:cvt.obj
 0002:000014b0       __XcptActTab               004144b0     LIBCMT:winxfltr.obj
 0002:00001540       __XcptActTabCount          00414540     LIBCMT:winxfltr.obj
 0002:00001544       __XcptActTabSize           00414544     LIBCMT:winxfltr.obj
 0002:00001548       __First_FPE_Indx           00414548     LIBCMT:winxfltr.obj
 0002:0000154c       __Num_FPE                  0041454c     LIBCMT:winxfltr.obj
 0002:00001550       ??_C@_03KOEHGMDN@Sun?$AA@  00414550     LIBCMT:nlsdata.obj
 0002:00001554       ??_C@_03PDAGKDH@Mon?$AA@   00414554     LIBCMT:nlsdata.obj
 0002:00001558       ??_C@_03NAGEINEP@Tue?$AA@  00414558     LIBCMT:nlsdata.obj
 0002:0000155c       ??_C@_03MHOMLAJA@Wed?$AA@  0041455c     LIBCMT:nlsdata.obj
 0002:00001560       ??_C@_03IOFIKPDN@Thu?$AA@  00414560     LIBCMT:nlsdata.obj
 0002:00001564       ??_C@_03IDIOELNC@Fri?$AA@  00414564     LIBCMT:nlsdata.obj
 0002:00001568       ??_C@_03FEFJNEK@Sat?$AA@   00414568     LIBCMT:nlsdata.obj
 0002:0000156c       ??_C@_06OOPIFAJ@Sunday?$AA@ 0041456c     LIBCMT:nlsdata.obj
 0002:00001574       ??_C@_06JLEDEDGH@Monday?$AA@ 00414574     LIBCMT:nlsdata.obj
 0002:0000157c       ??_C@_07BAAGCFCM@Tuesday?$AA@ 0041457c     LIBCMT:nlsdata.obj
 0002:00001584       ??_C@_09DLIGFAKA@Wednesday?$AA@ 00414584     LIBCMT:nlsdata.obj
 0002:00001590       ??_C@_08HACCIKIA@Thursday?$AA@ 00414590     LIBCMT:nlsdata.obj
 0002:0000159c       ??_C@_06JECMNKMI@Friday?$AA@ 0041459c     LIBCMT:nlsdata.obj
 0002:000015a4       ??_C@_08INBOOONO@Saturday?$AA@ 004145a4     LIBCMT:nlsdata.obj
 0002:000015b0       ??_C@_03JIHJHPIE@Jan?$AA@  004145b0     LIBCMT:nlsdata.obj
 0002:000015b4       ??_C@_03HJBDCHOM@Feb?$AA@  004145b4     LIBCMT:nlsdata.obj
 0002:000015b8       ??_C@_03ODNJBKGA@Mar?$AA@  004145b8     LIBCMT:nlsdata.obj
 0002:000015bc       ??_C@_03LEOLGMJP@Apr?$AA@  004145bc     LIBCMT:nlsdata.obj
 0002:000015c0       ??_C@_03CNMDKL@May?$AA@    004145c0     LIBCMT:nlsdata.obj
 0002:000015c4       ??_C@_03IDFGHECI@Jun?$AA@  004145c4     LIBCMT:nlsdata.obj
 0002:000015c8       ??_C@_03LBGABGKK@Jul?$AA@  004145c8     LIBCMT:nlsdata.obj
 0002:000015cc       ??_C@_03IFJFEIGA@Aug?$AA@  004145cc     LIBCMT:nlsdata.obj
 0002:000015d0       ??_C@_03GGCAPAJC@Sep?$AA@  004145d0     LIBCMT:nlsdata.obj
 0002:000015d4       ??_C@_03BMAOKBAD@Oct?$AA@  004145d4     LIBCMT:nlsdata.obj
 0002:000015d8       ??_C@_03JPJOFNIA@Nov?$AA@  004145d8     LIBCMT:nlsdata.obj
 0002:000015dc       ??_C@_03MKABNOCG@Dec?$AA@  004145dc     LIBCMT:nlsdata.obj
 0002:000015e0       ??_C@_07CGJPFGJA@January?$AA@ 004145e0     LIBCMT:nlsdata.obj
 0002:000015e8       ??_C@_08GNJGEPFN@February?$AA@ 004145e8     LIBCMT:nlsdata.obj
 0002:000015f4       ??_C@_05HPCKOFNC@March?$AA@ 004145f4     LIBCMT:nlsdata.obj
 0002:000015fc       ??_C@_05DMJDNLEJ@April?$AA@ 004145fc     LIBCMT:nlsdata.obj
 0002:00001604       ??_C@_04CNLMGBGM@June?$AA@ 00414604     LIBCMT:nlsdata.obj
 0002:0000160c       ??_C@_04MIEPOIFP@July?$AA@ 0041460c     LIBCMT:nlsdata.obj
 0002:00001614       ??_C@_06LBBHFDDG@August?$AA@ 00414614     LIBCMT:nlsdata.obj
 0002:0000161c       ??_C@_09BHHEALKD@September?$AA@ 0041461c     LIBCMT:nlsdata.obj
 0002:00001628       ??_C@_07JJNFCEND@October?$AA@ 00414628     LIBCMT:nlsdata.obj
 0002:00001630       ??_C@_08HCHEGEOA@November?$AA@ 00414630     LIBCMT:nlsdata.obj
 0002:0000163c       ??_C@_08EDHMEBNP@December?$AA@ 0041463c     LIBCMT:nlsdata.obj
 0002:00001648       ??_C@_02DEDBPAFC@AM?$AA@   00414648     LIBCMT:nlsdata.obj
 0002:0000164c       ??_C@_02CJNFDJBF@PM?$AA@   0041464c     LIBCMT:nlsdata.obj
 0002:00001650       ??_C@_08BPBNCDIB@MM?1dd?1yy?$AA@ 00414650     LIBCMT:nlsdata.obj
 0002:0000165c       ??_C@_0BE@CKGJFCPC@dddd?0?5MMMM?5dd?0?5yyyy?$AA@ 0041465c     LIBCMT:nlsdata.obj
 0002:00001670       ??_C@_08JCCMCCIL@HH?3mm?3ss?$AA@ 00414670     LIBCMT:nlsdata.obj
 0002:0000167c       ??_C@_17MBGCMIPB@?$AAS?$AAu?$AAn?$AA?$AA@ 0041467c     LIBCMT:nlsdata.obj
 0002:00001684       ??_C@_17KBOMKBF@?$AAM?$AAo?$AAn?$AA?$AA@ 00414684     LIBCMT:nlsdata.obj
 0002:0000168c       ??_C@_17BMKGEGOJ@?$AAT?$AAu?$AAe?$AA?$AA@ 0041468c     LIBCMT:nlsdata.obj
 0002:00001694       ??_C@_17CJEDCEPE@?$AAW?$AAe?$AAd?$AA?$AA@ 00414694     LIBCMT:nlsdata.obj
 0002:0000169c       ??_C@_17PDPHAADD@?$AAT?$AAh?$AAu?$AA?$AA@ 0041469c     LIBCMT:nlsdata.obj
 0002:000016a4       ??_C@_17HFOLPPLP@?$AAF?$AAr?$AAi?$AA?$AA@ 004146a4     LIBCMT:nlsdata.obj
 0002:000016ac       ??_C@_17GGIBDPIH@?$AAS?$AAa?$AAt?$AA?$AA@ 004146ac     LIBCMT:nlsdata.obj
 0002:000016b4       ??_C@_1O@IHNHDHPB@?$AAS?$AAu?$AAn?$AAd?$AAa?$AAy?$AA?$AA@ 004146b4     LIBCMT:nlsdata.obj
 0002:000016c4       ??_C@_1O@MMNBFLIA@?$AAM?$AAo?$AAn?$AAd?$AAa?$AAy?$AA?$AA@ 004146c4     LIBCMT:nlsdata.obj
 0002:000016d4       ??_C@_1BA@ENFBFFEK@?$AAT?$AAu?$AAe?$AAs?$AAd?$AAa?$AAy?$AA?$AA@ 004146d4     LIBCMT:nlsdata.obj
 0002:000016e4       ??_C@_1BE@EBOGMDOH@?$AAW?$AAe?$AAd?$AAn?$AAe?$AAs?$AAd?$AAa?$AAy?$AA?$AA@ 004146e4     LIBCMT:nlsdata.obj
 0002:000016f8       ??_C@_1BC@HHMNLIHE@?$AAT?$AAh?$AAu?$AAr?$AAs?$AAd?$AAa?$AAy?$AA?$AA@ 004146f8     LIBCMT:nlsdata.obj
 0002:0000170c       ??_C@_1O@PDICJHAG@?$AAF?$AAr?$AAi?$AAd?$AAa?$AAy?$AA?$AA@ 0041470c     LIBCMT:nlsdata.obj
 0002:0000171c       ??_C@_1BC@ENMNNPAJ@?$AAS?$AAa?$AAt?$AAu?$AAr?$AAd?$AAa?$AAy?$AA?$AA@ 0041471c     LIBCMT:nlsdata.obj
 0002:00001730       ??_C@_17DKNBKCHM@?$AAJ?$AAa?$AAn?$AA?$AA@ 00414730     LIBCMT:nlsdata.obj
 0002:00001738       ??_C@_17LMDJEKJN@?$AAF?$AAe?$AAb?$AA?$AA@ 00414738     LIBCMT:nlsdata.obj
 0002:00001740       ??_C@_17CKNLEDEC@?$AAM?$AAa?$AAr?$AA?$AA@ 00414740     LIBCMT:nlsdata.obj
 0002:00001748       ??_C@_17LFPOIHDD@?$AAA?$AAp?$AAr?$AA?$AA@ 00414748     LIBCMT:nlsdata.obj
 0002:00001750       ??_C@_17PNNKMEED@?$AAM?$AAa?$AAy?$AA?$AA@ 00414750     LIBCMT:nlsdata.obj
 0002:00001758       ??_C@_17KCJGOCPB@?$AAJ?$AAu?$AAn?$AA?$AA@ 00414758     LIBCMT:nlsdata.obj
 0002:00001760       ??_C@_17IJPCKHK@?$AAJ?$AAu?$AAl?$AA?$AA@ 00414760     LIBCMT:nlsdata.obj
 0002:00001768       ??_C@_17ICPELBCN@?$AAA?$AAu?$AAg?$AA?$AA@ 00414768     LIBCMT:nlsdata.obj
 0002:00001770       ??_C@_17HCHCOKMG@?$AAS?$AAe?$AAp?$AA?$AA@ 00414770     LIBCMT:nlsdata.obj
 0002:00001778       ??_C@_17FNLKOI@?$AAO?$AAc?$AAt?$AA?$AA@ 00414778     LIBCMT:nlsdata.obj
 0002:00001780       ??_C@_17BBDMLCIG@?$AAN?$AAo?$AAv?$AA?$AA@ 00414780     LIBCMT:nlsdata.obj
 0002:00001788       ??_C@_17EGKACKIF@?$AAD?$AAe?$AAc?$AA?$AA@ 00414788     LIBCMT:nlsdata.obj
 0002:00001790       ??_C@_1BA@EFMEIEBA@?$AAJ?$AAa?$AAn?$AAu?$AAa?$AAr?$AAy?$AA?$AA@ 00414790     LIBCMT:nlsdata.obj
 0002:000017a0       ??_C@_1BC@JGDDFFAM@?$AAF?$AAe?$AAb?$AAr?$AAu?$AAa?$AAr?$AAy?$AA?$AA@ 004147a0     LIBCMT:nlsdata.obj
 0002:000017b4       ??_C@_1M@IKEENEDF@?$AAM?$AAa?$AAr?$AAc?$AAh?$AA?$AA@ 004147b4     LIBCMT:nlsdata.obj
 0002:000017c0       ??_C@_1M@GJNLMHFD@?$AAA?$AAp?$AAr?$AAi?$AAl?$AA?$AA@ 004147c0     LIBCMT:nlsdata.obj
 0002:000017cc       ??_C@_19EPFLPGAP@?$AAJ?$AAu?$AAn?$AAe?$AA?$AA@ 004147cc     LIBCMT:nlsdata.obj
 0002:000017d8       ??_C@_19BIFMLPCD@?$AAJ?$AAu?$AAl?$AAy?$AA?$AA@ 004147d8     LIBCMT:nlsdata.obj
 0002:000017e4       ??_C@_1O@PAHLKOAC@?$AAA?$AAu?$AAg?$AAu?$AAs?$AAt?$AA?$AA@ 004147e4     LIBCMT:nlsdata.obj
 0002:000017f4       ??_C@_1BE@DKAAMBJL@?$AAS?$AAe?$AAp?$AAt?$AAe?$AAm?$AAb?$AAe?$AAr?$AA?$AA@ 004147f4     LIBCMT:nlsdata.obj
 0002:00001808       ??_C@_1BA@EPANDLNG@?$AAO?$AAc?$AAt?$AAo?$AAb?$AAe?$AAr?$AA?$AA@ 00414808     LIBCMT:nlsdata.obj
 0002:00001818       ??_C@_1BC@BGLIFPF@?$AAN?$AAo?$AAv?$AAe?$AAm?$AAb?$AAe?$AAr?$AA?$AA@ 00414818     LIBCMT:nlsdata.obj
 0002:0000182c       ??_C@_1BC@FEMKIFH@?$AAD?$AAe?$AAc?$AAe?$AAm?$AAb?$AAe?$AAr?$AA?$AA@ 0041482c     LIBCMT:nlsdata.obj
 0002:00001840       ??_C@_15ODEHAHHF@?$AAA?$AAM?$AA?$AA@ 00414840     LIBCMT:nlsdata.obj
 0002:00001848       ??_C@_15CLMNNGEL@?$AAP?$AAM?$AA?$AA@ 00414848     LIBCMT:nlsdata.obj
 0002:00001850       ??_C@_1BC@IEBCMHCM@?$AAM?$AAM?$AA?1?$AAd?$AAd?$AA?1?$AAy?$AAy?$AA?$AA@ 00414850     LIBCMT:nlsdata.obj
 0002:00001864       ??_C@_1CI@KNAKOEBC@?$AAd?$AAd?$AAd?$AAd?$AA?0?$AA?5?$AAM?$AAM?$AAM?$AAM?$AA?5?$AAd?$AAd?$AA?0?$AA?5?$AAy?$AAy?$AAy?$AAy?$AA?$AA@ 00414864     LIBCMT:nlsdata.obj
 0002:0000188c       ??_C@_1BC@GDGBMEMK@?$AAH?$AAH?$AA?3?$AAm?$AAm?$AA?3?$AAs?$AAs?$AA?$AA@ 0041488c     LIBCMT:nlsdata.obj
 0002:000018a0       ??_C@_1M@BMHNFIME@?$AAe?$AAn?$AA?9?$AAU?$AAS?$AA?$AA@ 004148a0     LIBCMT:nlsdata.obj
 0002:000018b0       _LcidToLocaleNameTable     004148b0     LIBCMT:winapinls.obj
 0002:00001fd0       _LocaleNameToIndexTable    00414fd0     LIBCMT:winapinls.obj
 0002:000026f0       ??_C@_15EMKDOKLE@?$AAa?$AAr?$AA?$AA@ 004156f0     LIBCMT:winapinls.obj
 0002:000026f8       ??_C@_15KNPADPLH@?$AAb?$AAg?$AA?$AA@ 004156f8     LIBCMT:winapinls.obj
 0002:00002700       ??_C@_15EDMHLDMO@?$AAc?$AAa?$AA?$AA@ 00415700     LIBCMT:winapinls.obj
 0002:00002708       ??_C@_1O@BPEAJADD@?$AAz?$AAh?$AA?9?$AAC?$AAH?$AAS?$AA?$AA@ 00415708     LIBCMT:winapinls.obj
 0002:00002718       ??_C@_15LJNHCMNK@?$AAc?$AAs?$AA?$AA@ 00415718     LIBCMT:winapinls.obj
 0002:00002720       ??_C@_15FOMCIDHG@?$AAd?$AAa?$AA?$AA@ 00415720     LIBCMT:winapinls.obj
 0002:00002728       ??_C@_15NBKABECB@?$AAd?$AAe?$AA?$AA@ 00415728     LIBCMT:winapinls.obj
 0002:00002730       ??_C@_15GHPEIIAO@?$AAe?$AAl?$AA?$AA@ 00415730     LIBCMT:winapinls.obj
 0002:00002738       ??_C@_15MNPNEAIF@?$AAe?$AAn?$AA?$AA@ 00415738     LIBCMT:winapinls.obj
 0002:00002740       ??_C@_15GPIOMPMH@?$AAe?$AAs?$AA?$AA@ 00415740     LIBCMT:winapinls.obj
 0002:00002748       ??_C@_15NGLOAKJC@?$AAf?$AAi?$AA?$AA@ 00415748     LIBCMT:winapinls.obj
 0002:00002750       ??_C@_15FBKGNKAM@?$AAf?$AAr?$AA?$AA@ 00415750     LIBCMT:winapinls.obj
 0002:00002758       ??_C@_15KGGCNEFK@?$AAh?$AAe?$AA?$AA@ 00415758     LIBCMT:winapinls.obj
 0002:00002760       ??_C@_15PGHLIDMF@?$AAh?$AAu?$AA?$AA@ 00415760     LIBCMT:winapinls.obj
 0002:00002768       ??_C@_15BIEMAPLM@?$AAi?$AAs?$AA?$AA@ 00415768     LIBCMT:winapinls.obj
 0002:00002770       ??_C@_15IFJLDHAF@?$AAi?$AAt?$AA?$AA@ 00415770     LIBCMT:winapinls.obj
 0002:00002778       ??_C@_15GEMIOCAG@?$AAj?$AAa?$AA?$AA@ 00415778     LIBCMT:winapinls.obj
 0002:00002780       ??_C@_15EPELEGJA@?$AAk?$AAo?$AA?$AA@ 00415780     LIBCMT:winapinls.obj
 0002:00002788       ??_C@_15NDDHIMN@?$AAn?$AAl?$AA?$AA@ 00415788     LIBCMT:winapinls.obj
 0002:00002790       ??_C@_15BPIGNHCD@?$AAn?$AAo?$AA?$AA@ 00415790     LIBCMT:winapinls.obj
 0002:00002798       ??_C@_15DEOPBLCG@?$AAp?$AAl?$AA?$AA@ 00415798     LIBCMT:winapinls.obj
 0002:000027a0       ??_C@_15KBECGEFG@?$AAp?$AAt?$AA?$AA@ 004157a0     LIBCMT:winapinls.obj
 0002:000027a8       ??_C@_15GLJCBFMD@?$AAr?$AAo?$AA?$AA@ 004157a8     LIBCMT:winapinls.obj
 0002:000027b0       ??_C@_15FEDGKCDI@?$AAr?$AAu?$AA?$AA@ 004157b0     LIBCMT:winapinls.obj
 0002:000027b8       ??_C@_15GLKMLLHM@?$AAh?$AAr?$AA?$AA@ 004157b8     LIBCMT:winapinls.obj
 0002:000027c0       ??_C@_15CPKMFBDB@?$AAs?$AAk?$AA?$AA@ 004157c0     LIBCMT:winapinls.obj
 0002:000027c8       ??_C@_15BAAIOGMK@?$AAs?$AAq?$AA?$AA@ 004157c8     LIBCMT:winapinls.obj
 0002:000027d0       ??_C@_15INNPNOHD@?$AAs?$AAv?$AA?$AA@ 004157d0     LIBCMT:winapinls.obj
 0002:000027d8       ??_C@_15CABMMOGH@?$AAt?$AAh?$AA?$AA@ 004157d8     LIBCMT:winapinls.obj
 0002:000027e0       ??_C@_15BPLIHJJM@?$AAt?$AAr?$AA?$AA@ 004157e0     LIBCMT:winapinls.obj
 0002:000027e8       ??_C@_15NEOEKKDJ@?$AAu?$AAr?$AA?$AA@ 004157e8     LIBCMT:winapinls.obj
 0002:000027f0       ??_C@_15NFICGAJK@?$AAi?$AAd?$AA?$AA@ 004157f0     LIBCMT:winapinls.obj
 0002:000027f8       ??_C@_15PJPFLCCM@?$AAu?$AAk?$AA?$AA@ 004157f8     LIBCMT:winapinls.obj
 0002:00002800       ??_C@_15HPJPHDM@?$AAb?$AAe?$AA?$AA@ 00415800     LIBCMT:winapinls.obj
 0002:00002808       ??_C@_15LCHLGJII@?$AAs?$AAl?$AA?$AA@ 00415808     LIBCMT:winapinls.obj
 0002:00002810       ??_C@_15PCFJPHHO@?$AAe?$AAt?$AA?$AA@ 00415810     LIBCMT:winapinls.obj
 0002:00002818       ??_C@_15HPFPGODN@?$AAl?$AAv?$AA?$AA@ 00415818     LIBCMT:winapinls.obj
 0002:00002820       ??_C@_15NFFGKGLG@?$AAl?$AAt?$AA?$AA@ 00415820     LIBCMT:winapinls.obj
 0002:00002828       ??_C@_15BDAKCCHN@?$AAf?$AAa?$AA?$AA@ 00415828     LIBCMT:winapinls.obj
 0002:00002830       ??_C@_15NFGIAIAJ@?$AAv?$AAi?$AA?$AA@ 00415830     LIBCMT:winapinls.obj
 0002:00002838       ??_C@_15LMKNDMHN@?$AAh?$AAy?$AA?$AA@ 00415838     LIBCMT:winapinls.obj
 0002:00002840       ??_C@_15IJBHMCFL@?$AAa?$AAz?$AA?$AA@ 00415840     LIBCMT:winapinls.obj
 0002:00002848       ??_C@_15EKOFJABL@?$AAe?$AAu?$AA?$AA@ 00415848     LIBCMT:winapinls.obj
 0002:00002850       ??_C@_15BGHADCNK@?$AAm?$AAk?$AA?$AA@ 00415850     LIBCMT:winapinls.obj
 0002:00002858       ??_C@_15JDNICKHM@?$AAa?$AAf?$AA?$AA@ 00415858     LIBCMT:winapinls.obj
 0002:00002860       ??_C@_15KPJEDBKD@?$AAk?$AAa?$AA?$AA@ 00415860     LIBCMT:winapinls.obj
 0002:00002868       ??_C@_15PDNFFFEO@?$AAf?$AAo?$AA?$AA@ 00415868     LIBCMT:winapinls.obj
 0002:00002870       ??_C@_15OMLEGLOC@?$AAh?$AAi?$AA?$AA@ 00415870     LIBCMT:winapinls.obj
 0002:00002878       ??_C@_15IDNNENKK@?$AAm?$AAs?$AA?$AA@ 00415878     LIBCMT:winapinls.obj
 0002:00002880       ??_C@_15MACJNBMH@?$AAk?$AAk?$AA?$AA@ 00415880     LIBCMT:winapinls.obj
 0002:00002888       ??_C@_15DKDJEOND@?$AAk?$AAy?$AA?$AA@ 00415888     LIBCMT:winapinls.obj
 0002:00002890       ??_C@_15DFGDLJBG@?$AAs?$AAw?$AA?$AA@ 00415890     LIBCMT:winapinls.obj
 0002:00002898       ??_C@_15BBFAICNG@?$AAu?$AAz?$AA?$AA@ 00415898     LIBCMT:winapinls.obj
 0002:000028a0       ??_C@_15DKNDCGEA@?$AAt?$AAt?$AA?$AA@ 004158a0     LIBCMT:winapinls.obj
 0002:000028a8       ??_C@_15MGIFMDPL@?$AAp?$AAa?$AA?$AA@ 004158a8     LIBCMT:winapinls.obj
 0002:000028b0       ??_C@_15HCNDBBA@?$AAg?$AAu?$AA?$AA@ 004158b0     LIBCMT:winapinls.obj
 0002:000028b8       ??_C@_15FNBEIBON@?$AAt?$AAa?$AA?$AA@ 004158b8     LIBCMT:winapinls.obj
 0002:000028c0       ??_C@_15NCHGBGLK@?$AAt?$AAe?$AA?$AA@ 004158c0     LIBCMT:winapinls.obj
 0002:000028c8       ??_C@_15PHPHCBPF@?$AAk?$AAn?$AA?$AA@ 004158c8     LIBCMT:winapinls.obj
 0002:000028d0       ??_C@_15DLGBCKMP@?$AAm?$AAr?$AA?$AA@ 004158d0     LIBCMT:winapinls.obj
 0002:000028d8       ??_C@_15EABBLBFF@?$AAs?$AAa?$AA?$AA@ 004158d8     LIBCMT:winapinls.obj
 0002:000028e0       ??_C@_15CBKOMCOI@?$AAm?$AAn?$AA?$AA@ 004158e0     LIBCMT:winapinls.obj
 0002:000028e8       ??_C@_15CKDMCJAF@?$AAg?$AAl?$AA?$AA@ 004158e8     LIBCMT:winapinls.obj
 0002:000028f0       ??_C@_17CNJFBPG@?$AAk?$AAo?$AAk?$AA?$AA@ 004158f0     LIBCMT:winapinls.obj
 0002:000028f8       ??_C@_17FFBJICPL@?$AAs?$AAy?$AAr?$AA?$AA@ 004158f8     LIBCMT:winapinls.obj
 0002:00002900       ??_C@_17KPNDCPAF@?$AAd?$AAi?$AAv?$AA?$AA@ 00415900     LIBCMT:winapinls.obj
 0002:00002908       ??_C@_11LOCGONAA@?$AA?$AA@ 00415908     LIBCMT:winapinls.obj
 0002:0000290c       ??_C@_1M@OKAHONE@?$AAa?$AAr?$AA?9?$AAS?$AAA?$AA?$AA@ 0041590c     LIBCMT:winapinls.obj
 0002:00002918       ??_C@_1M@FFFIGIGK@?$AAb?$AAg?$AA?9?$AAB?$AAG?$AA?$AA@ 00415918     LIBCMT:winapinls.obj
 0002:00002924       ??_C@_1M@BJNKEDC@?$AAc?$AAa?$AA?9?$AAE?$AAS?$AA?$AA@ 00415924     LIBCMT:winapinls.obj
 0002:00002930       ??_C@_1M@IJJHFJHA@?$AAc?$AAs?$AA?9?$AAC?$AAZ?$AA?$AA@ 00415930     LIBCMT:winapinls.obj
 0002:0000293c       ??_C@_1M@CLPEOBGI@?$AAd?$AAa?$AA?9?$AAD?$AAK?$AA?$AA@ 0041593c     LIBCMT:winapinls.obj
 0002:00002948       ??_C@_1M@MCMADGCB@?$AAd?$AAe?$AA?9?$AAD?$AAE?$AA?$AA@ 00415948     LIBCMT:winapinls.obj
 0002:00002954       ??_C@_1M@OOCKEMAM@?$AAe?$AAl?$AA?9?$AAG?$AAR?$AA?$AA@ 00415954     LIBCMT:winapinls.obj
 0002:00002960       ??_C@_1M@DDNJFGID@?$AAf?$AAi?$AA?9?$AAF?$AAI?$AA?$AA@ 00415960     LIBCMT:winapinls.obj
 0002:0000296c       ??_C@_1M@GLIPPMAC@?$AAf?$AAr?$AA?9?$AAF?$AAR?$AA?$AA@ 0041596c     LIBCMT:winapinls.obj
 0002:00002978       ??_C@_1M@GFMCHPE@?$AAh?$AAe?$AA?9?$AAI?$AAL?$AA?$AA@ 00415978     LIBCMT:winapinls.obj
 0002:00002984       ??_C@_1M@MHLPGNKM@?$AAh?$AAu?$AA?9?$AAH?$AAU?$AA?$AA@ 00415984     LIBCMT:winapinls.obj
 0002:00002990       ??_C@_1M@LPDDNNPN@?$AAi?$AAs?$AA?9?$AAI?$AAS?$AA?$AA@ 00415990     LIBCMT:winapinls.obj
 0002:0000299c       ??_C@_1M@MADIPODN@?$AAi?$AAt?$AA?9?$AAI?$AAT?$AA?$AA@ 0041599c     LIBCMT:winapinls.obj
 0002:000029a8       ??_C@_1M@IHBJJGG@?$AAn?$AAl?$AA?9?$AAN?$AAL?$AA?$AA@ 004159a8     LIBCMT:winapinls.obj
[...]
 0001:00000020       ??__E?_System_object@?$_Error_objects@H@std@@2V_System_error_category@2@A@@YAXXZ 00401020 f   smtpmail.obj
 0001:000007fd       __catch$?_Copy@?$basic_string@DU?$char_traits@D@std@@V?$allocator@D@2@@std@@QAEXII@Z$0 004017fd f i smtpmail.obj
 0001:00000892       __catch$?_Copy@?$basic_string@DU?$char_traits@D@std@@V?$allocator@D@2@@std@@QAEXII@Z$1 00401892 f i smtpmail.obj
 0001:00000fe0       $$000000                   00401fe0     LIBCMT:strrchr.obj
 0001:00001120       $$000000                   00402120     LIBCMT:memcpy.obj
 0001:00001370       LeadUpVec                  00402370     LIBCMT:memcpy.obj
 0001:000013ec       UnwindUpVec                004023ec     LIBCMT:memcpy.obj
 0001:00001458       TrailUpVec                 00402458     LIBCMT:memcpy.obj
 0001:000014fc       LeadDownVec                004024fc     LIBCMT:memcpy.obj
 0001:00001588       UnwindDownVec              00402588     LIBCMT:memcpy.obj
 0001:000015f4       TrailDownVec               004025f4     LIBCMT:memcpy.obj
 0001:00001770       $$000000                   00402770     LIBCMT:memset.obj
 0001:00001800       $$000000                   00402800     LIBCMT:strstr.obj
 0001:00001af8       __onexit_nolock            00402af8 f   LIBCMT:onexit.obj
 0001:00001f50       _flsall                    00402f50 f   LIBCMT:fflush.obj
 0001:00002641       __initterm                 00403641 f   LIBCMT:crt0dat.obj
 0001:000026ab       _doexit                    004036ab f   LIBCMT:crt0dat.obj
 0001:00002810       $$000000                   00403810     LIBCMT:memmove.obj
 0001:00002a60       LeadUpVec                  00403a60     LIBCMT:memmove.obj
 0001:00002adc       UnwindUpVec                00403adc     LIBCMT:memmove.obj
 0001:00002b48       TrailUpVec                 00403b48     LIBCMT:memmove.obj
 0001:00002bec       LeadDownVec                00403bec     LIBCMT:memmove.obj
 0001:00002c78       UnwindDownVec              00403c78     LIBCMT:memmove.obj
 0001:00002ce4       TrailDownVec               00403ce4     LIBCMT:memmove.obj
 0001:00002e60       $$000000                   00403e60     LIBCMT:strchr.obj
 0001:0000328f       ?CatchGuardHandler@@YA?AW4_EXCEPTION_DISPOSITION@@PAUEHExceptionRecord@@PAUCatchGuardRN@@PAX2@Z 0040428f f   LIBCMT:_trnsctrl_.obj
 0001:000032c0       ?TranslatorGuardHandler@@YA?AW4_EXCEPTION_DISPOSITION@@PAUEHExceptionRecord@@PAUTranslatorGuardRN@@PAX2@Z 004042c0 f   LIBCMT:_trnsctrl_.obj
 0001:0000373d       ___tmainCRTStartup         0040473d f   LIBCMT:crt0.obj
 0001:00003891       _fast_error_exit           00404891 f   LIBCMT:crt0.obj
 0001:00004992       $LN277                     00405992     LIBCMT:output.obj
 0001:000049b2       _write_char                004059b2 f   LIBCMT:output.obj
 0001:000049fa       _write_multi_char          004059fa f   LIBCMT:output.obj
 0001:00004a26       _write_string              00405a26 f   LIBCMT:output.obj
 0001:00004be0       $$000000                   00405be0     LIBCMT:sehprolg4.obj
 0001:00004de0       $$000000                   00405de0     LIBCMT:sqrt.obj
 0001:00006b60       $$000000                   00407b60     LIBCMT:exsup4.obj
 0001:00006bf0       __unwind_handler4          00407bf0 f   LIBCMT:exsup4.obj
 0001:00007781       _siglookup                 00408781 f   LIBCMT:winsig.obj
 0001:000077e6       ?CPtoLocaleName@@YAPB_WH@Z 004087e6 f   LIBCMT:mbctype.obj
 0001:00007820       ?getSystemCP@@YAHH@Z       00408820 f   LIBCMT:mbctype.obj
 0001:0000788e       ?setSBCS@@YAXPAUthreadmbcinfostruct@@@Z 0040888e f   LIBCMT:mbctype.obj
 0001:000078ed       ?setSBUpLow@@YAXPAUthreadmbcinfostruct@@@Z 004088ed f   LIBCMT:mbctype.obj
 0001:00007eb8       ?strtoxl@@YAKPAUlocaleinfo_struct@@PBDPAPBDHH@Z 00408eb8 f   LIBCMT:strtol.obj
 0001:00008140       $$000000                   00409140     LIBCMT:lldiv.obj
 0001:000081f0       $$000000                   004091f0     LIBCMT:llmul.obj
 0001:00008230       $$000000                   00409230     LIBCMT:ulldiv.obj
 0001:000085a0       $$000000                   004095a0     LIBCMT:lowhelpr.obj
 0001:000086d1       ?CallCatchBlock@@YAPAXPAUEHExceptionRecord@@PAUEHRegistrationNode@@PAU_CONTEXT@@PBU_s_FuncInfo@@PAXHK@Z 004096d1 f   LIBCMT:frame.obj
 0001:00008897       ?CallUnexpected@@YAXPBU_s_ESTypeList@@@Z 00409897 f   LIBCMT:frame.obj
 0001:000088bf       __catch$?CallUnexpected@@YAXPBU_s_ESTypeList@@@Z$0 004098bf f   LIBCMT:frame.obj
 0001:000088d7       ?CatchIt@@YAXPAUEHExceptionRecord@@PAUEHRegistrationNode@@PAU_CONTEXT@@PAXPBU_s_FuncInfo@@PBU_s_HandlerType@@PBU_s_CatchableType@@PBU_s_TryBlockMapEntry@@H1E@Z 004098d7 f   LIBCMT:frame.obj
 0001:00008952       ?ExFilterRethrow@@YAHPAU_EXCEPTION_POINTERS@@@Z 00409952 f   LIBCMT:frame.obj
 0001:0000899f       ?FindHandler@@YAXPAUEHExceptionRecord@@PAUEHRegistrationNode@@PAU_CONTEXT@@PAXPBU_s_FuncInfo@@EH1@Z 0040999f f   LIBCMT:frame.obj
 0001:00008d3c       ?FindHandlerForForeignException@@YAXPAUEHExceptionRecord@@PAUEHRegistrationNode@@PAU_CONTEXT@@PAXPBU_s_FuncInfo@@HH1@Z 00409d3c f   LIBCMT:frame.obj
 0001:00008e58       ?IsInExceptionSpec@@YAEPAUEHExceptionRecord@@PBU_s_ESTypeList@@@Z 00409e58 f   LIBCMT:frame.obj
 0001:000093d0       $$000000                   0040a3d0     LIBCMT:strcmp.obj
 0001:000098ee       __cftoe2_l                 0040a8ee f   LIBCMT:cvt.obj
 0001:00009b0d       __cftof2_l                 0040ab0d f   LIBCMT:cvt.obj
 0001:00009f43       __shift                    0040af43 f   LIBCMT:cvt.obj
 0001:0000a1ef       _parse_cmdline             0040b1ef f   LIBCMT:stdargv.obj
 0001:0000ab80       $$000000                   0040bb80     LIBCMT:strlen.obj
 0001:0000ad50       $$000000                   0040bd50     LIBCMT:ulldvrm.obj
 0001:0000af40       $$000000                   0040bf40     LIBCMT:87disp.obj
 0001:0000b110       $$000000                   0040c110     LIBCMT:genexcep.obj
 0001:0000b170       $$000000                   0040c170     LIBCMT:common.obj
 0001:0000b820       $$000000                   0040c820     LIBCMT:chkstk.obj
 0001:0000c530       $$000000                   0040d530     LIBCMT:exsup.obj
 0001:0000c550       __unwind_handler           0040d550 f   LIBCMT:exsup.obj
 0001:0000c9f5       ?__crtLCMapStringA_stat@@YAHPAUlocaleinfo_struct@@PB_WKPBDHPADHHH@Z 0040d9f5 f   LIBCMT:a_map.obj
 0001:0000cc3f       ?__crtGetStringTypeA_stat@@YAHPAUlocaleinfo_struct@@KPBDHPAGHH@Z 0040dc3f f   LIBCMT:a_str.obj
 0001:0000d6c0       $$000000                   0040e6c0     LIBCMT:lldvrm.obj
 0001:0000d7a0       $$000000                   0040e7a0     LIBCMT:ullshr.obj
 0001:0000d81c       ?x_ismbbtype_l@@YAHPAUlocaleinfo_struct@@IHH@Z 0040e81c f   LIBCMT:ismbbyte.obj
 0001:0000dd70       $$000000                   0040ed70     LIBCMT:alloca16.obj
 0001:0000dedb       ___createFile              0040eedb f   LIBCMT:wopen.obj
 0001:0000e6c0       $$000000                   0040f6c0     LIBCMT:strncmp.obj
 0001:0000fabc       $LN333                     00410abc     LIBCMT:strgtold.obj
 0001:000104c0       ___hw_cw_sse2              004114c0 f   LIBCMT:ieee87.obj
 0001:0001086b       __hw_cw                    0041186b f   LIBCMT:ieee87.obj
 0001:00010bb0       $$000000                   00411bb0     LIBCMT:_strnicm.obj
 0001:000110c0       __ehhandler$?_Copy@?$basic_string@DU?$char_traits@D@std@@V?$allocator@D@2@@std@@QAEXII@Z 004120c0 f   smtpmail.obj
 0001:000110ca       __ehhandler$?CallUnexpected@@YAXPBU_s_ESTypeList@@@Z 004120ca f   LIBCMT:frame.obj
 0001:000110f0       ??__F?_Generic_object@?$_Error_objects@H@std@@2V_Generic_error_category@2@A@@YAXXZ 004120f0 f   smtpmail.obj
 0001:00011100       ??__F?_Iostream_object@?$_Error_objects@H@std@@2V_Iostream_error_category@2@A@@YAXXZ 00412100 f   smtpmail.obj
 0001:00011110       ??__F?_System_object@?$_Error_objects@H@std@@2V_System_error_category@2@A@@YAXXZ 00412110 f   smtpmail.obj
 0002:0000013c       ?_Generic_object$initializer$@?$_Error_objects@H@std@@2P6AXXZA 0041313c     smtpmail.obj
 0002:00000140       ?_Iostream_object$initializer$@?$_Error_objects@H@std@@2P6AXXZA 00413140     smtpmail.obj
 0002:00000144       ?_System_object$initializer$@?$_Error_objects@H@std@@2P6AXXZA 00413144     smtpmail.obj
 0002:00000150       _pinit                     00413150     LIBCMT:onexit.obj
 0002:00000154       _pinit                     00413154     LIBCMT:_file.obj
 0002:00000158       _pinit                     00413158     LIBCMT:cpu_disp.obj
 0002:0000015c       _pinit                     0041315c     LIBCMT:mbctype.obj
 0002:00000160       _pinit                     00413160     LIBCMT:crt0.obj
 0002:0000016c       _pterm                     0041316c     LIBCMT:wsetloca.obj
 0002:00000170       _pterm                     00413170     LIBCMT:initcon.obj
 0002:00000174       _pterm                     00413174     LIBCMT:_file.obj
 0002:00000514       ?ExceptionTemplate@?1??_CxxThrowException@@9@8@4UEHExceptionRecord@@B 00413514     LIBCMT:throw.obj
 0002:0000067c       ?ccsField@?P@??_openfile@@9@9 0041367c     LIBCMT:_open.obj
 0002:00000680       ?utf8encoding@?P@??_openfile@@9@9 00413680     LIBCMT:_open.obj
 0002:00000688       ?utf16encoding@?P@??_openfile@@9@9 00413688     LIBCMT:_open.obj
 0002:00000694       ?unicodeencoding@?P@??_openfile@@9@9 00413694     LIBCMT:_open.obj
 0002:000009e0       _rterrs                    004139e0     LIBCMT:crt0msg.obj
 0002:00001444       __mb_locale_names          00414444     LIBCMT:mbctype.obj
 0002:00003944       One                        00416944     LIBCMT:87disp.obj
 0002:0000394c       XAMtoTagTab                0041694c     LIBCMT:87disp.obj
 0002:00003960       One                        00416960     LIBCMT:common.obj
 0002:00003974       DblMax                     00416974     LIBCMT:common.obj
 0002:0000397c       DblMin                     0041697c     LIBCMT:common.obj
 0002:00003984       IeeeAdjO                   00416984     LIBCMT:common.obj
 0002:0000398c       IeeeAdjU                   0041698c     LIBCMT:common.obj
 0002:00003994       _infinity                  00416994     LIBCMT:common.obj
 0002:0000399c       _zero                      0041699c     LIBCMT:common.obj
 0002:00003a20       __first_127char            00416a20     LIBCMT:wsetloca.obj
 0002:00003aa0       _GS_ExceptionPointers      00416aa0     LIBCMT:gs_report.obj
 0002:00003ac8       _tokenTable                00416ac8     LIBCMT:undname.obj
 0002:00003b00       _nameTable                 00416b00     LIBCMT:undname.obj
 0002:00003c40       _rttiTable                 00416c40     LIBCMT:undname.obj
 0002:00004aa8       __Win_errtab               00417aa8     libcpmt:syserror.obj
 0002:00004d00       __Sys_errtab               00417d00     libcpmt:syserror.obj
 0002:00005c28       __catchsym$?_Copy@?$basic_string@DU?$char_traits@D@std@@V?$allocator@D@2@@std@@QAEXII@Z$5 00418c28     smtpmail.obj
 0002:00005c38       __catchsym$?_Copy@?$basic_string@DU?$char_traits@D@std@@V?$allocator@D@2@@std@@QAEXII@Z$4 00418c38     smtpmail.obj
 0002:00005c48       __unwindtable$?_Copy@?$basic_string@DU?$char_traits@D@std@@V?$allocator@D@2@@std@@QAEXII@Z 00418c48     smtpmail.obj
 0002:00005c68       __ehfuncinfo$?_Copy@?$basic_string@DU?$char_traits@D@std@@V?$allocator@D@2@@std@@QAEXII@Z 00418c68     smtpmail.obj
 0002:00005c8c       __tryblocktable$?_Copy@?$basic_string@DU?$char_traits@D@std@@V?$allocator@D@2@@std@@QAEXII@Z 00418c8c     smtpmail.obj
 0002:00005cb8       __sehtable$__onexit        00418cb8     LIBCMT:onexit.obj
 0002:00005cd8       __sehtable$_fclose         00418cd8     LIBCMT:fclose.obj
 0002:00005cf8       __sehtable$_fflush         00418cf8     LIBCMT:fflush.obj
 0002:00005d18       __sehtable$_flsall         00418d18     LIBCMT:fflush.obj
 0002:00005d40       __sehtable$_fgets          00418d40     LIBCMT:fgets.obj
 0002:00005d60       __sehtable$__fsopen        00418d60     LIBCMT:fopen.obj
 0002:00005d80       __sehtable$_printf         00418d80     LIBCMT:printf.obj
 0002:00005da0       __sehtable$_vprintf_helper 00418da0     LIBCMT:vprintf.obj
 0002:00005dc0       __sehtable$_doexit         00418dc0     LIBCMT:crt0dat.obj
 0002:00005de0       __sehtable$___tmainCRTStartup 00418de0     LIBCMT:crt0.obj
 0002:00005e00       __sehtable$___set_fpsr_sse2 00418e00     LIBCMT:fpctrl.obj
 0002:00005e20       __sehtable$__fcloseall     00418e20     LIBCMT:closeall.obj
 0002:00005e40       __sehtable$__mtinitlocknum 00418e40     LIBCMT:mlock.obj
 0002:00005e60       __sehtable$__close         00418e60     LIBCMT:close.obj
 0002:00005e80       __sehtable$__commit        00418e80     LIBCMT:commit.obj
 0002:00005ea0       __sehtable$__write         00418ea0     LIBCMT:write.obj
 0002:00005ec0       __sehtable$__ioinit        00418ec0     LIBCMT:ioinit.obj
 0002:00005ee0       __sehtable$__getstream     00418ee0     LIBCMT:stream.obj
 0002:00005f00       __sehtable$__IsNonwritableInCurrentImage 00418f00     LIBCMT:pesect.obj
 0002:00005f20       __sehtable$?terminate@@YAXXZ 00418f20     LIBCMT:hooks.obj
 0002:00005f40       __sehtable$?_inconsistency@@YAXXZ 00418f40     LIBCMT:hooks.obj
 0002:00005f60       __sehtable$_raise          00418f60     LIBCMT:winsig.obj
 0002:00005f80       __sehtable$___updatetmbcinfo 00418f80     LIBCMT:mbctype.obj
 0002:00005fa0       __sehtable$__setmbcp       00418fa0     LIBCMT:mbctype.obj
 0002:00005fc0       __sehtable$__freefls@4     00418fc0     LIBCMT:tidtable.obj
 0002:00005fe8       __sehtable$__initptd       00418fe8     LIBCMT:tidtable.obj
 0002:00006010       __sehtable$___FrameUnwindToState 00419010     LIBCMT:frame.obj
 0002:00006038       __sehtable$?CallCatchBlock@@YAPAXPAUEHExceptionRecord@@PAUEHRegistrationNode@@PAU_CONTEXT@@PBU_s_FuncInfo@@PAXHK@Z 00419038     LIBCMT:frame.obj
 0002:00006060       __sehtable$___BuildCatchObject 00419060     LIBCMT:frame.obj
 0002:00006080       __sehtable$___DestructExceptionObject 00419080     LIBCMT:frame.obj
 0002:0000609c       __catchsym$?CallUnexpected@@YAXPBU_s_ESTypeList@@@Z$2 0041909c     LIBCMT:frame.obj
 0002:000060ac       __unwindtable$?CallUnexpected@@YAXPBU_s_ESTypeList@@@Z 004190ac     LIBCMT:frame.obj
 0002:000060bc       __tryblocktable$?CallUnexpected@@YAXPBU_s_ESTypeList@@@Z 004190bc     LIBCMT:frame.obj
 0002:000060d0       __ehfuncinfo$?CallUnexpected@@YAXPBU_s_ESTypeList@@@Z 004190d0     LIBCMT:frame.obj
 0002:000060f8       __sehtable$___BuildCatchObjectHelper 004190f8     LIBCMT:frame.obj
 0002:00006168       __sehtable$?_Type_info_dtor@type_info@@CAXPAV1@@Z 00419168     LIBCMT:typname.obj
 0002:00006188       __sehtable$__lseeki64      00419188     LIBCMT:lseeki64.obj
 0002:000061a8       __sehtable$___updatetlocinfo 004191a8     LIBCMT:localref.obj
 0002:000061c8       __sehtable$__alloc_osfhnd  004191c8     LIBCMT:osfinfo.obj
 0002:000061f0       __sehtable$___lock_fhandle 004191f0     LIBCMT:osfinfo.obj
 0002:00006210       __sehtable$__read          00419210     LIBCMT:read.obj
 0002:00006230       __sehtable$__sopen_helper  00419230     LIBCMT:open.obj
 0002:00006250       __sehtable$__locterm       00419250     LIBCMT:wsetloca.obj
 0002:000064c0       .idata$6                   004194c0     ws2_32:WS2_32.dll
 0002:000064da       .idata$6                   004194da     tier0:tier0.dll
 0002:00006976       .idata$6                   00419976     kernel32:KERNEL32.dll
 0003:00000004       _months                    0041a004     smtpmail.obj
 0003:000002d0       _errtable                  0041a2d0     LIBCMT:dosmap.obj
 0003:00000438       _ErrnoNoMem                0041a438     LIBCMT:dosmap.obj
 0003:0000043c       _DoserrorNoMem             0041a43c     LIBCMT:dosmap.obj
 0003:00000450       _NAME_                     0041a450     LIBCMT:sqrt.obj
 0003:00000480       ?_names@?1??_get_fname@@9@9 0041a480     LIBCMT:fpexcept.obj
 0003:00000568       _over                      0041a568     LIBCMT:fpctrl.obj
 0003:00000574       _under                     0041a574     LIBCMT:fpctrl.obj
 0003:00000580       ?__DAZ_ENABLED@?1??__set_fpsr_sse2@@9@9 0041a580     LIBCMT:fpctrl.obj
 0003:00000588       __locktable                0041a588     LIBCMT:mlock.obj
 0003:000006f8       ?isPackaged@?1??__crtIsPackagedApp@@9@9 0041a6f8     LIBCMT:winapisupp.obj
 0003:00000b50       ___rgctypeflag             0041ab50     LIBCMT:mbctype.obj
 0003:00000b58       ___rgcode_page_info        0041ab58     LIBCMT:mbctype.obj
 0003:00001030       __ctype_loc_style          0041b030     LIBCMT:wsetloca.obj
 0003:000010c8       _DoubleFormat              0041b0c8     LIBCMT:intrncvt.obj
 0003:000010e0       _FloatFormat               0041b0e0     LIBCMT:intrncvt.obj
 0003:00001544       ?dummy@?4??MakeModuleFileName@@YAPBDXZ@4HA 0041b544     memoverride.obj
 0003:00001548       ?pszOwner@?1??AllocUnattributed@@YAPAXI@Z@4PBDB 0041b548     memoverride.obj
 0003:0000154c       ?$S1@?1??AllocUnattributed@@YAPAXI@Z@4IA 0041b54c     memoverride.obj
 0003:00001550       ?pszOwner@?1??ReallocUnattributed@@YAPAXPAXI@Z@4PBDB 0041b550     memoverride.obj
 0003:00001554       ?$S2@?1??ReallocUnattributed@@YAPAXPAXI@Z@4IA 0041b554     memoverride.obj
 0003:00001558       _g_SocketReport            0041b558     simplesocket.obj
 0003:0000155c       _allocator_arg             0041b55c     smtpmail.obj
 0003:0000155d       _piecewise_construct       0041b55d     smtpmail.obj
 0003:00001560       _g_ArgCount                0041b560     smtpmail.obj
 0003:00001564       _g_Args                    0041b564     smtpmail.obj
 0003:0000157c       ___enable_percent_n        0041b57c     LIBCMT:printf.obj
 0003:000015d0       _lclcritsects              0041b5d0     LIBCMT:mlock.obj
 0003:00001830       ?outmsg@?9??_NMSG_WRITE@@9@9 0041b830     LIBCMT:crt0msg.obj
 0003:00001e60       _ctrlc_action              0041be60     LIBCMT:winsig.obj
 0003:00001e64       _ctrlbreak_action          0041be64     LIBCMT:winsig.obj
 0003:00001e68       _abort_action              0041be68     LIBCMT:winsig.obj
 0003:00001e6c       _term_action               0041be6c     LIBCMT:winsig.obj
 0003:00001e70       _ConsoleCtrlHandler_Installed 0041be70     LIBCMT:winsig.obj
 0003:00001e74       _g_pfnRtlGenRandom         0041be74     LIBCMT:rand_s.obj
 0003:00001e90       _fSystemSet                0041be90     LIBCMT:mbctype.obj
 0003:00001e98       ___type_info_root_node     0041be98     LIBCMT:typname.obj
 0003:00001ea0       ?_pgmname@?1??_setargv@@9@9 0041bea0     LIBCMT:stdargv.obj
 0003:00001fac       ___crtCallProc             0041bfac     LIBCMT:winapinls.obj
 0003:00001fb4       ?pfnMessageBox@?1??__crtMessageBoxW@@9@9 0041bfb4     LIBCMT:crtmboxw.obj
 0003:00001fb8       ?pfnGetActiveWindow@?1??__crtMessageBoxW@@9@9 0041bfb8     LIBCMT:crtmboxw.obj
 0003:00001fbc       ?pfnGetLastActivePopup@?1??__crtMessageBoxW@@9@9 0041bfbc     LIBCMT:crtmboxw.obj
 0003:00001fc0       ?pfnGetProcessWindowStation@?1??__crtMessageBoxW@@9@9 0041bfc0     LIBCMT:crtmboxw.obj
 0003:00001fc4       ?pfnGetUserObjectInformation@?1??__crtMessageBoxW@@9@9 0041bfc4     LIBCMT:crtmboxw.obj
 0003:00001fd0       _GS_ExceptionRecord        0041bfd0     LIBCMT:gs_report.obj
 0003:00002020       _GS_ContextRecord          0041c020     LIBCMT:gs_report.obj
 0003:000022ec       _DebuggerWasPresent        0041c2ec     LIBCMT:gs_report.obj
 0003:00002318       _heap                      0041c318     LIBCMT:undname.obj
 0003:0000233c       __Tuple_alloc              0041c33c     libcpmt:xthrow.obj
 0003:0000233d       _ignore                    0041c33d     libcpmt:xthrow.obj
 0003:0000233e       _allocator_arg             0041c33e     libcpmt:xthrow.obj
 0003:0000233f       _piecewise_construct       0041c33f     libcpmt:xthrow.obj
 0003:00002340       _allocator_arg             0041c340     libcpmt:syserror.obj
 0003:00002341       _piecewise_construct       0041c341     libcpmt:syserror.obj
