addons\chess\Chess.dll
addons\chess\chess.vdf
addons\chess\chess_chinese.txt
addons\chess\chess_english.txt
addons\chess\chess_french.txt
addons\chess\chess_german.txt
addons\chess\chess_italian.txt
addons\chess\chess_korean.txt
addons\chess\chess_spanish.txt
addons\chess\DialogChessHistory.res
addons\chess\DialogChessPawnPromote.res
addons\chess\DialogGameChess.res
addons\chess\piece_black_bishop.tga
addons\chess\piece_black_king.tga
addons\chess\piece_black_knight.tga
addons\chess\piece_black_pawn.tga
addons\chess\piece_black_queen.tga
addons\chess\piece_black_rook.tga
addons\chess\piece_white_bishop.tga
addons\chess\piece_white_king.tga
addons\chess\piece_white_knight.tga
addons\chess\piece_white_pawn.tga
addons\chess\piece_white_queen.tga
addons\chess\piece_white_rook.tga
addons\common\AddOnDialogWaiting.res
addons\common\board_checkered_LL.tga
addons\common\board_checkered_LR.tga
addons\common\board_checkered_UL.tga
addons\common\board_checkered_UR.tga
addons\common\board_label_1.tga
addons\common\board_label_2.tga
addons\common\board_label_3.tga
addons\common\board_label_4.tga
addons\common\board_label_5.tga
addons\common\board_label_6.tga
addons\common\board_label_7.tga
addons\common\board_label_8.tga
addons\common\board_label_A.tga
addons\common\board_label_B.tga
addons\common\board_label_C.tga
addons\common\board_label_D.tga
addons\common\board_label_E.tga
addons\common\board_label_F.tga
addons\common\board_label_G.tga
addons\common\board_label_H.tga
addons\common\DialogColorChoice.res
addons\common\DialogWaiting.res
addons\common\piece_black_move.tga
addons\common\piece_blank_selected.tga
addons\common\piece_red_lastmove.tga
addons\common\piece_red_move.tga
addons\common\piece_red_selected.tga
addons\common\piece_white_move.tga
addons\common\player_black_marker.tga
addons\common\player_red_marker.tga
addons\common\player_white_marker.tga
addons\common\SteamAddOns_chinese.txt
addons\common\SteamAddOns_english.txt
addons\common\SteamAddOns_french.txt
addons\common\SteamAddOns_german.txt
addons\common\SteamAddOns_italian.txt
addons\common\SteamAddOns_korean.txt
addons\common\SteamAddOns_spanish.txt
addons\common\turn_marker.tga
addons\common\TwoPlayerColorChoiceDialog.res

