addons\common\AddOnDialogWaiting.res
addons\common\DialogColorChoice.res
addons\common\DialogWaiting.res
addons\common\piece_black_move.tga
addons\common\piece_blank_selected.tga
addons\common\piece_red_lastmove.tga
addons\common\piece_red_move.tga
addons\common\piece_red_selected.tga
addons\common\piece_white_move.tga
addons\common\player_black_marker.tga
addons\common\player_red_marker.tga
addons\common\player_white_marker.tga
addons\common\SteamAddOns_chinese.txt
addons\common\SteamAddOns_english.txt
addons\common\SteamAddOns_french.txt
addons\common\SteamAddOns_german.txt
addons\common\SteamAddOns_italian.txt
addons\common\SteamAddOns_korean.txt
addons\common\SteamAddOns_spanish.txt
addons\common\turn_marker.tga
addons\common\TwoPlayerColorChoiceDialog.res
addons\go\board_go_bw.tga
addons\go\board_go_LL.tga
addons\go\board_go_LR.tga
addons\go\board_go_UL.tga
addons\go\board_go_UR.tga
addons\go\DialogGameGo.res
addons\go\DialogGoHistory.res
addons\go\DialogGoScore.res
addons\go\Go.dll
addons\go\go.vdf
addons\go\go_chinese.txt
addons\go\go_english.txt
addons\go\go_french.txt
addons\go\go_german.txt
addons\go\go_italian.txt
addons\go\go_korean.txt
addons\go\go_spanish.txt
addons\go\piece_go_black.tga
addons\go\piece_go_black2.tga
addons\go\piece_go_black_dead.tga
addons\go\piece_go_black_lastmove.tga
addons\go\piece_go_black_mydead.tga
addons\go\piece_go_black_oppdead.tga
addons\go\piece_go_black_over.tga
addons\go\piece_go_gray2.tga
addons\go\piece_go_white.tga
addons\go\piece_go_white2.tga
addons\go\piece_go_white_dead.tga
addons\go\piece_go_white_lastmove.tga
addons\go\piece_go_white_mydead.tga
addons\go\piece_go_white_oppdead.tga
addons\go\piece_go_white_over.tga

